[22:35:40] Connecté à 127.0.0.1:1337
[22:37:31] Connecté à 127.0.0.2:1337
[22:39:42] Connecté à 127.0.0.2:1337
[22:39:42] État initial : T05thread:0E000700;
[22:39:42] Surveillance write 0x34A4D7AC (4 octets) : OK
[22:39:42] Surveillance write 0x34A4D7B0 (4 octets) : refusé (E01)
[22:39:42] Surveillance write 0x34A4D7CC (4 octets) : refusé (E01)
[22:39:42] Jeu relancé. Ctrl+C ou création de C:\Users\2dcra\OneDrive\Documents\ArchiPelago Lab\Pikmin 3\tools\.probe_state\gdb_stop pour arrêter.
[22:43:16] Connecté à 127.0.0.2:1337
[22:43:16] État initial : T05thread:0E000700;
[22:43:16] Surveillance write 0x34A4D7AC (4 octets) : OK
[22:43:16] Jeu relancé. Ctrl+C ou création de C:\Users\2dcra\OneDrive\Documents\ArchiPelago Lab\Pikmin 3\tools\.probe_state\gdb_stop pour arrêter.
[22:43:17] ARRÊT (T05thread:10A6FE28;core:01;watch:34A4D7A) PC=0x00E02234 LR=0x031BE040 | 0x34A4D7AC : 0x00000000 (u32 0, f32 0) -> 0x40400000 (u32 1077936128, f32 3)
[22:43:17] ARRÊT (T05thread:10A6FE28;core:01;watch:34A4D7A) PC=0x00E02234 LR=0x031BE040 | 0x34A4D7AC : 0x40400000 (u32 1077936128, f32 3) -> 0x40400000 (u32 1077936128, f32 3)
[22:43:44] ARRÊT (T05thread:10A6FE28;core:01;watch:34A4D7A) PC=0x00E02234 LR=0x031BE040 | 0x34A4D7AC : 0x40400000 (u32 1077936128, f32 3) -> 0x40200000 (u32 1075838976, f32 2.5)
[22:43:47] ARRÊT (T05thread:34F91BD0;core:01;watch:34A4D7A) PC=0x00E02234 LR=0x031BE040 | 0x34A4D7AC : 0x40200000 (u32 1075838976, f32 2.5) -> 0x40200000 (u32 1075838976, f32 2.5)
[22:50:16] ARRÊT (T05thread:19F01B80;core:02;watch:34A4D7A) PC=0x02EE24A0 LR=0x02EE24A0 | 0x34A4D7AC : 0x40200000 (u32 1075838976, f32 2.5) -> 0x40000000 (u32 1073741824, f32 2)
[22:50:16] ARRÊT (T05thread:19F01B80;core:02;watch:34A4D7A) PC=0x02EE22D0 LR=0x02EE22D0 | 0x34A4D7AC : 0x40000000 (u32 1073741824, f32 2) -> 0x40000000 (u32 1073741824, f32 2)
[22:50:30] ARRÊT (T05thread:19F01B80;core:02;watch:34A4D7A) PC=0x0309AC90 LR=0x0309AC88 | 0x34A4D7AC : 0x40000000 (u32 1073741824, f32 2) -> 0x40400000 (u32 1077936128, f32 3)
[22:50:30] ARRÊT (T05thread:19F01B80;core:02;watch:34A4D7A) PC=0x0309AC90 LR=0x0309AC88 | 0x34A4D7AC : 0x40400000 (u32 1077936128, f32 3) -> 0x40400000 (u32 1077936128, f32 3)
[22:50:34] ARRÊT (T05thread:19F01B80;core:02;watch:34A4D7A) PC=0x02FEF154 LR=0x02FEF318 | 0x34A4D7AC : 0x40400000 (u32 1077936128, f32 3) -> 0x40600000 (u32 1080033280, f32 3.5)
[22:50:41] ARRÊT (T05thread:19EF10D8;core:00;watch:34A4D7A) PC=0x0309AC90 LR=0x0309AC88 | 0x34A4D7AC : 0x40600000 (u32 1080033280, f32 3.5) -> 0x40600000 (u32 1080033280, f32 3.5)
[22:50:45] ARRÊT (T05thread:19F01B80;core:02;watch:34A4D7A) PC=0x031CFEF0 LR=0x031CFF2C | 0x34A4D7AC : 0x40600000 (u32 1080033280, f32 3.5) -> 0x40200000 (u32 1075838976, f32 2.5)
[22:53:04] Arrêt demandé : retrait des surveillances, le jeu continue.
