[19:44:14] Journal démarré : 0x34A4C000 + 0x4000, toutes les 0.5 s
[19:44:25] 0x34A4FF5C (0x34A4FF5C) : 0x01 -> 0x03
[19:44:25] 0x34A4FFFF (0x34A4FFFF) : 0x06 -> 0x02
[19:45:19] état+0x9e7 (0x34A4E143) : 0x00 -> 0x01
[19:45:19] état+0x9f3 (0x34A4E14F) : 0x54 -> 0x5C
[19:45:19] état+0x9f8 (0x34A4E154) : 0x34 -> 0x06
[19:45:19] état+0x9f9 (0x34A4E155) : 0xA4 -> 0x00
[19:45:19] état+0x9fa (0x34A4E156) : 0xE1 -> 0x00
[19:45:19] état+0x9fb (0x34A4E157) : 0x5C -> 0x1D
[19:45:19] état+0x9ff (0x34A4E15B) : 0x00 -> 0x72
[19:45:19] état+0x11f8 (0x34A4E954) : 0x00 -> 0x34
[19:45:19] état+0x11f9 (0x34A4E955) : 0x00 -> 0xA4
[19:45:19] état+0x11fa (0x34A4E956) : 0x00 -> 0xE1
[19:45:19] état+0x11fb (0x34A4E957) : 0x00 -> 0x54
[19:46:00] 0x34A4FF5C (0x34A4FF5C) : 0x03 -> 0x07
[19:47:44] état+0x9e7 (0x34A4E143) : 0x01 -> 0x02
[19:47:44] état+0x9f3 (0x34A4E14F) : 0x5C -> 0x64
[19:47:44] état+0xa00 (0x34A4E15C) : 0x34 -> 0x06
[19:47:44] état+0xa01 (0x34A4E15D) : 0xA4 -> 0x00
[19:47:44] état+0xa02 (0x34A4E15E) : 0xE1 -> 0x00
[19:47:44] état+0xa03 (0x34A4E15F) : 0x64 -> 0x23
[19:47:44] état+0xa07 (0x34A4E163) : 0x00 -> 0x6E
[19:47:44] état+0x11fc (0x34A4E958) : 0x00 -> 0x34
[19:47:44] état+0x11fd (0x34A4E959) : 0x00 -> 0xA4
[19:47:44] état+0x11fe (0x34A4E95A) : 0x00 -> 0xE1
[19:47:44] état+0x11ff (0x34A4E95B) : 0x00 -> 0x5C
[19:48:12] 0x34A4FF7F (0x34A4FF7F) : 0x32 -> 0x33
[19:48:12] 0x34A4FFFF (0x34A4FFFF) : 0x02 -> 0x03
[19:48:51] 0x34A4FECB (0x34A4FECB) : 0x52 -> 0x5A
[19:48:53] état+0x05b (0x34A4D7B7) : 0x9A -> 0xDA
[19:49:21] 0x34A4FF5D (0x34A4FF5D) : 0x5F -> 0xDF
[19:49:21] 0x34A4FFFF (0x34A4FFFF) : 0x03 -> 0x02
[19:50:14] état+0x21f (0x34A4D97B) : 0x00 -> 0x01
[19:50:14] état+0x22f (0x34A4D98B) : 0x01 -> 0x02
[19:50:14] état+0x3f3 (0x34A4DB4F) : 0x00 -> 0x07
[19:50:14] état+0x403 (0x34A4DB5F) : 0x06 -> 0x07
[19:50:14] état+0x55b (0x34A4DCB7) : 0x00 -> 0x01
[19:50:14] état+0x56b (0x34A4DCC7) : 0x01 -> 0x02
[19:50:14] état+0x57f (0x34A4DCDB) : 0x00 -> 0x17
[19:50:14] état+0x58f (0x34A4DCEB) : 0x16 -> 0x17
[19:50:28] 0x34A4FD97 (0x34A4FD97) : 0x00 -> 0x08
[19:50:38] 0x34A4FE31 (0x34A4FE31) : 0x08 -> 0x09
[19:52:50] 0x34A4FD89 (0x34A4FD89) : 0x28 -> 0x38
[19:54:03] état+0x814 (0x34A4DF70) : 0x00 -> 0x06
[19:54:03] état+0x817 (0x34A4DF73) : 0x00 -> 0x20
[19:54:03] état+0x81b (0x34A4DF77) : 0x00 -> 0x6B
[19:54:03] état+0x81f (0x34A4DF7B) : 0x00 -> 0x01
[19:54:03] état+0x9e7 (0x34A4E143) : 0x02 -> 0x03
[19:54:03] état+0x9f3 (0x34A4E14F) : 0x64 -> 0x6C
[19:54:03] état+0xa08 (0x34A4E164) : 0x34 -> 0x06
[19:54:03] état+0xa09 (0x34A4E165) : 0xA4 -> 0x00
[19:54:03] état+0xa0a (0x34A4E166) : 0xE1 -> 0x00
[19:54:03] état+0xa0b (0x34A4E167) : 0x6C -> 0x21
[19:54:03] état+0xa0f (0x34A4E16B) : 0x00 -> 0x6B
[19:54:03] état+0x1200 (0x34A4E95C) : 0x00 -> 0x34
[19:54:03] état+0x1201 (0x34A4E95D) : 0x00 -> 0xA4
[19:54:03] état+0x1202 (0x34A4E95E) : 0x00 -> 0xE1
[19:54:03] état+0x1203 (0x34A4E95F) : 0x00 -> 0x64
[19:54:04] état+0x81f (0x34A4DF7B) : 0x01 -> 0x03
[19:54:04] état+0x9e7 (0x34A4E143) : 0x03 -> 0x05
[19:54:04] état+0x9f3 (0x34A4E14F) : 0x6C -> 0x7C
[19:54:04] état+0xa10 (0x34A4E16C) : 0x34 -> 0x06
[19:54:04] état+0xa11 (0x34A4E16D) : 0xA4 -> 0x00
[19:54:04] état+0xa12 (0x34A4E16E) : 0xE1 -> 0x00
[19:54:04] état+0xa13 (0x34A4E16F) : 0x74 -> 0x21
[19:54:04] état+0xa17 (0x34A4E173) : 0x00 -> 0x6B
[19:54:04] état+0xa18 (0x34A4E174) : 0x34 -> 0x06
[19:54:04] état+0xa19 (0x34A4E175) : 0xA4 -> 0x00
[19:54:04] état+0xa1a (0x34A4E176) : 0xE1 -> 0x00
[19:54:04] état+0xa1b (0x34A4E177) : 0x7C -> 0x21
[19:54:04] état+0xa1f (0x34A4E17B) : 0x00 -> 0x6B
[19:54:04] état+0x1204 (0x34A4E960) : 0x00 -> 0x34
[19:54:04] état+0x1205 (0x34A4E961) : 0x00 -> 0xA4
[19:54:04] état+0x1206 (0x34A4E962) : 0x00 -> 0xE1
[19:54:04] état+0x1207 (0x34A4E963) : 0x00 -> 0x6C
[19:54:04] état+0x1208 (0x34A4E964) : 0x00 -> 0x34
[19:54:04] état+0x1209 (0x34A4E965) : 0x00 -> 0xA4
[19:54:04] état+0x120a (0x34A4E966) : 0x00 -> 0xE1
[19:54:04] état+0x120b (0x34A4E967) : 0x00 -> 0x74
[19:54:04] état+0x81f (0x34A4DF7B) : 0x03 -> 0x04
[19:54:04] état+0x9e7 (0x34A4E143) : 0x05 -> 0x06
[19:54:04] état+0x9f3 (0x34A4E14F) : 0x7C -> 0x84
[19:54:04] état+0xa20 (0x34A4E17C) : 0x34 -> 0x06
[19:54:04] état+0xa21 (0x34A4E17D) : 0xA4 -> 0x00
[19:54:04] état+0xa22 (0x34A4E17E) : 0xE1 -> 0x00
[19:54:04] état+0xa23 (0x34A4E17F) : 0x84 -> 0x21
[19:54:04] état+0xa27 (0x34A4E183) : 0x00 -> 0x6B
[19:54:04] état+0x120c (0x34A4E968) : 0x00 -> 0x34
[19:54:04] état+0x120d (0x34A4E969) : 0x00 -> 0xA4
[19:54:04] état+0x120e (0x34A4E96A) : 0x00 -> 0xE1
[19:54:04] état+0x120f (0x34A4E96B) : 0x00 -> 0x7C
[19:54:05] état+0x81f (0x34A4DF7B) : 0x04 -> 0x07
[19:54:05] état+0x9e7 (0x34A4E143) : 0x06 -> 0x09
[19:54:05] état+0x9f3 (0x34A4E14F) : 0x84 -> 0x9C
[19:54:05] état+0xa28 (0x34A4E184) : 0x34 -> 0x06
[19:54:05] état+0xa29 (0x34A4E185) : 0xA4 -> 0x00
[19:54:05] état+0xa2a (0x34A4E186) : 0xE1 -> 0x00
[19:54:05] état+0xa2b (0x34A4E187) : 0x8C -> 0x21
[19:54:05] état+0xa2f (0x34A4E18B) : 0x00 -> 0x6B
[19:54:05] état+0xa30 (0x34A4E18C) : 0x34 -> 0x06
[19:54:05] état+0xa31 (0x34A4E18D) : 0xA4 -> 0x00
[19:54:05] état+0xa32 (0x34A4E18E) : 0xE1 -> 0x00
[19:54:05] état+0xa33 (0x34A4E18F) : 0x94 -> 0x21
[19:54:05] état+0xa37 (0x34A4E193) : 0x00 -> 0x6B
[19:54:05] état+0xa38 (0x34A4E194) : 0x34 -> 0x06
[19:54:05] état+0xa39 (0x34A4E195) : 0xA4 -> 0x00
[19:54:05] état+0xa3a (0x34A4E196) : 0xE1 -> 0x00
[19:54:05] état+0xa3b (0x34A4E197) : 0x9C -> 0x21
[19:54:05] état+0xa3f (0x34A4E19B) : 0x00 -> 0x6B
[19:54:05] état+0x1210 (0x34A4E96C) : 0x00 -> 0x34
[19:54:05] état+0x1211 (0x34A4E96D) : 0x00 -> 0xA4
[19:54:05] état+0x1212 (0x34A4E96E) : 0x00 -> 0xE1
[19:54:05] état+0x1213 (0x34A4E96F) : 0x00 -> 0x84
[19:54:05] état+0x1214 (0x34A4E970) : 0x00 -> 0x34
[19:54:05] état+0x1215 (0x34A4E971) : 0x00 -> 0xA4
[19:54:05] état+0x1216 (0x34A4E972) : 0x00 -> 0xE1
[19:54:05] état+0x1217 (0x34A4E973) : 0x00 -> 0x8C
[19:54:05] état+0x1218 (0x34A4E974) : 0x00 -> 0x34
[19:54:05] état+0x1219 (0x34A4E975) : 0x00 -> 0xA4
[19:54:05] état+0x121a (0x34A4E976) : 0x00 -> 0xE1
[19:54:05] état+0x121b (0x34A4E977) : 0x00 -> 0x94
[19:54:05] (adresse bruyante ignorée désormais : 0x34A4DF7B)
[19:54:05] (adresse bruyante ignorée désormais : 0x34A4E143)
[19:54:05] (adresse bruyante ignorée désormais : 0x34A4E14F)
[19:54:05] état+0xa40 (0x34A4E19C) : 0x34 -> 0x06
[19:54:05] état+0xa41 (0x34A4E19D) : 0xA4 -> 0x00
[19:54:05] état+0xa42 (0x34A4E19E) : 0xE1 -> 0x00
[19:54:05] état+0xa43 (0x34A4E19F) : 0xA4 -> 0x21
[19:54:05] état+0xa47 (0x34A4E1A3) : 0x00 -> 0x6B
[19:54:05] état+0xa48 (0x34A4E1A4) : 0x34 -> 0x06
[19:54:05] état+0xa49 (0x34A4E1A5) : 0xA4 -> 0x00
[19:54:05] état+0xa4a (0x34A4E1A6) : 0xE1 -> 0x00
[19:54:05] état+0xa4b (0x34A4E1A7) : 0xAC -> 0x21
[19:54:05] état+0xa4f (0x34A4E1AB) : 0x00 -> 0x6B
[19:54:05] état+0xa50 (0x34A4E1AC) : 0x34 -> 0x06
[19:54:05] état+0xa51 (0x34A4E1AD) : 0xA4 -> 0x00
[19:54:05] état+0xa52 (0x34A4E1AE) : 0xE1 -> 0x00
[19:54:05] état+0xa53 (0x34A4E1AF) : 0xB4 -> 0x21
[19:54:05] état+0xa57 (0x34A4E1B3) : 0x00 -> 0x6B
[19:54:05] état+0xa58 (0x34A4E1B4) : 0x34 -> 0x06
[19:54:05] état+0xa59 (0x34A4E1B5) : 0xA4 -> 0x00
[19:54:05] état+0xa5a (0x34A4E1B6) : 0xE1 -> 0x00
[19:54:05] état+0xa5b (0x34A4E1B7) : 0xBC -> 0x21
[19:54:05] état+0xa5f (0x34A4E1BB) : 0x00 -> 0x6B
[19:54:05] état+0xa60 (0x34A4E1BC) : 0x34 -> 0x06
[19:54:05] état+0xa61 (0x34A4E1BD) : 0xA4 -> 0x00
[19:54:05] état+0xa62 (0x34A4E1BE) : 0xE1 -> 0x00
[19:54:05] état+0xa63 (0x34A4E1BF) : 0xC4 -> 0x21
[19:54:05] état+0xa67 (0x34A4E1C3) : 0x00 -> 0x6B
[19:54:05] état+0x121c (0x34A4E978) : 0x00 -> 0x34
[19:54:05] état+0x121d (0x34A4E979) : 0x00 -> 0xA4
[19:54:05] état+0x121e (0x34A4E97A) : 0x00 -> 0xE1
[19:54:05] état+0x121f (0x34A4E97B) : 0x00 -> 0x9C
[19:54:05] état+0x1220 (0x34A4E97C) : 0x00 -> 0x34
[19:54:05] état+0x1221 (0x34A4E97D) : 0x00 -> 0xA4
[19:54:05] état+0x1222 (0x34A4E97E) : 0x00 -> 0xE1
[19:54:05] état+0x1223 (0x34A4E97F) : 0x00 -> 0xA4
[19:54:05] état+0x1224 (0x34A4E980) : 0x00 -> 0x34
[19:54:05] état+0x1225 (0x34A4E981) : 0x00 -> 0xA4
[19:54:05] état+0x1226 (0x34A4E982) : 0x00 -> 0xE1
[19:54:05] état+0x1227 (0x34A4E983) : 0x00 -> 0xAC
[19:54:05] état+0x1228 (0x34A4E984) : 0x00 -> 0x34
[19:54:05] état+0x1229 (0x34A4E985) : 0x00 -> 0xA4
[19:54:05] état+0x122a (0x34A4E986) : 0x00 -> 0xE1
[19:54:05] ... et 5 autre(s) octet(s)
[19:54:06] état+0xa68 (0x34A4E1C4) : 0x34 -> 0x06
[19:54:06] état+0xa69 (0x34A4E1C5) : 0xA4 -> 0x00
[19:54:06] état+0xa6a (0x34A4E1C6) : 0xE1 -> 0x00
[19:54:06] état+0xa6b (0x34A4E1C7) : 0xCC -> 0x21
[19:54:06] état+0xa6f (0x34A4E1CB) : 0x00 -> 0x6B
[19:54:06] état+0x1230 (0x34A4E98C) : 0x00 -> 0x34
[19:54:06] état+0x1231 (0x34A4E98D) : 0x00 -> 0xA4
[19:54:06] état+0x1232 (0x34A4E98E) : 0x00 -> 0xE1
[19:54:06] état+0x1233 (0x34A4E98F) : 0x00 -> 0xC4
[19:54:06] état+0xa70 (0x34A4E1CC) : 0x34 -> 0x06
[19:54:06] état+0xa71 (0x34A4E1CD) : 0xA4 -> 0x00
[19:54:06] état+0xa72 (0x34A4E1CE) : 0xE1 -> 0x00
[19:54:06] état+0xa73 (0x34A4E1CF) : 0xD4 -> 0x21
[19:54:06] état+0xa77 (0x34A4E1D3) : 0x00 -> 0x6B
[19:54:06] état+0x1234 (0x34A4E990) : 0x00 -> 0x34
[19:54:06] état+0x1235 (0x34A4E991) : 0x00 -> 0xA4
[19:54:06] état+0x1236 (0x34A4E992) : 0x00 -> 0xE1
[19:54:06] état+0x1237 (0x34A4E993) : 0x00 -> 0xCC
[19:54:07] état+0xa78 (0x34A4E1D4) : 0x34 -> 0x06
[19:54:07] état+0xa79 (0x34A4E1D5) : 0xA4 -> 0x00
[19:54:07] état+0xa7a (0x34A4E1D6) : 0xE1 -> 0x00
[19:54:07] état+0xa7b (0x34A4E1D7) : 0xDC -> 0x21
[19:54:07] état+0xa7f (0x34A4E1DB) : 0x00 -> 0x6B
[19:54:07] état+0x1238 (0x34A4E994) : 0x00 -> 0x34
[19:54:07] état+0x1239 (0x34A4E995) : 0x00 -> 0xA4
[19:54:07] état+0x123a (0x34A4E996) : 0x00 -> 0xE1
[19:54:07] état+0x123b (0x34A4E997) : 0x00 -> 0xD4
[19:54:07] état+0xa80 (0x34A4E1DC) : 0x34 -> 0x06
[19:54:07] état+0xa81 (0x34A4E1DD) : 0xA4 -> 0x00
[19:54:07] état+0xa82 (0x34A4E1DE) : 0xE1 -> 0x00
[19:54:07] état+0xa83 (0x34A4E1DF) : 0xE4 -> 0x21
[19:54:07] état+0xa87 (0x34A4E1E3) : 0x00 -> 0x6B
[19:54:07] état+0x123c (0x34A4E998) : 0x00 -> 0x34
[19:54:07] état+0x123d (0x34A4E999) : 0x00 -> 0xA4
[19:54:07] état+0x123e (0x34A4E99A) : 0x00 -> 0xE1
[19:54:07] état+0x123f (0x34A4E99B) : 0x00 -> 0xDC
[19:54:08] état+0xa88 (0x34A4E1E4) : 0x34 -> 0x06
[19:54:08] état+0xa89 (0x34A4E1E5) : 0xA4 -> 0x00
[19:54:08] état+0xa8a (0x34A4E1E6) : 0xE1 -> 0x00
[19:54:08] état+0xa8b (0x34A4E1E7) : 0xEC -> 0x21
[19:54:08] état+0xa8f (0x34A4E1EB) : 0x00 -> 0x6B
[19:54:08] état+0x1240 (0x34A4E99C) : 0x00 -> 0x34
[19:54:08] état+0x1241 (0x34A4E99D) : 0x00 -> 0xA4
[19:54:08] état+0x1242 (0x34A4E99E) : 0x00 -> 0xE1
[19:54:08] état+0x1243 (0x34A4E99F) : 0x00 -> 0xE4
[19:54:20] état+0x59f (0x34A4DCFB) : 0x05 -> 0x06
[19:54:20] état+0x59f (0x34A4DCFB) : 0x06 -> 0x07
[19:54:22] état+0x59f (0x34A4DCFB) : 0x07 -> 0x08
[19:54:23] état+0x59f (0x34A4DCFB) : 0x08 -> 0x09
[19:54:25] (adresse bruyante ignorée désormais : 0x34A4DCFB)
[19:54:25] état+0x59b (0x34A4DCF7) : 0x00 -> 0x01
[19:54:43] état+0x25b (0x34A4D9B7) : 0x00 -> 0x03
[19:54:43] état+0x277 (0x34A4D9D3) : 0x00 -> 0x03
[19:54:43] état+0x42f (0x34A4DB8B) : 0x0A -> 0x0D
[19:54:43] état+0x44b (0x34A4DBA7) : 0x0A -> 0x0D
[19:54:43] état+0x54f (0x34A4DCAB) : 0x01 -> 0x04
[19:54:43] état+0x56b (0x34A4DCC7) : 0x02 -> 0x05
[19:54:43] état+0x573 (0x34A4DCCF) : 0x16 -> 0x1A
[19:54:43] état+0x58f (0x34A4DCEB) : 0x17 -> 0x1A
[19:54:52] état+0xa90 (0x34A4E1EC) : 0x34 -> 0x06
[19:54:52] état+0xa91 (0x34A4E1ED) : 0xA4 -> 0x00
[19:54:52] état+0xa92 (0x34A4E1EE) : 0xE1 -> 0x00
[19:54:52] état+0xa93 (0x34A4E1EF) : 0xF4 -> 0x1B
[19:54:52] état+0xa97 (0x34A4E1F3) : 0x00 -> 0x69
[19:54:52] état+0x1244 (0x34A4E9A0) : 0x00 -> 0x34
[19:54:52] état+0x1245 (0x34A4E9A1) : 0x00 -> 0xA4
[19:54:52] état+0x1246 (0x34A4E9A2) : 0x00 -> 0xE1
[19:54:52] état+0x1247 (0x34A4E9A3) : 0x00 -> 0xEC
[19:54:56] état+0x9f2 (0x34A4E14E) : 0xE1 -> 0xE2
[19:54:56] état+0xa98 (0x34A4E1F4) : 0x34 -> 0x06
[19:54:56] état+0xa99 (0x34A4E1F5) : 0xA4 -> 0x00
[19:54:56] état+0xa9a (0x34A4E1F6) : 0xE1 -> 0x00
[19:54:56] état+0xa9b (0x34A4E1F7) : 0xFC -> 0x21
[19:54:56] état+0xa9f (0x34A4E1FB) : 0x00 -> 0x6B
[19:54:56] état+0xaa0 (0x34A4E1FC) : 0x34 -> 0x06
[19:54:56] état+0xaa1 (0x34A4E1FD) : 0xA4 -> 0x00
[19:54:56] état+0xaa2 (0x34A4E1FE) : 0xE2 -> 0x00
[19:54:56] état+0xaa3 (0x34A4E1FF) : 0x04 -> 0x21
[19:54:56] état+0xaa7 (0x34A4E203) : 0x00 -> 0x6B
[19:54:56] état+0x1248 (0x34A4E9A4) : 0x00 -> 0x34
[19:54:56] état+0x1249 (0x34A4E9A5) : 0x00 -> 0xA4
[19:54:56] état+0x124a (0x34A4E9A6) : 0x00 -> 0xE1
[19:54:56] état+0x124b (0x34A4E9A7) : 0x00 -> 0xF4
[19:54:56] état+0x124c (0x34A4E9A8) : 0x00 -> 0x34
[19:54:56] état+0x124d (0x34A4E9A9) : 0x00 -> 0xA4
[19:54:56] état+0x124e (0x34A4E9AA) : 0x00 -> 0xE1
[19:54:56] état+0x124f (0x34A4E9AB) : 0x00 -> 0xFC
[19:54:57] état+0xaa8 (0x34A4E204) : 0x34 -> 0x06
[19:54:57] état+0xaa9 (0x34A4E205) : 0xA4 -> 0x00
[19:54:57] état+0xaaa (0x34A4E206) : 0xE2 -> 0x00
[19:54:57] état+0xaab (0x34A4E207) : 0x0C -> 0x21
[19:54:57] état+0xaaf (0x34A4E20B) : 0x00 -> 0x6B
[19:54:57] état+0x1250 (0x34A4E9AC) : 0x00 -> 0x34
[19:54:57] état+0x1251 (0x34A4E9AD) : 0x00 -> 0xA4
[19:54:57] état+0x1252 (0x34A4E9AE) : 0x00 -> 0xE2
[19:54:57] état+0x1253 (0x34A4E9AF) : 0x00 -> 0x04
[19:56:46] état+0xab0 (0x34A4E20C) : 0x34 -> 0x06
[19:56:46] état+0xab1 (0x34A4E20D) : 0xA4 -> 0x00
[19:56:46] état+0xab2 (0x34A4E20E) : 0xE2 -> 0x00
[19:56:46] état+0xab3 (0x34A4E20F) : 0x14 -> 0x29
[19:56:46] état+0xab7 (0x34A4E213) : 0x00 -> 0x74
[19:56:46] état+0x1254 (0x34A4E9B0) : 0x00 -> 0x34
[19:56:46] état+0x1255 (0x34A4E9B1) : 0x00 -> 0xA4
[19:56:46] état+0x1256 (0x34A4E9B2) : 0x00 -> 0xE2
[19:56:46] état+0x1257 (0x34A4E9B3) : 0x00 -> 0x0C
[19:56:52] état+0x0fb (0x34A4D857) : 0x00 -> 0x03
[19:56:52] état+0x12b (0x34A4D887) : 0x00 -> 0x01
[19:56:52] état+0x0f7 (0x34A4D853) : 0x00 -> 0x01
[19:56:52] état+0x0fb (0x34A4D857) : 0x03 -> 0x07
[19:56:52] état+0x10b (0x34A4D867) : 0x43 -> 0x44
[19:56:52] état+0x113 (0x34A4D86F) : 0x00 -> 0x05
[19:56:52] état+0x12b (0x34A4D887) : 0x01 -> 0x0A
[19:56:53] état+0x0fb (0x34A4D857) : 0x07 -> 0x11
[19:56:53] état+0x10b (0x34A4D867) : 0x44 -> 0x47
[19:56:53] état+0x113 (0x34A4D86F) : 0x05 -> 0x0C
[19:56:53] état+0x123 (0x34A4D87F) : 0x43 -> 0x44
[19:56:53] état+0x12b (0x34A4D887) : 0x0A -> 0x12
[19:56:53] état+0x0f3 (0x34A4D84F) : 0x42 -> 0x44
[19:56:53] état+0x0fb (0x34A4D857) : 0x11 -> 0x18
[19:56:53] état+0x10b (0x34A4D867) : 0x47 -> 0x49
[19:56:53] état+0x113 (0x34A4D86F) : 0x0C -> 0x12
[19:56:53] état+0x12b (0x34A4D887) : 0x12 -> 0x19
[19:56:54] (adresse bruyante ignorée désormais : 0x34A4D857)
[19:56:54] état+0x0f3 (0x34A4D84F) : 0x44 -> 0x45
[19:56:54] état+0x113 (0x34A4D86F) : 0x12 -> 0x15
[19:56:54] état+0x123 (0x34A4D87F) : 0x44 -> 0x47
[19:56:54] état+0x127 (0x34A4D883) : 0x00 -> 0x01
[19:56:54] (adresse bruyante ignorée désormais : 0x34A4D86F)
[19:56:54] (adresse bruyante ignorée désormais : 0x34A4D887)
[19:56:54] état+0x0f3 (0x34A4D84F) : 0x45 -> 0x47
[19:56:54] état+0x10b (0x34A4D867) : 0x49 -> 0x4B
[19:56:54] état+0x123 (0x34A4D87F) : 0x47 -> 0x48
[19:56:55] état+0x123 (0x34A4D87F) : 0x48 -> 0x49
[19:57:26] état+0x0a4 (0x34A4D800) : 0xB8 -> 0xE8
[19:57:26] état+0x0ff (0x34A4D85B) : 0x0A -> 0x00
[19:57:26] état+0x117 (0x34A4D873) : 0x00 -> 0x0A
[19:57:26] état+0x908 (0x34A4E064) : 0xB8 -> 0xE8
[19:59:11] état+0x04b (0x34A4D7A7) : 0x0D -> 0x0E
[19:59:11] état+0x19c (0x34A4D8F8) : 0x01 -> 0x00
[19:59:11] état+0x9a2 (0x34A4E0FE) : 0xCE -> 0xC9
[19:59:11] état+0x9a3 (0x34A4E0FF) : 0x57 -> 0x8E
[19:59:15] état+0x0cb (0x34A4D827) : 0x00 -> 0x01
[19:59:29] état+0x051 (0x34A4D7AD) : 0x48 -> 0x40
[19:59:45] état+0x15fb (0x34A4ED57) : 0x0C -> 0x0D
[19:59:45] état+0x1607 (0x34A4ED63) : 0x28 -> 0x38
[19:59:45] état+0x16cc (0x34A4EE28) : 0x34 -> 0x3F
[19:59:45] état+0x16cd (0x34A4EE29) : 0xA4 -> 0x80
[19:59:45] état+0x16ce (0x34A4EE2A) : 0xEE -> 0x00
[19:59:45] état+0x16cf (0x34A4EE2B) : 0x38 -> 0x00
[19:59:45] état+0x16d0 (0x34A4EE2C) : 0x00 -> 0x3F
[19:59:45] état+0x16d1 (0x34A4EE2D) : 0x00 -> 0x5B
[19:59:45] état+0x16d2 (0x34A4EE2E) : 0x00 -> 0x73
[19:59:45] état+0x16d3 (0x34A4EE2F) : 0x00 -> 0xD4
[19:59:45] état+0x16d8 (0x34A4EE34) : 0x00 -> 0x3F
[19:59:45] état+0x16d9 (0x34A4EE35) : 0x00 -> 0x80
[19:59:45] état+0x1c7c (0x34A4F3D8) : 0x00 -> 0x34
[19:59:45] état+0x1c7d (0x34A4F3D9) : 0x00 -> 0xA4
[19:59:45] état+0x1c7e (0x34A4F3DA) : 0x00 -> 0xEE
[19:59:45] état+0x1c7f (0x34A4F3DB) : 0x00 -> 0x28
[19:59:46] état+0x051 (0x34A4D7AD) : 0x40 -> 0x50
[19:59:51] état+0x15fb (0x34A4ED57) : 0x0D -> 0x0E
[19:59:51] état+0x1607 (0x34A4ED63) : 0x38 -> 0x48
[19:59:51] état+0x16dc (0x34A4EE38) : 0x34 -> 0x3F
[19:59:51] état+0x16dd (0x34A4EE39) : 0xA4 -> 0x80
[19:59:51] état+0x16de (0x34A4EE3A) : 0xEE -> 0x00
[19:59:51] état+0x16df (0x34A4EE3B) : 0x48 -> 0x00
[19:59:51] état+0x16e0 (0x34A4EE3C) : 0x00 -> 0x3F
[19:59:51] état+0x16e1 (0x34A4EE3D) : 0x00 -> 0x80
[19:59:51] état+0x16e8 (0x34A4EE44) : 0x00 -> 0x3F
[19:59:51] état+0x16e9 (0x34A4EE45) : 0x00 -> 0x80
[19:59:51] état+0x1c80 (0x34A4F3DC) : 0x00 -> 0x34
[19:59:51] état+0x1c81 (0x34A4F3DD) : 0x00 -> 0xA4
[19:59:51] état+0x1c82 (0x34A4F3DE) : 0x00 -> 0xEE
[19:59:51] état+0x1c83 (0x34A4F3DF) : 0x00 -> 0x38
[19:59:53] état+0x051 (0x34A4D7AD) : 0x50 -> 0x60
[19:59:53] état+0x057 (0x34A4D7B3) : 0x0C -> 0x0D
[19:59:53] état+0x065 (0x34A4D7C1) : 0x00 -> 0x04
[19:59:53] état+0x61b (0x34A4DD77) : 0x00 -> 0x01
[19:59:53] état+0x698 (0x34A4DDF4) : 0x00 -> 0x06
[19:59:53] état+0x69b (0x34A4DDF7) : 0x00 -> 0x1D
[19:59:53] état+0x734 (0x34A4DE90) : 0x50 -> 0x70
[20:00:00] état+0x15fb (0x34A4ED57) : 0x0E -> 0x0F
[20:00:00] état+0x1607 (0x34A4ED63) : 0x48 -> 0x58
[20:00:00] état+0x16ec (0x34A4EE48) : 0x34 -> 0x3F
[20:00:00] état+0x16ed (0x34A4EE49) : 0xA4 -> 0x80
[20:00:00] état+0x16ee (0x34A4EE4A) : 0xEE -> 0x00
[20:00:00] état+0x16ef (0x34A4EE4B) : 0x58 -> 0x00
[20:00:00] état+0x16f0 (0x34A4EE4C) : 0x00 -> 0x3F
[20:00:00] état+0x16f1 (0x34A4EE4D) : 0x00 -> 0x80
[20:00:00] état+0x16f4 (0x34A4EE50) : 0x00 -> 0x3E
[20:00:00] état+0x16f5 (0x34A4EE51) : 0x00 -> 0xC8
[20:00:00] état+0x16f6 (0x34A4EE52) : 0x00 -> 0xC8
[20:00:00] état+0x16f7 (0x34A4EE53) : 0x00 -> 0xC8
[20:00:00] état+0x16f8 (0x34A4EE54) : 0x00 -> 0x3F
[20:00:00] état+0x16f9 (0x34A4EE55) : 0x00 -> 0x80
[20:00:00] état+0x1c84 (0x34A4F3E0) : 0x00 -> 0x34
[20:00:00] état+0x1c85 (0x34A4F3E1) : 0x00 -> 0xA4
[20:00:00] état+0x1c86 (0x34A4F3E2) : 0x00 -> 0xEE
[20:00:00] état+0x1c87 (0x34A4F3E3) : 0x00 -> 0x48
[20:00:01] état+0x051 (0x34A4D7AD) : 0x60 -> 0x70
[20:00:01] état+0x066 (0x34A4D7C2) : 0x80 -> 0xC0
[20:00:01] état+0x633 (0x34A4DD8F) : 0x01 -> 0x02
[20:00:09] état+0x15fb (0x34A4ED57) : 0x0F -> 0x10
[20:00:09] état+0x1607 (0x34A4ED63) : 0x58 -> 0x68
[20:00:09] état+0x16fc (0x34A4EE58) : 0x34 -> 0x3F
[20:00:09] état+0x16fd (0x34A4EE59) : 0xA4 -> 0x48
[20:00:09] état+0x16fe (0x34A4EE5A) : 0xEE -> 0xC8
[20:00:09] état+0x16ff (0x34A4EE5B) : 0x68 -> 0xC8
[20:00:09] état+0x1700 (0x34A4EE5C) : 0x00 -> 0x3F
[20:00:09] état+0x1701 (0x34A4EE5D) : 0x00 -> 0x80
[20:00:09] état+0x1708 (0x34A4EE64) : 0x00 -> 0x3F
[20:00:09] état+0x1709 (0x34A4EE65) : 0x00 -> 0x80
[20:00:09] état+0x1c88 (0x34A4F3E4) : 0x00 -> 0x34
[20:00:09] état+0x1c89 (0x34A4F3E5) : 0x00 -> 0xA4
[20:00:09] état+0x1c8a (0x34A4F3E6) : 0x00 -> 0xEE
[20:00:09] état+0x1c8b (0x34A4F3E7) : 0x00 -> 0x58
[20:00:10] (adresse bruyante ignorée désormais : 0x34A4D7AD)
[20:00:11] état+0x066 (0x34A4D7C2) : 0xC0 -> 0xC8
[20:00:11] état+0x627 (0x34A4DD83) : 0x01 -> 0x02
[20:00:11] état+0x62b (0x34A4DD87) : 0x14 -> 0x28
[20:00:11] état+0x754 (0x34A4DEB0) : 0x00 -> 0x06
[20:00:11] état+0x757 (0x34A4DEB3) : 0x00 -> 0x20
[20:00:11] état+0x75b (0x34A4DEB7) : 0x00 -> 0x6B
[20:00:11] état+0x75f (0x34A4DEBB) : 0x00 -> 0x14
[20:00:18] (adresse bruyante ignorée désormais : 0x34A4ED57)
[20:00:18] (adresse bruyante ignorée désormais : 0x34A4ED63)
[20:00:18] état+0x170c (0x34A4EE68) : 0x34 -> 0x3F
[20:00:18] état+0x170d (0x34A4EE69) : 0xA4 -> 0x20
[20:00:18] état+0x170e (0x34A4EE6A) : 0xEE -> 0xA0
[20:00:18] état+0x170f (0x34A4EE6B) : 0x78 -> 0xA2
[20:00:18] état+0x1710 (0x34A4EE6C) : 0x00 -> 0x3F
[20:00:18] état+0x1711 (0x34A4EE6D) : 0x00 -> 0x80
[20:00:18] état+0x1718 (0x34A4EE74) : 0x00 -> 0x3F
[20:00:18] état+0x1719 (0x34A4EE75) : 0x00 -> 0x80
[20:00:18] état+0x1c8c (0x34A4F3E8) : 0x00 -> 0x34
[20:00:18] état+0x1c8d (0x34A4F3E9) : 0x00 -> 0xA4
[20:00:18] état+0x1c8e (0x34A4F3EA) : 0x00 -> 0xEE
[20:00:18] état+0x1c8f (0x34A4F3EB) : 0x00 -> 0x68
[20:00:24] état+0x057 (0x34A4D7B3) : 0x0D -> 0x0E
[20:00:24] état+0x066 (0x34A4D7C2) : 0xC8 -> 0xCA
[20:00:24] état+0x613 (0x34A4DD6F) : 0x00 -> 0x01
[20:00:24] état+0x69c (0x34A4DDF8) : 0x00 -> 0x06
[20:00:24] état+0x69f (0x34A4DDFB) : 0x00 -> 0x1B
[20:00:24] état+0x734 (0x34A4DE90) : 0x70 -> 0x78
[20:00:30] état+0x171c (0x34A4EE78) : 0x34 -> 0x3F
[20:00:30] état+0x171d (0x34A4EE79) : 0xA4 -> 0x7E
[20:00:30] état+0x171e (0x34A4EE7A) : 0xEE -> 0x76
[20:00:30] état+0x171f (0x34A4EE7B) : 0x88 -> 0x99
[20:00:30] état+0x1720 (0x34A4EE7C) : 0x00 -> 0x3B
[20:00:30] état+0x1721 (0x34A4EE7D) : 0x00 -> 0x83
[20:00:30] état+0x1722 (0x34A4EE7E) : 0x00 -> 0xF9
[20:00:30] état+0x1723 (0x34A4EE7F) : 0x00 -> 0xF7
[20:00:30] état+0x1724 (0x34A4EE80) : 0x00 -> 0x3D
[20:00:30] état+0x1725 (0x34A4EE81) : 0x00 -> 0x0A
[20:00:30] état+0x1726 (0x34A4EE82) : 0x00 -> 0xE2
[20:00:30] état+0x1727 (0x34A4EE83) : 0x00 -> 0x4C
[20:00:30] état+0x1728 (0x34A4EE84) : 0x00 -> 0x3F
[20:00:30] état+0x1729 (0x34A4EE85) : 0x00 -> 0x80
[20:00:30] état+0x1c90 (0x34A4F3EC) : 0x00 -> 0x34
[20:00:30] état+0x1c91 (0x34A4F3ED) : 0x00 -> 0xA4
[20:00:30] état+0x1c92 (0x34A4F3EE) : 0x00 -> 0xEE
[20:00:30] état+0x1c93 (0x34A4F3EF) : 0x00 -> 0x78
[20:00:31] état+0x057 (0x34A4D7B3) : 0x0E -> 0x0F
[20:00:31] état+0x065 (0x34A4D7C1) : 0x04 -> 0x14
[20:00:31] état+0x64b (0x34A4DDA7) : 0x00 -> 0x01
[20:00:31] état+0x6a0 (0x34A4DDFC) : 0x00 -> 0x06
[20:00:31] état+0x6a3 (0x34A4DDFF) : 0x00 -> 0x29
[20:00:31] état+0x73a (0x34A4DE96) : 0x01 -> 0x03
[20:00:50] 0x34A4FD1C (0x34A4FD1C) : 0x00 -> 0x3C
[20:00:50] 0x34A4FD1D (0x34A4FD1D) : 0x00 -> 0x09
[20:00:50] 0x34A4FD1E (0x34A4FD1E) : 0x00 -> 0xB1
[20:00:50] 0x34A4FD1F (0x34A4FD1F) : 0x00 -> 0xC0
[20:00:50] 0x34A4FD20 (0x34A4FD20) : 0x00 -> 0x3F
[20:00:50] 0x34A4FD21 (0x34A4FD21) : 0x00 -> 0x80
[20:00:50] 0x34A4FD25 (0x34A4FD25) : 0x80 -> 0x28
[20:00:50] 0x34A4FD26 (0x34A4FD26) : 0x00 -> 0x75
[20:00:50] 0x34A4FD27 (0x34A4FD27) : 0x00 -> 0x8C
[20:00:53] état+0x16bc (0x34A4EE18) : 0x3C -> 0x34
[20:00:53] état+0x16bd (0x34A4EE19) : 0x09 -> 0xA4
[20:00:53] état+0x16be (0x34A4EE1A) : 0xB1 -> 0xEE
[20:00:53] état+0x16bf (0x34A4EE1B) : 0xC0 -> 0x88
[20:00:53] état+0x1c4f (0x34A4F3AB) : 0x18 -> 0x08
[20:00:53] état+0x1c52 (0x34A4F3AE) : 0xEE -> 0xED
[20:00:53] état+0x1c53 (0x34A4F3AF) : 0x08 -> 0xF8
[20:00:53] état+0x1c57 (0x34A4F3B3) : 0xF8 -> 0xE8
[20:00:53] état+0x1c5b (0x34A4F3B7) : 0xE8 -> 0xD8
[20:00:53] état+0x1c5f (0x34A4F3BB) : 0xD8 -> 0xC8
[20:00:53] état+0x1c63 (0x34A4F3BF) : 0xC8 -> 0xB8
[20:00:53] état+0x1c67 (0x34A4F3C3) : 0xB8 -> 0xA8
[20:00:53] état+0x1c6b (0x34A4F3C7) : 0xA8 -> 0x98
[20:00:53] état+0x1c6f (0x34A4F3CB) : 0x98 -> 0x88
[20:00:53] état+0x1c73 (0x34A4F3CF) : 0x88 -> 0x78
[20:00:53] état+0x1c77 (0x34A4F3D3) : 0x78 -> 0x68
[20:00:53] état+0x1c7a (0x34A4F3D6) : 0xED -> 0xEE
[20:00:53] état+0x1c7b (0x34A4F3D7) : 0x68 -> 0x28
[20:00:53] état+0x1c7f (0x34A4F3DB) : 0x28 -> 0x38
[20:00:53] état+0x1c83 (0x34A4F3DF) : 0x38 -> 0x48
[20:00:53] état+0x1c87 (0x34A4F3E3) : 0x48 -> 0x58
[20:00:53] état+0x1c8b (0x34A4F3E7) : 0x58 -> 0x68
[20:00:53] état+0x1c8f (0x34A4F3EB) : 0x68 -> 0x78
[20:00:58] état+0x9f8 (0x34A4E154) : 0x06 -> 0x34
[20:00:58] état+0x9f9 (0x34A4E155) : 0x00 -> 0xA4
[20:00:58] état+0x9fa (0x34A4E156) : 0x00 -> 0xE2
[20:00:58] état+0x9fb (0x34A4E157) : 0x1D -> 0x14
[20:00:58] état+0xa00 (0x34A4E15C) : 0x06 -> 0x34
[20:00:58] état+0xa01 (0x34A4E15D) : 0x00 -> 0xA4
[20:00:58] état+0xa02 (0x34A4E15E) : 0x00 -> 0xE1
[20:00:58] état+0xa03 (0x34A4E15F) : 0x23 -> 0x54
[20:00:58] état+0xa08 (0x34A4E164) : 0x06 -> 0x34
[20:00:58] état+0xa09 (0x34A4E165) : 0x00 -> 0xA4
[20:00:58] état+0xa0a (0x34A4E166) : 0x00 -> 0xE1
[20:00:58] état+0xa0b (0x34A4E167) : 0x21 -> 0x5C
[20:00:58] état+0xa10 (0x34A4E16C) : 0x06 -> 0x34
[20:00:58] état+0xa11 (0x34A4E16D) : 0x00 -> 0xA4
[20:00:58] état+0xa12 (0x34A4E16E) : 0x00 -> 0xE1
[20:00:58] état+0xa13 (0x34A4E16F) : 0x21 -> 0x64
[20:00:58] état+0xa18 (0x34A4E174) : 0x06 -> 0x34
[20:00:58] état+0xa19 (0x34A4E175) : 0x00 -> 0xA4
[20:00:58] état+0xa1a (0x34A4E176) : 0x00 -> 0xE1
[20:00:58] état+0xa1b (0x34A4E177) : 0x21 -> 0x6C
[20:00:58] état+0xa20 (0x34A4E17C) : 0x06 -> 0x34
[20:00:58] état+0xa21 (0x34A4E17D) : 0x00 -> 0xA4
[20:00:58] état+0xa22 (0x34A4E17E) : 0x00 -> 0xE1
[20:00:58] état+0xa23 (0x34A4E17F) : 0x21 -> 0x74
[20:00:58] état+0xa28 (0x34A4E184) : 0x06 -> 0x34
[20:00:58] état+0xa29 (0x34A4E185) : 0x00 -> 0xA4
[20:00:58] état+0xa2a (0x34A4E186) : 0x00 -> 0xE1
[20:00:58] état+0xa2b (0x34A4E187) : 0x21 -> 0x7C
[20:00:58] état+0xa30 (0x34A4E18C) : 0x06 -> 0x34
[20:00:58] état+0xa31 (0x34A4E18D) : 0x00 -> 0xA4
[20:00:58] état+0xa32 (0x34A4E18E) : 0x00 -> 0xE1
[20:00:58] état+0xa33 (0x34A4E18F) : 0x21 -> 0x84
[20:00:58] état+0xa38 (0x34A4E194) : 0x06 -> 0x34
[20:00:58] état+0xa39 (0x34A4E195) : 0x00 -> 0xA4
[20:00:58] état+0xa3a (0x34A4E196) : 0x00 -> 0xE1
[20:00:58] état+0xa3b (0x34A4E197) : 0x21 -> 0x8C
[20:00:58] état+0xa40 (0x34A4E19C) : 0x06 -> 0x34
[20:00:58] état+0xa41 (0x34A4E19D) : 0x00 -> 0xA4
[20:00:58] état+0xa42 (0x34A4E19E) : 0x00 -> 0xE1
[20:00:58] état+0xa43 (0x34A4E19F) : 0x21 -> 0x94
[20:00:58] ... et 56 autre(s) octet(s)
[20:01:21] état+0x98f (0x34A4E0EB) : 0x0C -> 0x0D
[20:01:39] état+0x593 (0x34A4DCEF) : 0x00 -> 0x03
[20:01:58] état+0x8bf (0x34A4E01B) : 0xD6 -> 0xF6
[20:01:58] état+0x8ec (0x34A4E048) : 0x00 -> 0xFF
[20:01:58] état+0x8ed (0x34A4E049) : 0x00 -> 0x9C
[20:01:58] état+0x8f3 (0x34A4E04F) : 0x00 -> 0x02
[20:01:58] état+0x9df (0x34A4E13B) : 0x00 -> 0x5B
[20:01:58] état+0x19c (0x34A4D8F8) : 0x00 -> 0x01
[20:01:58] état+0x213 (0x34A4D96F) : 0x01 -> 0x00
[20:01:58] état+0x21f (0x34A4D97B) : 0x01 -> 0x00
[20:01:58] état+0x22f (0x34A4D98B) : 0x02 -> 0x00
[20:01:58] état+0x25b (0x34A4D9B7) : 0x03 -> 0x00
[20:01:58] état+0x277 (0x34A4D9D3) : 0x03 -> 0x00
[20:01:58] état+0x54f (0x34A4DCAB) : 0x04 -> 0x00
[20:01:58] état+0x55b (0x34A4DCB7) : 0x01 -> 0x00
[20:01:58] état+0x56b (0x34A4DCC7) : 0x05 -> 0x00
[20:01:58] état+0x597 (0x34A4DCF3) : 0x00 -> 0x03
[20:02:10] état+0x117 (0x34A4D873) : 0x0A -> 0x00
[20:04:01] état+0x27f (0x34A4D9DB) : 0x00 -> 0x01
[20:04:01] état+0x29b (0x34A4D9F7) : 0x00 -> 0x01
[20:04:01] état+0x453 (0x34A4DBAF) : 0x00 -> 0x01
[20:04:01] état+0x46f (0x34A4DBCB) : 0x00 -> 0x01
[20:04:01] état+0x54f (0x34A4DCAB) : 0x00 -> 0x01
[20:04:01] état+0x56b (0x34A4DCC7) : 0x00 -> 0x01
[20:04:01] état+0x573 (0x34A4DCCF) : 0x1A -> 0x1B
[20:04:01] état+0x58f (0x34A4DCEB) : 0x1A -> 0x1B
[20:04:29] Lecture impossible (ReadProcessMemory(0x18E11EAC000, 16384) a échoué (erreur Windows 299: Seule une partie d’une requête ReadProcessMemory ou WriteProcessMemory a été effectuée.)) : jeu fermé ?
[20:04:29] Journal arrêté.
