[21:49:46] Journal démarré : 0x34A4C000 + 0x4000, toutes les 0.5 s
[21:50:00] 0x34A4FF5F (0x34A4FF5F) : 0xEF -> 0xFF
[21:50:00] 0x34A4FFFF (0x34A4FFFF) : 0x06 -> 0x02
[21:51:10] 0x34A4FE29 (0x34A4FE29) : 0x3F -> 0x7F
[21:51:31] état+0x9e7 (0x34A4E143) : 0x00 -> 0x01
[21:51:31] état+0x9f3 (0x34A4E14F) : 0x54 -> 0x5C
[21:51:31] état+0x9f8 (0x34A4E154) : 0x34 -> 0x06
[21:51:31] état+0x9f9 (0x34A4E155) : 0xA4 -> 0x00
[21:51:31] état+0x9fa (0x34A4E156) : 0xE1 -> 0x00
[21:51:31] état+0x9fb (0x34A4E157) : 0x5C -> 0x28
[21:51:31] état+0x9ff (0x34A4E15B) : 0x00 -> 0x6F
[21:51:31] état+0x11f8 (0x34A4E954) : 0x00 -> 0x34
[21:51:31] état+0x11f9 (0x34A4E955) : 0x00 -> 0xA4
[21:51:31] état+0x11fa (0x34A4E956) : 0x00 -> 0xE1
[21:51:31] état+0x11fb (0x34A4E957) : 0x00 -> 0x54
[21:53:20] 0x34A4FD89 (0x34A4FD89) : 0x20 -> 0x28
[21:53:28] 0x34A4FF7F (0x34A4FF7F) : 0x30 -> 0x32
[21:53:28] 0x34A4FFFF (0x34A4FFFF) : 0x02 -> 0x03
[21:54:29] état+0x8cb (0x34A4E027) : 0xA0 -> 0xB0
[21:57:34] 0x34A4FF1F (0x34A4FF1F) : 0x9F -> 0xDF
[21:57:34] 0x34A4FFFF (0x34A4FFFF) : 0x03 -> 0x00
[22:03:51] état+0x04b (0x34A4D7A7) : 0x0C -> 0x0D
[22:03:51] état+0x0f3 (0x34A4D84F) : 0x42 -> 0x47
[22:03:51] état+0x0f7 (0x34A4D853) : 0x00 -> 0x01
[22:03:51] état+0x0fb (0x34A4D857) : 0x00 -> 0x1C
[22:03:51] état+0x10b (0x34A4D867) : 0x43 -> 0x4D
[22:03:51] état+0x113 (0x34A4D86F) : 0x00 -> 0x17
[22:03:51] état+0x123 (0x34A4D87F) : 0x43 -> 0x49
[22:03:51] état+0x127 (0x34A4D883) : 0x00 -> 0x01
[22:03:51] état+0x12b (0x34A4D887) : 0x00 -> 0x1A
[22:03:51] état+0x19c (0x34A4D8F8) : 0x01 -> 0x00
[22:03:51] état+0x9a2 (0x34A4E0FE) : 0x22 -> 0xCE
[22:03:51] état+0x9a3 (0x34A4E0FF) : 0x55 -> 0x57
[22:03:51] 0x34A4FD33 (0x34A4FD33) : 0x00 -> 0x08
[22:04:14] état+0x0c7 (0x34A4D823) : 0x03 -> 0x01
[22:04:14] état+0x0cb (0x34A4D827) : 0x26 -> 0x00
[22:04:43] état+0x15fb (0x34A4ED57) : 0x0B -> 0x0C
[22:04:43] état+0x1607 (0x34A4ED63) : 0x18 -> 0x28
[22:04:43] état+0x16bc (0x34A4EE18) : 0x34 -> 0x3F
[22:04:43] état+0x16bd (0x34A4EE19) : 0xA4 -> 0x80
[22:04:43] état+0x16be (0x34A4EE1A) : 0xEE -> 0x00
[22:04:43] état+0x16bf (0x34A4EE1B) : 0x28 -> 0x00
[22:04:43] état+0x16c0 (0x34A4EE1C) : 0x00 -> 0x3F
[22:04:43] état+0x16c1 (0x34A4EE1D) : 0x00 -> 0x48
[22:04:43] état+0x16c2 (0x34A4EE1E) : 0x00 -> 0x6A
[22:04:43] état+0x16c3 (0x34A4EE1F) : 0x00 -> 0x9E
[22:04:43] état+0x16c4 (0x34A4EE20) : 0x00 -> 0x3B
[22:04:43] état+0x16c5 (0x34A4EE21) : 0x00 -> 0x2B
[22:04:43] état+0x16c6 (0x34A4EE22) : 0x00 -> 0xEA
[22:04:43] état+0x16c8 (0x34A4EE24) : 0x00 -> 0x3F
[22:04:43] état+0x16c9 (0x34A4EE25) : 0x00 -> 0x80
[22:04:43] état+0x1c78 (0x34A4F3D4) : 0x00 -> 0x34
[22:04:43] état+0x1c79 (0x34A4F3D5) : 0x00 -> 0xA4
[22:04:43] état+0x1c7a (0x34A4F3D6) : 0x00 -> 0xEE
[22:04:43] état+0x1c7b (0x34A4F3D7) : 0x00 -> 0x18
[22:04:44] état+0x051 (0x34A4D7AD) : 0x30 -> 0x40
[22:04:49] état+0x15fb (0x34A4ED57) : 0x0C -> 0x0D
[22:04:49] état+0x1607 (0x34A4ED63) : 0x28 -> 0x38
[22:04:49] état+0x16cc (0x34A4EE28) : 0x34 -> 0x3F
[22:04:49] état+0x16cd (0x34A4EE29) : 0xA4 -> 0x80
[22:04:49] état+0x16ce (0x34A4EE2A) : 0xEE -> 0x00
[22:04:49] état+0x16cf (0x34A4EE2B) : 0x38 -> 0x00
[22:04:49] état+0x16d0 (0x34A4EE2C) : 0x00 -> 0x3F
[22:04:49] état+0x16d1 (0x34A4EE2D) : 0x00 -> 0x48
[22:04:49] état+0x16d2 (0x34A4EE2E) : 0x00 -> 0xC8
[22:04:49] état+0x16d3 (0x34A4EE2F) : 0x00 -> 0xC9
[22:04:49] état+0x16d8 (0x34A4EE34) : 0x00 -> 0x3F
[22:04:49] état+0x16d9 (0x34A4EE35) : 0x00 -> 0x80
[22:04:49] état+0x1c7c (0x34A4F3D8) : 0x00 -> 0x34
[22:04:49] état+0x1c7d (0x34A4F3D9) : 0x00 -> 0xA4
[22:04:49] état+0x1c7e (0x34A4F3DA) : 0x00 -> 0xEE
[22:04:49] état+0x1c7f (0x34A4F3DB) : 0x00 -> 0x28
[22:04:51] état+0x051 (0x34A4D7AD) : 0x40 -> 0x50
[22:04:55] état+0x051 (0x34A4D7AD) : 0x50 -> 0x58
[22:04:55] état+0x057 (0x34A4D7B3) : 0x0B -> 0x0C
[22:04:55] état+0x066 (0x34A4D7C2) : 0x00 -> 0x80
[22:04:55] état+0x647 (0x34A4DDA3) : 0x00 -> 0x01
[22:04:55] état+0x694 (0x34A4DDF0) : 0x00 -> 0x06
[22:04:55] état+0x697 (0x34A4DDF3) : 0x00 -> 0x28
[22:04:55] état+0x73a (0x34A4DE96) : 0x00 -> 0x01
[22:04:55] 0x34A4FFFF (0x34A4FFFF) : 0x00 -> 0x02
[22:05:00] 0x34A4FD1C (0x34A4FD1C) : 0x00 -> 0x3F
[22:05:00] 0x34A4FD1D (0x34A4FD1D) : 0x00 -> 0x4A
[22:05:00] 0x34A4FD1E (0x34A4FD1E) : 0x00 -> 0xB9
[22:05:00] 0x34A4FD1F (0x34A4FD1F) : 0x00 -> 0x17
[22:05:00] 0x34A4FD20 (0x34A4FD20) : 0x00 -> 0x3B
[22:05:00] 0x34A4FD21 (0x34A4FD21) : 0x00 -> 0x81
[22:05:00] 0x34A4FD22 (0x34A4FD22) : 0x00 -> 0xC9
[22:05:00] 0x34A4FD23 (0x34A4FD23) : 0x00 -> 0xFC
[22:05:00] 0x34A4FD24 (0x34A4FD24) : 0x3F -> 0x3D
[22:05:00] 0x34A4FD25 (0x34A4FD25) : 0x80 -> 0x83
[22:05:00] 0x34A4FD26 (0x34A4FD26) : 0x00 -> 0xD1
[22:05:00] 0x34A4FD27 (0x34A4FD27) : 0x00 -> 0x88
[22:05:02] état+0x15fb (0x34A4ED57) : 0x0D -> 0x0C
[22:05:02] état+0x1606 (0x34A4ED62) : 0xEE -> 0xED
[22:05:02] état+0x1607 (0x34A4ED63) : 0x38 -> 0x68
[22:05:02] état+0x160c (0x34A4ED68) : 0x3F -> 0x34
[22:05:02] état+0x160d (0x34A4ED69) : 0x4A -> 0xA4
[22:05:02] état+0x160e (0x34A4ED6A) : 0xB9 -> 0xEE
[22:05:02] état+0x160f (0x34A4ED6B) : 0x17 -> 0x38
[22:05:02] état+0x1c4f (0x34A4F3AB) : 0x68 -> 0x78
[22:05:02] état+0x1c53 (0x34A4F3AF) : 0x78 -> 0x88
[22:05:02] état+0x1c57 (0x34A4F3B3) : 0x88 -> 0x98
[22:05:02] état+0x1c5b (0x34A4F3B7) : 0x98 -> 0xA8
[22:05:02] état+0x1c5f (0x34A4F3BB) : 0xA8 -> 0xB8
[22:05:02] état+0x1c63 (0x34A4F3BF) : 0xB8 -> 0xC8
[22:05:02] état+0x1c67 (0x34A4F3C3) : 0xC8 -> 0xD8
[22:05:02] état+0x1c6b (0x34A4F3C7) : 0xD8 -> 0xE8
[22:05:02] état+0x1c6f (0x34A4F3CB) : 0xE8 -> 0xF8
[22:05:02] état+0x1c72 (0x34A4F3CE) : 0xED -> 0xEE
[22:05:02] état+0x1c73 (0x34A4F3CF) : 0xF8 -> 0x08
[22:05:02] état+0x1c77 (0x34A4F3D3) : 0x08 -> 0x18
[22:05:02] état+0x1c7b (0x34A4F3D7) : 0x18 -> 0x28
[22:05:04] état+0x051 (0x34A4D7AD) : 0x58 -> 0x48
[22:05:08] état+0x9e7 (0x34A4E143) : 0x01 -> 0x00
[22:05:08] état+0x9f3 (0x34A4E14F) : 0x5C -> 0x54
[22:05:08] état+0x9f8 (0x34A4E154) : 0x06 -> 0x34
[22:05:08] état+0x9f9 (0x34A4E155) : 0x00 -> 0xA4
[22:05:08] état+0x9fa (0x34A4E156) : 0x00 -> 0xE1
[22:05:08] état+0x9fb (0x34A4E157) : 0x28 -> 0x5C
[22:05:28] état+0x98f (0x34A4E0EB) : 0x01 -> 0x0C
[22:06:32] Lecture impossible (ReadProcessMemory(0x25F346DC000, 16384) a échoué (erreur Windows 299: Seule une partie d’une requête ReadProcessMemory ou WriteProcessMemory a été effectuée.)) : jeu fermé ?
[22:06:32] Journal arrêté.
