[18:35:52] Journal démarré : 0x34A4C000 + 0x4000, toutes les 0.5 s
[18:38:44] 0x34A4FDD7 (0x34A4FDD7) : 0x00 -> 0x08
[18:38:52] 0x34A4FE31 (0x34A4FE31) : 0x00 -> 0x08
[18:40:37] 0x34A4FDC8 (0x34A4FDC8) : 0x06 -> 0x0E
[18:41:33] état+0x25b (0x34A4D9B7) : 0x00 -> 0x02
[18:41:33] état+0x277 (0x34A4D9D3) : 0x00 -> 0x02
[18:41:33] état+0x42f (0x34A4DB8B) : 0x08 -> 0x0A
[18:41:33] état+0x44b (0x34A4DBA7) : 0x08 -> 0x0A
[18:41:33] état+0x54f (0x34A4DCAB) : 0x00 -> 0x02
[18:41:33] état+0x56b (0x34A4DCC7) : 0x00 -> 0x02
[18:41:33] état+0x573 (0x34A4DCCF) : 0x0F -> 0x11
[18:41:33] état+0x58f (0x34A4DCEB) : 0x0F -> 0x11
[18:41:33] état+0x213 (0x34A4D96F) : 0x00 -> 0x01
[18:41:33] état+0x22f (0x34A4D98B) : 0x00 -> 0x01
[18:41:33] état+0x2a3 (0x34A4D9FF) : 0x00 -> 0x01
[18:41:33] état+0x2bf (0x34A4DA1B) : 0x00 -> 0x01
[18:41:33] état+0x3e7 (0x34A4DB43) : 0x03 -> 0x04
[18:41:33] état+0x403 (0x34A4DB5F) : 0x03 -> 0x04
[18:41:33] état+0x477 (0x34A4DBD3) : 0x04 -> 0x05
[18:41:33] état+0x493 (0x34A4DBEF) : 0x04 -> 0x05
[18:41:33] état+0x54f (0x34A4DCAB) : 0x02 -> 0x04
[18:41:33] état+0x56b (0x34A4DCC7) : 0x02 -> 0x04
[18:41:33] état+0x573 (0x34A4DCCF) : 0x11 -> 0x13
[18:41:33] état+0x58f (0x34A4DCEB) : 0x11 -> 0x13
[18:41:34] état+0x2a3 (0x34A4D9FF) : 0x01 -> 0x02
[18:41:34] état+0x2bf (0x34A4DA1B) : 0x01 -> 0x02
[18:41:34] état+0x477 (0x34A4DBD3) : 0x05 -> 0x06
[18:41:34] état+0x493 (0x34A4DBEF) : 0x05 -> 0x06
[18:41:34] état+0x54f (0x34A4DCAB) : 0x04 -> 0x05
[18:41:34] état+0x56b (0x34A4DCC7) : 0x04 -> 0x05
[18:41:34] état+0x573 (0x34A4DCCF) : 0x13 -> 0x14
[18:41:34] état+0x58f (0x34A4DCEB) : 0x13 -> 0x14
[18:41:41] état+0x8e2 (0x34A4E03E) : 0xC0 -> 0xD0
[18:41:41] 0x34A4FDC9 (0x34A4FDC9) : 0x23 -> 0x63
[18:43:16] 0x34A4FFBF (0x34A4FFBF) : 0x01 -> 0x03
[18:43:16] 0x34A4FFFF (0x34A4FFFF) : 0x06 -> 0x05
[18:43:27] état+0x04f (0x34A4D7AB) : 0x58 -> 0x5A
[18:43:27] état+0x9c7 (0x34A4E123) : 0x00 -> 0x01
[18:44:30] état+0x213 (0x34A4D96F) : 0x01 -> 0x02
[18:44:30] état+0x22f (0x34A4D98B) : 0x01 -> 0x02
[18:44:30] état+0x3e7 (0x34A4DB43) : 0x04 -> 0x05
[18:44:30] état+0x403 (0x34A4DB5F) : 0x04 -> 0x05
[18:44:30] état+0x54f (0x34A4DCAB) : 0x05 -> 0x06
[18:44:30] état+0x56b (0x34A4DCC7) : 0x05 -> 0x06
[18:44:30] état+0x573 (0x34A4DCCF) : 0x14 -> 0x15
[18:44:30] état+0x58f (0x34A4DCEB) : 0x14 -> 0x15
[18:45:15] état+0x9e7 (0x34A4E143) : 0x00 -> 0x01
[18:45:15] état+0x9f3 (0x34A4E14F) : 0x54 -> 0x5C
[18:45:15] état+0x9f8 (0x34A4E154) : 0x34 -> 0x06
[18:45:15] état+0x9f9 (0x34A4E155) : 0xA4 -> 0x00
[18:45:15] état+0x9fa (0x34A4E156) : 0xE1 -> 0x00
[18:45:15] état+0x9fb (0x34A4E157) : 0x5C -> 0x1C
[18:45:15] état+0x9fe (0x34A4E15A) : 0x00 -> 0x01
[18:45:15] état+0x9ff (0x34A4E15B) : 0x00 -> 0x2C
[18:45:15] état+0x11f8 (0x34A4E954) : 0x00 -> 0x34
[18:45:15] état+0x11f9 (0x34A4E955) : 0x00 -> 0xA4
[18:45:15] état+0x11fa (0x34A4E956) : 0x00 -> 0xE1
[18:45:15] état+0x11fb (0x34A4E957) : 0x00 -> 0x54
[18:45:17] état+0x10b (0x34A4D867) : 0x12 -> 0x25
[18:45:18] état+0x10b (0x34A4D867) : 0x25 -> 0x31
[18:45:19] état+0x10b (0x34A4D867) : 0x31 -> 0x37
[18:45:19] état+0x10b (0x34A4D867) : 0x37 -> 0x3A
[18:45:20] (adresse bruyante ignorée désormais : 0x34A4D867)
[18:45:34] état+0x0fb (0x34A4D857) : 0x00 -> 0x03
[18:45:34] état+0x113 (0x34A4D86F) : 0x00 -> 0x03
[18:45:34] état+0x12b (0x34A4D887) : 0x00 -> 0x03
[18:45:35] état+0x0fb (0x34A4D857) : 0x03 -> 0x09
[18:45:35] état+0x113 (0x34A4D86F) : 0x03 -> 0x0B
[18:45:35] état+0x127 (0x34A4D883) : 0x00 -> 0x01
[18:45:35] état+0x12b (0x34A4D887) : 0x03 -> 0x06
[18:45:35] état+0x0f3 (0x34A4D84F) : 0x3F -> 0x40
[18:45:35] état+0x0f7 (0x34A4D853) : 0x00 -> 0x01
[18:45:35] état+0x0fb (0x34A4D857) : 0x09 -> 0x10
[18:45:35] état+0x113 (0x34A4D86F) : 0x0B -> 0x11
[18:45:35] état+0x12b (0x34A4D887) : 0x06 -> 0x0F
[18:45:36] état+0x0fb (0x34A4D857) : 0x10 -> 0x16
[18:45:36] état+0x113 (0x34A4D86F) : 0x11 -> 0x14
[18:45:36] état+0x123 (0x34A4D87F) : 0x43 -> 0x44
[18:45:36] état+0x12b (0x34A4D887) : 0x0F -> 0x16
[18:45:36] (adresse bruyante ignorée désormais : 0x34A4D857)
[18:45:36] (adresse bruyante ignorée désormais : 0x34A4D86F)
[18:45:36] (adresse bruyante ignorée désormais : 0x34A4D887)
[18:45:36] état+0x0f3 (0x34A4D84F) : 0x40 -> 0x41
[18:45:37] état+0x123 (0x34A4D87F) : 0x44 -> 0x45
[18:45:37] état+0x123 (0x34A4D87F) : 0x45 -> 0x47
[18:46:00] état+0x0f3 (0x34A4D84F) : 0x41 -> 0x46
[18:46:57] état+0x0f3 (0x34A4D84F) : 0x46 -> 0x47
[18:46:58] état+0x123 (0x34A4D87F) : 0x47 -> 0x49
[18:47:35] état+0x04b (0x34A4D7A7) : 0x0B -> 0x0C
[18:47:35] état+0x19c (0x34A4D8F8) : 0x01 -> 0x00
[18:47:35] état+0x9ab (0x34A4E107) : 0xC8 -> 0xB8
[18:47:35] 0x34A4FD33 (0x34A4FD33) : 0x00 -> 0x08
[18:48:25] état+0x15fb (0x34A4ED57) : 0x06 -> 0x07
[18:48:25] état+0x1607 (0x34A4ED63) : 0xC8 -> 0xD8
[18:48:25] état+0x166c (0x34A4EDC8) : 0x34 -> 0x3C
[18:48:25] état+0x166d (0x34A4EDC9) : 0xA4 -> 0x65
[18:48:25] état+0x166e (0x34A4EDCA) : 0xED -> 0x85
[18:48:25] état+0x166f (0x34A4EDCB) : 0xD8 -> 0x40
[18:48:25] état+0x1670 (0x34A4EDCC) : 0x00 -> 0x3F
[18:48:25] état+0x1671 (0x34A4EDCD) : 0x00 -> 0x80
[18:48:25] état+0x1674 (0x34A4EDD0) : 0x00 -> 0x3D
[18:48:25] état+0x1675 (0x34A4EDD1) : 0x00 -> 0xA8
[18:48:25] état+0x1676 (0x34A4EDD2) : 0x00 -> 0xCE
[18:48:25] état+0x1677 (0x34A4EDD3) : 0x00 -> 0x86
[18:48:25] état+0x1678 (0x34A4EDD4) : 0x00 -> 0x3F
[18:48:25] état+0x1679 (0x34A4EDD5) : 0x00 -> 0x80
[18:48:25] état+0x1c64 (0x34A4F3C0) : 0x00 -> 0x34
[18:48:25] état+0x1c65 (0x34A4F3C1) : 0x00 -> 0xA4
[18:48:25] état+0x1c66 (0x34A4F3C2) : 0x00 -> 0xED
[18:48:25] état+0x1c67 (0x34A4F3C3) : 0x00 -> 0xC8
[18:48:27] état+0x051 (0x34A4D7AD) : 0x10 -> 0x20
[18:48:32] état+0x15fb (0x34A4ED57) : 0x07 -> 0x08
[18:48:32] état+0x1607 (0x34A4ED63) : 0xD8 -> 0xE8
[18:48:32] état+0x167c (0x34A4EDD8) : 0x34 -> 0x3F
[18:48:32] état+0x167d (0x34A4EDD9) : 0xA4 -> 0x80
[18:48:32] état+0x167e (0x34A4EDDA) : 0xED -> 0x00
[18:48:32] état+0x167f (0x34A4EDDB) : 0xE8 -> 0x00
[18:48:32] état+0x1680 (0x34A4EDDC) : 0x00 -> 0x3F
[18:48:32] état+0x1681 (0x34A4EDDD) : 0x00 -> 0x48
[18:48:32] état+0x1682 (0x34A4EDDE) : 0x00 -> 0xC8
[18:48:32] état+0x1683 (0x34A4EDDF) : 0x00 -> 0xC9
[18:48:32] état+0x1688 (0x34A4EDE4) : 0x00 -> 0x3F
[18:48:32] état+0x1689 (0x34A4EDE5) : 0x00 -> 0x80
[18:48:32] état+0x1c68 (0x34A4F3C4) : 0x00 -> 0x34
[18:48:32] état+0x1c69 (0x34A4F3C5) : 0x00 -> 0xA4
[18:48:32] état+0x1c6a (0x34A4F3C6) : 0x00 -> 0xED
[18:48:32] état+0x1c6b (0x34A4F3C7) : 0x00 -> 0xD8
[18:48:34] état+0x051 (0x34A4D7AD) : 0x20 -> 0x30
[18:48:39] état+0x15fb (0x34A4ED57) : 0x08 -> 0x09
[18:48:39] état+0x1607 (0x34A4ED63) : 0xE8 -> 0xF8
[18:48:39] état+0x168c (0x34A4EDE8) : 0x34 -> 0x3F
[18:48:39] état+0x168d (0x34A4EDE9) : 0xA4 -> 0x80
[18:48:39] état+0x168e (0x34A4EDEA) : 0xED -> 0x00
[18:48:39] état+0x168f (0x34A4EDEB) : 0xF8 -> 0x00
[18:48:39] état+0x1690 (0x34A4EDEC) : 0x00 -> 0x3F
[18:48:39] état+0x1691 (0x34A4EDED) : 0x00 -> 0x48
[18:48:39] état+0x1692 (0x34A4EDEE) : 0x00 -> 0xC8
[18:48:39] état+0x1693 (0x34A4EDEF) : 0x00 -> 0xC9
[18:48:39] état+0x1698 (0x34A4EDF4) : 0x00 -> 0x3F
[18:48:39] état+0x1699 (0x34A4EDF5) : 0x00 -> 0x80
[18:48:39] état+0x1c6c (0x34A4F3C8) : 0x00 -> 0x34
[18:48:39] état+0x1c6d (0x34A4F3C9) : 0x00 -> 0xA4
[18:48:39] état+0x1c6e (0x34A4F3CA) : 0x00 -> 0xED
[18:48:39] état+0x1c6f (0x34A4F3CB) : 0x00 -> 0xE8
[18:48:40] état+0x051 (0x34A4D7AD) : 0x30 -> 0x40
[18:48:40] état+0x057 (0x34A4D7B3) : 0x0A -> 0x0B
[18:48:40] état+0x07e (0x34A4D7DA) : 0xC0 -> 0xD0
[18:48:40] état+0x617 (0x34A4DD73) : 0x00 -> 0x01
[18:48:40] état+0x690 (0x34A4DDEC) : 0x00 -> 0x06
[18:48:40] état+0x693 (0x34A4DDEF) : 0x00 -> 0x1C
[18:48:40] état+0x734 (0x34A4DE90) : 0x40 -> 0x50
[18:48:40] 0x34A4FFFF (0x34A4FFFF) : 0x05 -> 0x02
[18:48:47] 0x34A4FD1C (0x34A4FD1C) : 0x00 -> 0x3F
[18:48:47] 0x34A4FD1D (0x34A4FD1D) : 0x00 -> 0x80
[18:48:47] 0x34A4FD20 (0x34A4FD20) : 0x00 -> 0x3F
[18:48:47] 0x34A4FD21 (0x34A4FD21) : 0x00 -> 0x5C
[18:48:47] 0x34A4FD22 (0x34A4FD22) : 0x00 -> 0xDC
[18:48:47] 0x34A4FD23 (0x34A4FD23) : 0x00 -> 0xDE
[18:48:47] 0x34A4FD24 (0x34A4FD24) : 0x3F -> 0x00
[18:48:47] 0x34A4FD25 (0x34A4FD25) : 0x80 -> 0x00
[18:48:49] état+0x15fb (0x34A4ED57) : 0x09 -> 0x08
[18:48:49] état+0x1607 (0x34A4ED63) : 0xF8 -> 0x68
[18:48:49] état+0x160c (0x34A4ED68) : 0x3F -> 0x34
[18:48:49] état+0x160d (0x34A4ED69) : 0x80 -> 0xA4
[18:48:49] état+0x160e (0x34A4ED6A) : 0x00 -> 0xED
[18:48:49] état+0x160f (0x34A4ED6B) : 0x00 -> 0xF8
[18:48:49] état+0x1c4f (0x34A4F3AB) : 0x68 -> 0x78
[18:48:49] état+0x1c53 (0x34A4F3AF) : 0x78 -> 0x88
[18:48:49] état+0x1c57 (0x34A4F3B3) : 0x88 -> 0x98
[18:48:49] état+0x1c5b (0x34A4F3B7) : 0x98 -> 0xA8
[18:48:49] état+0x1c5f (0x34A4F3BB) : 0xA8 -> 0xB8
[18:48:49] état+0x1c63 (0x34A4F3BF) : 0xB8 -> 0xC8
[18:48:49] état+0x1c67 (0x34A4F3C3) : 0xC8 -> 0xD8
[18:48:49] état+0x1c6b (0x34A4F3C7) : 0xD8 -> 0xE8
[18:48:51] état+0x051 (0x34A4D7AD) : 0x40 -> 0x30
[18:48:54] (adresse bruyante ignorée désormais : 0x34A4ED57)
[18:48:54] (adresse bruyante ignorée désormais : 0x34A4ED63)
[18:48:54] état+0x9e7 (0x34A4E143) : 0x01 -> 0x00
[18:48:54] état+0x9f3 (0x34A4E14F) : 0x5C -> 0x54
[18:48:54] état+0x9f8 (0x34A4E154) : 0x06 -> 0x34
[18:48:54] état+0x9f9 (0x34A4E155) : 0x00 -> 0xA4
[18:48:54] état+0x9fa (0x34A4E156) : 0x00 -> 0xE1
[18:48:54] état+0x9fb (0x34A4E157) : 0x1C -> 0x5C
[18:48:54] état+0x1606 (0x34A4ED62) : 0xED -> 0xEE
[18:48:54] état+0x160c (0x34A4ED68) : 0x34 -> 0x00
[18:48:54] état+0x160d (0x34A4ED69) : 0xA4 -> 0x00
[18:48:54] état+0x160e (0x34A4ED6A) : 0xED -> 0x00
[18:48:54] état+0x160f (0x34A4ED6B) : 0xF8 -> 0x00
[18:48:54] état+0x1610 (0x34A4ED6C) : 0x3F -> 0x00
[18:48:54] état+0x1611 (0x34A4ED6D) : 0x5C -> 0x00
[18:48:54] état+0x1612 (0x34A4ED6E) : 0xDC -> 0x00
[18:48:54] état+0x1613 (0x34A4ED6F) : 0xDE -> 0x00
[18:48:54] état+0x169c (0x34A4EDF8) : 0x34 -> 0x00
[18:48:54] état+0x169d (0x34A4EDF9) : 0xA4 -> 0x00
[18:48:54] état+0x169e (0x34A4EDFA) : 0xEE -> 0x00
[18:48:54] état+0x169f (0x34A4EDFB) : 0x08 -> 0x00
[18:48:54] état+0x16a8 (0x34A4EE04) : 0x00 -> 0x3F
[18:48:54] état+0x16a9 (0x34A4EE05) : 0x00 -> 0x80
[18:48:54] état+0x16ac (0x34A4EE08) : 0x34 -> 0x00
[18:48:54] état+0x16ad (0x34A4EE09) : 0xA4 -> 0x00
[18:48:54] état+0x16ae (0x34A4EE0A) : 0xEE -> 0x00
[18:48:54] état+0x16af (0x34A4EE0B) : 0x18 -> 0x00
[18:48:54] état+0x16b8 (0x34A4EE14) : 0x00 -> 0x3F
[18:48:54] état+0x16b9 (0x34A4EE15) : 0x00 -> 0x80
[18:48:54] état+0x1c6f (0x34A4F3CB) : 0xE8 -> 0x68
[18:48:54] état+0x1c70 (0x34A4F3CC) : 0x00 -> 0x34
[18:48:54] état+0x1c71 (0x34A4F3CD) : 0x00 -> 0xA4
[18:48:54] état+0x1c72 (0x34A4F3CE) : 0x00 -> 0xED
[18:48:54] état+0x1c73 (0x34A4F3CF) : 0x00 -> 0xF8
[18:48:54] état+0x1c74 (0x34A4F3D0) : 0x00 -> 0x34
[18:48:54] état+0x1c75 (0x34A4F3D1) : 0x00 -> 0xA4
[18:48:54] état+0x1c76 (0x34A4F3D2) : 0x00 -> 0xEE
[18:48:54] état+0x1c77 (0x34A4F3D3) : 0x00 -> 0x08
[18:49:50] état+0x997 (0x34A4E0F3) : 0x0A -> 0x0B
[18:50:02] état+0x593 (0x34A4DCEF) : 0x02 -> 0x00
[18:50:11] état+0x0c7 (0x34A4D823) : 0x01 -> 0x03
[18:50:11] état+0x0cb (0x34A4D827) : 0x00 -> 0x26
