[11:25:55] Journal démarré : 0x34A4C000 + 0x4000, toutes les 0.5 s
[11:26:39] 0x34A4FECA (0x34A4FECA) : 0x00 -> 0x02
[11:26:41] état+0x05b (0x34A4D7B7) : 0xDA -> 0xDB
[11:27:18] état+0x04f (0x34A4D7AB) : 0x81 -> 0x82
[11:27:18] état+0x909 (0x34A4E065) : 0x0F -> 0x1F
[11:27:24] état+0x9e7 (0x34A4E143) : 0x01 -> 0x02
[11:27:24] état+0x9f3 (0x34A4E14F) : 0x84 -> 0x7C
[11:27:24] état+0xa28 (0x34A4E184) : 0x34 -> 0x06
[11:27:24] état+0xa29 (0x34A4E185) : 0xA4 -> 0x00
[11:27:24] état+0xa2a (0x34A4E186) : 0xE1 -> 0x00
[11:27:24] état+0xa2b (0x34A4E187) : 0x7C -> 0x22
[11:27:24] état+0xa2f (0x34A4E18B) : 0xD7 -> 0xCD
[11:27:24] état+0x11ff (0x34A4E95B) : 0x64 -> 0x84
[11:27:41] état+0x0e7 (0x34A4D843) : 0x21 -> 0x1D
[11:27:41] état+0x0fb (0x34A4D857) : 0x1A -> 0x15
[11:27:41] état+0x10b (0x34A4D867) : 0x45 -> 0x40
[11:27:41] état+0x117 (0x34A4D873) : 0x0F -> 0x0A
[11:27:41] état+0x12b (0x34A4D887) : 0x0B -> 0x06
[11:27:43] état+0x0e7 (0x34A4D843) : 0x1D -> 0x1E
[11:27:44] état+0x117 (0x34A4D873) : 0x0A -> 0x23
[11:27:45] état+0x117 (0x34A4D873) : 0x23 -> 0x2F
[11:27:45] état+0x117 (0x34A4D873) : 0x2F -> 0x35
[11:27:46] (adresse bruyante ignorée désormais : 0x34A4D873)
[11:27:54] état+0x0e7 (0x34A4D843) : 0x1E -> 0x1F
[11:27:54] état+0x0ef (0x34A4D84B) : 0x00 -> 0x04
[11:27:54] état+0x113 (0x34A4D86F) : 0x00 -> 0x01
[11:27:54] état+0x12b (0x34A4D887) : 0x06 -> 0x07
[11:27:54] état+0x0e7 (0x34A4D843) : 0x1F -> 0x20
[11:27:54] état+0x0ef (0x34A4D84B) : 0x04 -> 0x10
[11:27:54] état+0x10b (0x34A4D867) : 0x40 -> 0x41
[11:27:54] état+0x113 (0x34A4D86F) : 0x01 -> 0x05
[11:27:54] état+0x12b (0x34A4D887) : 0x07 -> 0x0B
[11:27:55] état+0x0ef (0x34A4D84B) : 0x10 -> 0x17
[11:27:55] état+0x0fb (0x34A4D857) : 0x15 -> 0x16
[11:27:55] état+0x10b (0x34A4D867) : 0x41 -> 0x42
[11:27:55] état+0x113 (0x34A4D86F) : 0x05 -> 0x08
[11:27:55] état+0x11f (0x34A4D87B) : 0x00 -> 0x0B
[11:27:55] état+0x12b (0x34A4D887) : 0x0B -> 0x12
[11:27:55] (adresse bruyante ignorée désormais : 0x34A4D843)
[11:27:55] (adresse bruyante ignorée désormais : 0x34A4D887)
[11:27:55] état+0x0ef (0x34A4D84B) : 0x17 -> 0x1C
[11:27:55] état+0x0fb (0x34A4D857) : 0x16 -> 0x19
[11:27:55] état+0x10b (0x34A4D867) : 0x42 -> 0x43
[11:27:55] état+0x113 (0x34A4D86F) : 0x08 -> 0x09
[11:27:55] état+0x11f (0x34A4D87B) : 0x0B -> 0x14
[11:27:56] (adresse bruyante ignorée désormais : 0x34A4D867)
[11:27:56] état+0x0fb (0x34A4D857) : 0x19 -> 0x1A
[11:27:56] état+0x11f (0x34A4D87B) : 0x14 -> 0x1B
[11:27:56] état+0x11f (0x34A4D87B) : 0x1B -> 0x1C
[11:28:00] état+0x04b (0x34A4D7A7) : 0x17 -> 0x18
[11:28:00] état+0x19c (0x34A4D8F8) : 0x01 -> 0x00
[11:28:00] état+0x9a6 (0x34A4E102) : 0xFF -> 0xFE
[11:28:00] état+0x9a7 (0x34A4E103) : 0xEE -> 0xFB
[11:28:00] 0x34A4FD33 (0x34A4FD33) : 0x00 -> 0x08
[11:28:17] état+0x0c7 (0x34A4D823) : 0x03 -> 0x01
[11:28:17] état+0x0cb (0x34A4D827) : 0x1F -> 0x00
[11:28:41] état+0x15fb (0x34A4ED57) : 0x19 -> 0x1A
[11:28:41] état+0x1606 (0x34A4ED62) : 0xED -> 0xEF
[11:28:41] état+0x1607 (0x34A4ED63) : 0x78 -> 0x08
[11:28:41] état+0x161c (0x34A4ED78) : 0x34 -> 0x3F
[11:28:41] état+0x161d (0x34A4ED79) : 0xA4 -> 0x21
[11:28:41] état+0x161e (0x34A4ED7A) : 0xEF -> 0x94
[11:28:41] état+0x161f (0x34A4ED7B) : 0x08 -> 0xCA
[11:28:41] état+0x1620 (0x34A4ED7C) : 0x00 -> 0x3F
[11:28:41] état+0x1621 (0x34A4ED7D) : 0x00 -> 0x80
[11:28:41] état+0x1624 (0x34A4ED80) : 0x00 -> 0x3B
[11:28:41] état+0x1625 (0x34A4ED81) : 0x00 -> 0x0C
[11:28:41] état+0x1626 (0x34A4ED82) : 0x00 -> 0x2D
[11:28:41] état+0x1cb2 (0x34A4F40E) : 0xEE -> 0xED
[11:28:41] état+0x1cb3 (0x34A4F40F) : 0xF8 -> 0x78
[11:28:43] état+0x051 (0x34A4D7AD) : 0xC8 -> 0xD0
[11:28:47] état+0x072 (0x34A4D7CE) : 0xCD -> 0xCF
[11:28:47] état+0x613 (0x34A4DD6F) : 0x01 -> 0x02
[11:28:47] 0x34A4FFFF (0x34A4FFFF) : 0x05 -> 0x02
[11:28:53] état+0x15fb (0x34A4ED57) : 0x1A -> 0x1B
[11:28:53] état+0x1607 (0x34A4ED63) : 0x08 -> 0x18
[11:28:53] état+0x17ac (0x34A4EF08) : 0x34 -> 0x3F
[11:28:53] état+0x17ad (0x34A4EF09) : 0xA4 -> 0x33
[11:28:53] état+0x17ae (0x34A4EF0A) : 0xEF -> 0x50
[11:28:53] état+0x17af (0x34A4EF0B) : 0x18 -> 0xA8
[11:28:53] état+0x17b0 (0x34A4EF0C) : 0x00 -> 0x3F
[11:28:53] état+0x17b1 (0x34A4EF0D) : 0x00 -> 0x80
[11:28:53] état+0x17b8 (0x34A4EF14) : 0x00 -> 0x3F
[11:28:53] état+0x17b9 (0x34A4EF15) : 0x00 -> 0x80
[11:28:53] état+0x1cb4 (0x34A4F410) : 0x00 -> 0x34
[11:28:53] état+0x1cb5 (0x34A4F411) : 0x00 -> 0xA4
[11:28:53] état+0x1cb6 (0x34A4F412) : 0x00 -> 0xEF
[11:28:53] état+0x1cb7 (0x34A4F413) : 0x00 -> 0x08
[11:28:55] état+0x051 (0x34A4D7AD) : 0xD0 -> 0xD8
[11:28:59] état+0x15fb (0x34A4ED57) : 0x1B -> 0x1C
[11:28:59] état+0x1607 (0x34A4ED63) : 0x18 -> 0x28
[11:28:59] état+0x17bc (0x34A4EF18) : 0x34 -> 0x3F
[11:28:59] état+0x17bd (0x34A4EF19) : 0xA4 -> 0x48
[11:28:59] état+0x17be (0x34A4EF1A) : 0xEF -> 0xC8
[11:28:59] état+0x17bf (0x34A4EF1B) : 0x28 -> 0xC8
[11:28:59] état+0x17c0 (0x34A4EF1C) : 0x00 -> 0x3F
[11:28:59] état+0x17c1 (0x34A4EF1D) : 0x00 -> 0x80
[11:28:59] état+0x17c8 (0x34A4EF24) : 0x00 -> 0x3F
[11:28:59] état+0x17c9 (0x34A4EF25) : 0x00 -> 0x80
[11:28:59] état+0x1cb8 (0x34A4F414) : 0x00 -> 0x34
[11:28:59] état+0x1cb9 (0x34A4F415) : 0x00 -> 0xA4
[11:28:59] état+0x1cba (0x34A4F416) : 0x00 -> 0xEF
[11:28:59] état+0x1cbb (0x34A4F417) : 0x00 -> 0x18
[11:29:01] état+0x051 (0x34A4D7AD) : 0xD8 -> 0xE0
[11:29:06] état+0x15fb (0x34A4ED57) : 0x1C -> 0x1D
[11:29:06] état+0x1607 (0x34A4ED63) : 0x28 -> 0x38
[11:29:06] état+0x17cc (0x34A4EF28) : 0x34 -> 0x3F
[11:29:06] état+0x17cd (0x34A4EF29) : 0xA4 -> 0x48
[11:29:06] état+0x17ce (0x34A4EF2A) : 0xEF -> 0xC8
[11:29:06] état+0x17cf (0x34A4EF2B) : 0x38 -> 0xC8
[11:29:06] état+0x17d0 (0x34A4EF2C) : 0x00 -> 0x3F
[11:29:06] état+0x17d1 (0x34A4EF2D) : 0x00 -> 0x80
[11:29:06] état+0x17d8 (0x34A4EF34) : 0x00 -> 0x3F
[11:29:06] état+0x17d9 (0x34A4EF35) : 0x00 -> 0x80
[11:29:06] état+0x1cbc (0x34A4F418) : 0x00 -> 0x34
[11:29:06] état+0x1cbd (0x34A4F419) : 0x00 -> 0xA4
[11:29:06] état+0x1cbe (0x34A4F41A) : 0x00 -> 0xEF
[11:29:06] état+0x1cbf (0x34A4F41B) : 0x00 -> 0x28
[11:29:07] état+0x051 (0x34A4D7AD) : 0xE0 -> 0xE8
[11:29:11] (adresse bruyante ignorée désormais : 0x34A4D7AD)
[11:29:11] état+0x057 (0x34A4D7B3) : 0x14 -> 0x15
[11:29:11] état+0x072 (0x34A4D7CE) : 0xCF -> 0xEF
[11:29:11] état+0x62f (0x34A4DD8B) : 0x00 -> 0x01
[11:29:11] état+0x6b8 (0x34A4DE14) : 0x00 -> 0x06
[11:29:11] état+0x6bb (0x34A4DE17) : 0x00 -> 0x22
[11:29:11] état+0x73b (0x34A4DE97) : 0xD9 -> 0xDD
[11:29:17] 0x34A4FD1C (0x34A4FD1C) : 0x00 -> 0x3F
[11:29:17] 0x34A4FD1D (0x34A4FD1D) : 0x00 -> 0x80
[11:29:17] 0x34A4FD20 (0x34A4FD20) : 0x00 -> 0x3F
[11:29:17] 0x34A4FD21 (0x34A4FD21) : 0x00 -> 0x48
[11:29:17] 0x34A4FD22 (0x34A4FD22) : 0x00 -> 0x6A
[11:29:17] 0x34A4FD23 (0x34A4FD23) : 0x00 -> 0x9E
[11:29:17] 0x34A4FD24 (0x34A4FD24) : 0x00 -> 0x3B
[11:29:17] 0x34A4FD25 (0x34A4FD25) : 0x00 -> 0x2B
[11:29:17] 0x34A4FD26 (0x34A4FD26) : 0x00 -> 0xEA
[11:29:19] (adresse bruyante ignorée désormais : 0x34A4ED57)
[11:29:19] (adresse bruyante ignorée désormais : 0x34A4ED63)
[11:29:19] état+0x1606 (0x34A4ED62) : 0xEF -> 0xED
[11:29:19] état+0x162c (0x34A4ED88) : 0x3F -> 0x34
[11:29:19] état+0x162d (0x34A4ED89) : 0x80 -> 0xA4
[11:29:19] état+0x162e (0x34A4ED8A) : 0x00 -> 0xEF
[11:29:19] état+0x162f (0x34A4ED8B) : 0x00 -> 0x38
[11:29:19] état+0x1c4f (0x34A4F3AB) : 0x88 -> 0x98
[11:29:19] état+0x1c53 (0x34A4F3AF) : 0x98 -> 0xA8
[11:29:19] état+0x1c57 (0x34A4F3B3) : 0xA8 -> 0xB8
[11:29:19] état+0x1c5b (0x34A4F3B7) : 0xB8 -> 0xC8
[11:29:19] état+0x1c5f (0x34A4F3BB) : 0xC8 -> 0xD8
[11:29:19] état+0x1c63 (0x34A4F3BF) : 0xD8 -> 0xE8
[11:29:19] état+0x1c67 (0x34A4F3C3) : 0xE8 -> 0xF8
[11:29:19] état+0x1c6a (0x34A4F3C6) : 0xED -> 0xEE
[11:29:19] état+0x1c6b (0x34A4F3C7) : 0xF8 -> 0x08
[11:29:19] état+0x1c6f (0x34A4F3CB) : 0x08 -> 0x18
[11:29:19] état+0x1c73 (0x34A4F3CF) : 0x18 -> 0x28
[11:29:19] état+0x1c77 (0x34A4F3D3) : 0x28 -> 0x38
[11:29:19] état+0x1c7b (0x34A4F3D7) : 0x38 -> 0x48
[11:29:19] état+0x1c7f (0x34A4F3DB) : 0x48 -> 0x58
[11:29:19] état+0x1c83 (0x34A4F3DF) : 0x58 -> 0x68
[11:29:19] état+0x1c87 (0x34A4F3E3) : 0x68 -> 0x78
[11:29:19] état+0x1c8b (0x34A4F3E7) : 0x78 -> 0x88
[11:29:19] état+0x1c8f (0x34A4F3EB) : 0x88 -> 0x98
[11:29:19] état+0x1c93 (0x34A4F3EF) : 0x98 -> 0xA8
[11:29:19] état+0x1c97 (0x34A4F3F3) : 0xA8 -> 0xB8
[11:29:19] état+0x1c9a (0x34A4F3F6) : 0xEE -> 0xED
[11:29:19] état+0x1c9b (0x34A4F3F7) : 0xB8 -> 0x68
[11:29:19] état+0x1c9e (0x34A4F3FA) : 0xED -> 0xEE
[11:29:19] état+0x1c9f (0x34A4F3FB) : 0x68 -> 0xC8
[11:29:19] état+0x1ca3 (0x34A4F3FF) : 0xC8 -> 0xD8
[11:29:19] état+0x1ca7 (0x34A4F403) : 0xD8 -> 0xE8
[11:29:19] état+0x1cab (0x34A4F407) : 0xE8 -> 0xF8
[11:29:19] état+0x1cae (0x34A4F40A) : 0xEE -> 0xED
[11:29:19] état+0x1caf (0x34A4F40B) : 0xF8 -> 0x78
[11:29:19] état+0x1cb2 (0x34A4F40E) : 0xED -> 0xEF
[11:29:19] état+0x1cb3 (0x34A4F40F) : 0x78 -> 0x08
[11:29:19] état+0x1cb7 (0x34A4F413) : 0x08 -> 0x18
[11:29:19] état+0x1cbb (0x34A4F417) : 0x18 -> 0x28
[11:29:24] état+0x9e7 (0x34A4E143) : 0x02 -> 0x00
[11:29:24] état+0x9f3 (0x34A4E14F) : 0x7C -> 0x84
[11:29:24] état+0xa28 (0x34A4E184) : 0x06 -> 0x34
[11:29:24] état+0xa29 (0x34A4E185) : 0x00 -> 0xA4
[11:29:24] état+0xa2a (0x34A4E186) : 0x00 -> 0xE1
[11:29:24] état+0xa2b (0x34A4E187) : 0x22 -> 0x8C
[11:29:24] état+0xa30 (0x34A4E18C) : 0x06 -> 0x34
[11:29:24] état+0xa31 (0x34A4E18D) : 0x00 -> 0xA4
[11:29:24] état+0xa32 (0x34A4E18E) : 0x00 -> 0xE1
[11:29:24] état+0xa33 (0x34A4E18F) : 0x1B -> 0x7C
[11:29:51] état+0x993 (0x34A4E0EF) : 0x16 -> 0x17
[11:29:59] état+0x0c7 (0x34A4D823) : 0x01 -> 0x03
[11:29:59] état+0x0cb (0x34A4D827) : 0x00 -> 0x2A
[11:30:27] état+0x0c7 (0x34A4D823) : 0x03 -> 0x01
[11:30:27] état+0x0cb (0x34A4D827) : 0x2A -> 0x00
[11:30:30] état+0x593 (0x34A4DCEF) : 0x01 -> 0x04
[11:30:58] état+0x9e3 (0x34A4E13F) : 0x00 -> 0x82
[11:30:58] état+0x19c (0x34A4D8F8) : 0x00 -> 0x01
[11:30:58] état+0x1ef (0x34A4D94B) : 0x0C -> 0x00
[11:30:58] état+0x20b (0x34A4D967) : 0x0C -> 0x00
[11:30:58] état+0x27f (0x34A4D9DB) : 0x0C -> 0x00
[11:30:58] état+0x29b (0x34A4D9F7) : 0x0C -> 0x00
[11:30:58] état+0x54f (0x34A4DCAB) : 0x18 -> 0x00
[11:30:58] état+0x56b (0x34A4DCC7) : 0x18 -> 0x00
[11:30:58] état+0x597 (0x34A4DCF3) : 0x01 -> 0x04
[11:30:58] 0x34A4FD33 (0x34A4FD33) : 0x08 -> 0x00
[11:30:58] 0x34A4FE0B (0x34A4FE0B) : 0x00 -> 0x01
[11:31:16] état+0x04f (0x34A4D7AB) : 0x82 -> 0x83
[11:31:22] état+0x0ef (0x34A4D84B) : 0x1C -> 0x08
[11:31:22] état+0x0fb (0x34A4D857) : 0x1A -> 0x06
[11:31:22] état+0x113 (0x34A4D86F) : 0x09 -> 0x00
[11:31:22] état+0x11f (0x34A4D87B) : 0x1C -> 0x08
[11:31:33] 0x34A4FFBF (0x34A4FFBF) : 0x0F -> 0x1F
[11:31:33] 0x34A4FFFF (0x34A4FFFF) : 0x02 -> 0x05
[11:32:24] 0x34A4FE0A (0x34A4FE0A) : 0x00 -> 0x10
[11:32:46] état+0x04f (0x34A4D7AB) : 0x83 -> 0x84
[11:32:49] 0x34A4FE0A (0x34A4FE0A) : 0x10 -> 0x50
[11:33:10] 0x34A4FE09 (0x34A4FE09) : 0x00 -> 0x01
[11:33:29] 0x34A4FF5C (0x34A4FF5C) : 0x0F -> 0x1F
[11:33:29] 0x34A4FFFF (0x34A4FFFF) : 0x05 -> 0x02
[11:33:31] 0x34A4FF5C (0x34A4FF5C) : 0x1F -> 0x3F
[11:33:50] 0x34A4FE0B (0x34A4FE0B) : 0x01 -> 0x03
[11:34:18] état+0x04f (0x34A4D7AB) : 0x84 -> 0x85
[11:35:16] état+0x1ef (0x34A4D94B) : 0x00 -> 0x02
[11:35:16] état+0x20b (0x34A4D967) : 0x00 -> 0x02
[11:35:16] état+0x3c3 (0x34A4DB1F) : 0x19 -> 0x1B
[11:35:16] état+0x3df (0x34A4DB3B) : 0x19 -> 0x1B
[11:35:16] état+0x54f (0x34A4DCAB) : 0x00 -> 0x02
[11:35:16] état+0x56b (0x34A4DCC7) : 0x00 -> 0x02
[11:35:16] état+0x573 (0x34A4DCCF) : 0x5D -> 0x5F
[11:35:16] état+0x58f (0x34A4DCEB) : 0x5D -> 0x5F
[11:35:52] 0x34A4FF3E (0x34A4FF3E) : 0x00 -> 0x04
[11:35:52] 0x34A4FFFF (0x34A4FFFF) : 0x02 -> 0x01
[11:37:06] 0x34A4FF3E (0x34A4FF3E) : 0x04 -> 0x0C
[11:39:39] état+0x1ef (0x34A4D94B) : 0x02 -> 0x03
[11:39:39] état+0x20b (0x34A4D967) : 0x02 -> 0x03
[11:39:39] état+0x3c3 (0x34A4DB1F) : 0x1B -> 0x1C
[11:39:39] état+0x3df (0x34A4DB3B) : 0x1B -> 0x1C
[11:39:39] état+0x54f (0x34A4DCAB) : 0x02 -> 0x03
[11:39:39] état+0x56b (0x34A4DCC7) : 0x02 -> 0x03
[11:39:39] état+0x573 (0x34A4DCCF) : 0x5F -> 0x60
[11:39:39] état+0x58f (0x34A4DCEB) : 0x5F -> 0x60
[11:39:40] état+0x1ef (0x34A4D94B) : 0x03 -> 0x04
[11:39:40] état+0x20b (0x34A4D967) : 0x03 -> 0x04
[11:39:40] état+0x25b (0x34A4D9B7) : 0x00 -> 0x01
[11:39:40] état+0x277 (0x34A4D9D3) : 0x00 -> 0x01
[11:39:40] état+0x3c3 (0x34A4DB1F) : 0x1C -> 0x1D
[11:39:40] état+0x3df (0x34A4DB3B) : 0x1C -> 0x1D
[11:39:40] état+0x42f (0x34A4DB8B) : 0x20 -> 0x22
[11:39:40] état+0x44b (0x34A4DBA7) : 0x21 -> 0x22
[11:39:40] état+0x54f (0x34A4DCAB) : 0x03 -> 0x05
[11:39:40] état+0x56b (0x34A4DCC7) : 0x03 -> 0x05
[11:39:40] état+0x573 (0x34A4DCCF) : 0x60 -> 0x62
[11:39:40] état+0x58f (0x34A4DCEB) : 0x60 -> 0x62
[11:39:41] état+0x1ef (0x34A4D94B) : 0x04 -> 0x10
[11:39:41] état+0x20b (0x34A4D967) : 0x04 -> 0x10
[11:39:41] état+0x213 (0x34A4D96F) : 0x00 -> 0x11
[11:39:41] état+0x22f (0x34A4D98B) : 0x00 -> 0x11
[11:39:41] état+0x25b (0x34A4D9B7) : 0x01 -> 0x0D
[11:39:41] état+0x277 (0x34A4D9D3) : 0x01 -> 0x0D
[11:39:41] état+0x27f (0x34A4D9DB) : 0x00 -> 0x0A
[11:39:41] état+0x29b (0x34A4D9F7) : 0x00 -> 0x0A
[11:39:41] état+0x2a3 (0x34A4D9FF) : 0x00 -> 0x12
[11:39:41] état+0x2bf (0x34A4DA1B) : 0x00 -> 0x12
[11:39:41] état+0x3c3 (0x34A4DB1F) : 0x1D -> 0x29
[11:39:41] état+0x3df (0x34A4DB3B) : 0x1D -> 0x29
[11:39:41] état+0x3e7 (0x34A4DB43) : 0x06 -> 0x18
[11:39:41] état+0x403 (0x34A4DB5F) : 0x07 -> 0x18
[11:39:41] état+0x42f (0x34A4DB8B) : 0x22 -> 0x2E
[11:39:41] état+0x44b (0x34A4DBA7) : 0x22 -> 0x2E
[11:39:41] état+0x453 (0x34A4DBAF) : 0x11 -> 0x1B
[11:39:41] état+0x46f (0x34A4DBCB) : 0x11 -> 0x1B
[11:39:41] état+0x477 (0x34A4DBD3) : 0x0B -> 0x1D
[11:39:41] état+0x493 (0x34A4DBEF) : 0x0B -> 0x1D
[11:39:41] état+0x54f (0x34A4DCAB) : 0x05 -> 0x4A
[11:39:41] état+0x56b (0x34A4DCC7) : 0x05 -> 0x4A
[11:39:41] état+0x573 (0x34A4DCCF) : 0x62 -> 0xA7
[11:39:41] état+0x58f (0x34A4DCEB) : 0x62 -> 0xA7
[11:39:41] état+0x1ef (0x34A4D94B) : 0x10 -> 0x12
[11:39:41] état+0x20b (0x34A4D967) : 0x10 -> 0x12
[11:39:41] état+0x213 (0x34A4D96F) : 0x11 -> 0x13
[11:39:41] état+0x22f (0x34A4D98B) : 0x11 -> 0x13
[11:39:41] état+0x25b (0x34A4D9B7) : 0x0D -> 0x12
[11:39:41] état+0x277 (0x34A4D9D3) : 0x0D -> 0x12
[11:39:41] état+0x2a3 (0x34A4D9FF) : 0x12 -> 0x14
[11:39:41] état+0x2bf (0x34A4DA1B) : 0x12 -> 0x14
[11:39:41] état+0x3c3 (0x34A4DB1F) : 0x29 -> 0x2B
[11:39:41] état+0x3df (0x34A4DB3B) : 0x29 -> 0x2B
[11:39:41] état+0x3e7 (0x34A4DB43) : 0x18 -> 0x1A
[11:39:41] état+0x403 (0x34A4DB5F) : 0x18 -> 0x1A
[11:39:41] état+0x42f (0x34A4DB8B) : 0x2E -> 0x33
[11:39:41] état+0x44b (0x34A4DBA7) : 0x2E -> 0x33
[11:39:41] état+0x477 (0x34A4DBD3) : 0x1D -> 0x1F
[11:39:41] état+0x493 (0x34A4DBEF) : 0x1D -> 0x1F
[11:39:41] état+0x54f (0x34A4DCAB) : 0x4A -> 0x55
[11:39:41] état+0x56b (0x34A4DCC7) : 0x4A -> 0x55
[11:39:41] état+0x573 (0x34A4DCCF) : 0xA7 -> 0xB2
[11:39:41] état+0x58f (0x34A4DCEB) : 0xA7 -> 0xB2
[11:40:16] 0x34A4FD32 (0x34A4FD32) : 0x00 -> 0x10
[11:40:30] état+0x0ef (0x34A4D84B) : 0x08 -> 0x64
[11:40:30] état+0x0f3 (0x34A4D84F) : 0x47 -> 0x00
[11:40:30] état+0x0f7 (0x34A4D853) : 0x01 -> 0x00
[11:40:30] état+0x0fb (0x34A4D857) : 0x06 -> 0x64
[11:40:30] état+0x113 (0x34A4D86F) : 0x00 -> 0x64
[11:40:30] état+0x11f (0x34A4D87B) : 0x08 -> 0x64
[11:40:30] état+0x123 (0x34A4D87F) : 0x51 -> 0x00
[11:40:30] état+0x127 (0x34A4D883) : 0x01 -> 0x00
[11:41:07] état+0x25b (0x34A4D9B7) : 0x12 -> 0x13
[11:41:07] état+0x277 (0x34A4D9D3) : 0x12 -> 0x13
[11:41:07] état+0x42f (0x34A4DB8B) : 0x33 -> 0x34
[11:41:07] état+0x44b (0x34A4DBA7) : 0x33 -> 0x34
[11:41:07] état+0x54f (0x34A4DCAB) : 0x55 -> 0x56
[11:41:07] état+0x56b (0x34A4DCC7) : 0x55 -> 0x56
[11:41:07] état+0x573 (0x34A4DCCF) : 0xB2 -> 0xB3
[11:41:07] état+0x58f (0x34A4DCEB) : 0xB2 -> 0xB3
[11:41:08] 0x34A4FE31 (0x34A4FE31) : 0x0F -> 0x4F
[11:41:40] 0x34A4FE0B (0x34A4FE0B) : 0x03 -> 0x43
[11:43:05] état+0x27f (0x34A4D9DB) : 0x0A -> 0x0C
[11:43:05] état+0x29b (0x34A4D9F7) : 0x0A -> 0x0C
[11:43:05] état+0x453 (0x34A4DBAF) : 0x1B -> 0x1D
[11:43:05] état+0x46f (0x34A4DBCB) : 0x1B -> 0x1D
[11:43:05] état+0x54f (0x34A4DCAB) : 0x56 -> 0x58
[11:43:05] état+0x56b (0x34A4DCC7) : 0x56 -> 0x58
[11:43:05] état+0x573 (0x34A4DCCF) : 0xB3 -> 0xB5
[11:43:05] état+0x58f (0x34A4DCEB) : 0xB3 -> 0xB5
[11:44:04] 0x34A4FE0A (0x34A4FE0A) : 0x50 -> 0x58
[11:44:23] état+0x04b (0x34A4D7A7) : 0x18 -> 0x19
[11:44:23] état+0x0ef (0x34A4D84B) : 0x64 -> 0x66
[11:44:23] état+0x0fb (0x34A4D857) : 0x64 -> 0x65
[11:44:23] état+0x113 (0x34A4D86F) : 0x64 -> 0x65
[11:44:23] état+0x11f (0x34A4D87B) : 0x64 -> 0x6C
[11:44:23] état+0x19c (0x34A4D8F8) : 0x01 -> 0x00
[11:44:23] état+0x90a (0x34A4E066) : 0x0F -> 0x1F
[11:44:23] état+0x90b (0x34A4E067) : 0x0F -> 0x1F
[11:44:23] état+0x9b2 (0x34A4E10E) : 0x00 -> 0x5F
[11:44:23] état+0x9b3 (0x34A4E10F) : 0x00 -> 0x9E
[11:44:23] 0x34A4FD33 (0x34A4FD33) : 0x00 -> 0x08
[11:44:48] 0x34A4FD22 (0x34A4FD22) : 0x6A -> 0xC8
[11:44:48] 0x34A4FD23 (0x34A4FD23) : 0x9E -> 0xC9
[11:44:48] 0x34A4FD24 (0x34A4FD24) : 0x3B -> 0x00
[11:44:48] 0x34A4FD25 (0x34A4FD25) : 0x2B -> 0x00
[11:44:48] 0x34A4FD26 (0x34A4FD26) : 0xEA -> 0x00
[11:44:50] état+0x163c (0x34A4ED98) : 0x3F -> 0x34
[11:44:50] état+0x163d (0x34A4ED99) : 0x80 -> 0xA4
[11:44:50] état+0x163e (0x34A4ED9A) : 0x00 -> 0xED
[11:44:50] état+0x163f (0x34A4ED9B) : 0x00 -> 0x88
[11:44:50] état+0x1c4f (0x34A4F3AB) : 0x98 -> 0xA8
[11:44:50] état+0x1c53 (0x34A4F3AF) : 0xA8 -> 0xB8
[11:44:50] état+0x1c57 (0x34A4F3B3) : 0xB8 -> 0xC8
[11:44:50] état+0x1c5b (0x34A4F3B7) : 0xC8 -> 0xD8
[11:44:50] état+0x1c5f (0x34A4F3BB) : 0xD8 -> 0xE8
[11:44:50] état+0x1c63 (0x34A4F3BF) : 0xE8 -> 0xF8
[11:44:50] état+0x1c66 (0x34A4F3C2) : 0xED -> 0xEE
[11:44:50] état+0x1c67 (0x34A4F3C3) : 0xF8 -> 0x08
[11:44:50] état+0x1c6b (0x34A4F3C7) : 0x08 -> 0x18
[11:44:50] état+0x1c6f (0x34A4F3CB) : 0x18 -> 0x28
[11:44:50] état+0x1c73 (0x34A4F3CF) : 0x28 -> 0x38
[11:44:50] état+0x1c77 (0x34A4F3D3) : 0x38 -> 0x48
[11:44:50] état+0x1c7b (0x34A4F3D7) : 0x48 -> 0x58
[11:44:50] état+0x1c7f (0x34A4F3DB) : 0x58 -> 0x68
[11:44:50] état+0x1c83 (0x34A4F3DF) : 0x68 -> 0x78
[11:44:50] état+0x1c87 (0x34A4F3E3) : 0x78 -> 0x88
[11:44:50] état+0x1c8b (0x34A4F3E7) : 0x88 -> 0x98
[11:44:50] état+0x1c8f (0x34A4F3EB) : 0x98 -> 0xA8
[11:44:50] état+0x1c93 (0x34A4F3EF) : 0xA8 -> 0xB8
[11:44:50] état+0x1c96 (0x34A4F3F2) : 0xEE -> 0xED
[11:44:50] état+0x1c97 (0x34A4F3F3) : 0xB8 -> 0x68
[11:44:50] état+0x1c9a (0x34A4F3F6) : 0xED -> 0xEE
[11:44:50] état+0x1c9b (0x34A4F3F7) : 0x68 -> 0xC8
[11:44:50] état+0x1c9f (0x34A4F3FB) : 0xC8 -> 0xD8
[11:44:50] état+0x1ca3 (0x34A4F3FF) : 0xD8 -> 0xE8
[11:44:50] état+0x1ca7 (0x34A4F403) : 0xE8 -> 0xF8
[11:44:50] état+0x1caa (0x34A4F406) : 0xEE -> 0xED
[11:44:50] état+0x1cab (0x34A4F407) : 0xF8 -> 0x78
[11:44:50] état+0x1cae (0x34A4F40A) : 0xED -> 0xEF
[11:44:50] état+0x1caf (0x34A4F40B) : 0x78 -> 0x08
[11:44:50] état+0x1cb3 (0x34A4F40F) : 0x08 -> 0x18
[11:44:50] état+0x1cb7 (0x34A4F413) : 0x18 -> 0x28
[11:45:02] 0x34A4FFFF (0x34A4FFFF) : 0x01 -> 0x02
[11:45:20] état+0x974 (0x34A4E0D0) : 0xFF -> 0x00
[11:45:20] état+0x975 (0x34A4E0D1) : 0xFF -> 0x00
[11:45:20] état+0x976 (0x34A4E0D2) : 0xFF -> 0x00
[11:45:20] état+0x977 (0x34A4E0D3) : 0xFF -> 0x04
[11:45:20] état+0x99c (0x34A4E0F8) : 0xFF -> 0x00
[11:45:20] état+0x99d (0x34A4E0F9) : 0xFF -> 0x00
[11:45:20] état+0x99e (0x34A4E0FA) : 0xFF -> 0x00
[11:45:20] état+0x99f (0x34A4E0FB) : 0xFF -> 0x18
[11:45:36] état+0x9e3 (0x34A4E13F) : 0x82 -> 0x85
[11:45:36] 0x34A4FE09 (0x34A4FE09) : 0x01 -> 0x00
[11:45:36] 0x34A4FE0B (0x34A4FE0B) : 0x43 -> 0x41
[11:45:37] état+0x19c (0x34A4D8F8) : 0x00 -> 0x01
[11:45:37] état+0x1ef (0x34A4D94B) : 0x12 -> 0x00
[11:45:37] état+0x20b (0x34A4D967) : 0x12 -> 0x00
[11:45:37] état+0x213 (0x34A4D96F) : 0x13 -> 0x00
[11:45:37] état+0x22f (0x34A4D98B) : 0x13 -> 0x00
[11:45:37] état+0x25b (0x34A4D9B7) : 0x13 -> 0x00
[11:45:37] état+0x277 (0x34A4D9D3) : 0x13 -> 0x00
[11:45:37] état+0x27f (0x34A4D9DB) : 0x0C -> 0x00
[11:45:37] état+0x29b (0x34A4D9F7) : 0x0C -> 0x00
[11:45:37] état+0x2a3 (0x34A4D9FF) : 0x14 -> 0x00
[11:45:37] état+0x2bf (0x34A4DA1B) : 0x14 -> 0x00
[11:45:37] état+0x54f (0x34A4DCAB) : 0x58 -> 0x00
[11:45:37] état+0x56b (0x34A4DCC7) : 0x58 -> 0x00
[11:45:37] 0x34A4FD32 (0x34A4FD32) : 0x10 -> 0x00
[11:45:37] 0x34A4FD33 (0x34A4FD33) : 0x08 -> 0x00
[11:45:47] état+0x0ef (0x34A4D84B) : 0x66 -> 0x52
[11:45:47] état+0x0fb (0x34A4D857) : 0x65 -> 0x51
[11:45:47] état+0x113 (0x34A4D86F) : 0x65 -> 0x51
[11:45:47] état+0x11f (0x34A4D87B) : 0x6C -> 0x58
[11:46:38] 0x34A4FE0A (0x34A4FE0A) : 0x58 -> 0x78
[11:46:56] 0x34A4FE09 (0x34A4FE09) : 0x00 -> 0x01
[11:47:05] 0x34A4FE0B (0x34A4FE0B) : 0x41 -> 0x43
[11:51:11] état+0x59b (0x34A4DCF7) : 0x01 -> 0x02
[11:52:19] état+0x25b (0x34A4D9B7) : 0x00 -> 0x01
[11:52:19] état+0x277 (0x34A4D9D3) : 0x00 -> 0x01
[11:52:19] état+0x42f (0x34A4DB8B) : 0x34 -> 0x35
[11:52:19] état+0x44b (0x34A4DBA7) : 0x34 -> 0x35
[11:52:19] état+0x54f (0x34A4DCAB) : 0x00 -> 0x01
[11:52:19] état+0x56b (0x34A4DCC7) : 0x00 -> 0x01
[11:52:19] état+0x573 (0x34A4DCCF) : 0xB5 -> 0xB6
[11:52:19] état+0x58f (0x34A4DCEB) : 0xB5 -> 0xB6
[11:52:23] état+0x25b (0x34A4D9B7) : 0x01 -> 0x04
[11:52:23] état+0x277 (0x34A4D9D3) : 0x01 -> 0x04
[11:52:23] état+0x42f (0x34A4DB8B) : 0x35 -> 0x38
[11:52:23] état+0x44b (0x34A4DBA7) : 0x35 -> 0x38
[11:52:23] état+0x54f (0x34A4DCAB) : 0x01 -> 0x04
[11:52:23] état+0x56b (0x34A4DCC7) : 0x01 -> 0x04
[11:52:23] état+0x573 (0x34A4DCCF) : 0xB6 -> 0xB9
[11:52:23] état+0x58f (0x34A4DCEB) : 0xB6 -> 0xB9
[11:52:30] état+0x25b (0x34A4D9B7) : 0x04 -> 0x05
[11:52:30] état+0x277 (0x34A4D9D3) : 0x04 -> 0x05
[11:52:30] état+0x42f (0x34A4DB8B) : 0x38 -> 0x39
[11:52:30] état+0x44b (0x34A4DBA7) : 0x38 -> 0x39
[11:52:30] état+0x54f (0x34A4DCAB) : 0x04 -> 0x05
[11:52:30] état+0x56b (0x34A4DCC7) : 0x04 -> 0x05
[11:52:30] état+0x573 (0x34A4DCCF) : 0xB9 -> 0xBA
[11:52:30] état+0x58f (0x34A4DCEB) : 0xB9 -> 0xBA
[11:52:32] état+0x25b (0x34A4D9B7) : 0x05 -> 0x08
[11:52:32] état+0x277 (0x34A4D9D3) : 0x05 -> 0x08
[11:52:32] état+0x42f (0x34A4DB8B) : 0x39 -> 0x3C
[11:52:32] état+0x44b (0x34A4DBA7) : 0x39 -> 0x3C
[11:52:32] état+0x54f (0x34A4DCAB) : 0x05 -> 0x08
[11:52:32] état+0x56b (0x34A4DCC7) : 0x05 -> 0x08
[11:52:32] état+0x573 (0x34A4DCCF) : 0xBA -> 0xBD
[11:52:32] état+0x58f (0x34A4DCEB) : 0xBA -> 0xBD
[11:52:34] (adresse bruyante ignorée désormais : 0x34A4D9B7)
[11:52:34] (adresse bruyante ignorée désormais : 0x34A4D9D3)
[11:52:34] (adresse bruyante ignorée désormais : 0x34A4DB8B)
[11:52:34] (adresse bruyante ignorée désormais : 0x34A4DBA7)
[11:52:34] (adresse bruyante ignorée désormais : 0x34A4DCAB)
[11:52:34] (adresse bruyante ignorée désormais : 0x34A4DCC7)
[11:52:34] (adresse bruyante ignorée désormais : 0x34A4DCCF)
[11:52:34] (adresse bruyante ignorée désormais : 0x34A4DCEB)
[11:55:08] 0x34A4FE17 (0x34A4FE17) : 0x00 -> 0x08
[11:55:25] 0x34A4FF7E (0x34A4FF7E) : 0x00 -> 0x01
[11:55:25] 0x34A4FFFF (0x34A4FFFF) : 0x02 -> 0x03
