[19:08:44] Journal démarré : 0x34A4C000 + 0x4000, toutes les 1.0 s
[19:08:48] état+0x123 (0x34A4D87F) : 0x00 -> 0x07
[19:08:48] 0x34A4FE2A (0x34A4FE2A) : 0x02 -> 0x12
[19:08:49] état+0x123 (0x34A4D87F) : 0x07 -> 0x19
[19:08:50] état+0x123 (0x34A4D87F) : 0x19 -> 0x1C
[19:08:51] état+0x123 (0x34A4D87F) : 0x1C -> 0x1F
[19:08:52] (adresse bruyante ignorée désormais : 0x34A4D87F)
[19:08:58] 0x34A4FF1F (0x34A4FF1F) : 0x1F -> 0x9F
[19:08:58] 0x34A4FFFF (0x34A4FFFF) : 0x02 -> 0x00
[19:12:55] état+0x0f3 (0x34A4D84F) : 0x00 -> 0x0B
[19:12:55] état+0x0fb (0x34A4D857) : 0x00 -> 0x07
[19:12:56] état+0x0f3 (0x34A4D84F) : 0x0B -> 0x21
[19:12:56] état+0x0fb (0x34A4D857) : 0x07 -> 0x0B
[19:12:56] état+0x127 (0x34A4D883) : 0x00 -> 0x03
[19:12:57] état+0x0f3 (0x34A4D84F) : 0x21 -> 0x26
[19:14:16] état+0x04b (0x34A4D7A7) : 0x07 -> 0x08
[19:14:16] état+0x19c (0x34A4D8F8) : 0x01 -> 0x00
[19:14:16] état+0x9a7 (0x34A4E103) : 0xA6 -> 0x96
[19:15:28] état+0x15fb (0x34A4ED57) : 0x03 -> 0x04
[19:15:28] état+0x1607 (0x34A4ED63) : 0x68 -> 0xA8
[19:15:28] état+0x160c (0x34A4ED68) : 0x34 -> 0x3F
[19:15:28] état+0x160d (0x34A4ED69) : 0xA4 -> 0x80
[19:15:28] état+0x160e (0x34A4ED6A) : 0xED -> 0x00
[19:15:28] état+0x160f (0x34A4ED6B) : 0xA8 -> 0x00
[19:15:28] état+0x1610 (0x34A4ED6C) : 0x00 -> 0x3A
[19:15:28] état+0x1611 (0x34A4ED6D) : 0x00 -> 0xF2
[19:15:28] état+0x1612 (0x34A4ED6E) : 0x00 -> 0x1E
[19:15:28] état+0x1614 (0x34A4ED70) : 0x00 -> 0x3E
[19:15:28] état+0x1615 (0x34A4ED71) : 0x00 -> 0xC8
[19:15:28] état+0x1616 (0x34A4ED72) : 0x00 -> 0xFD
[19:15:28] état+0x1617 (0x34A4ED73) : 0x00 -> 0x68
[19:15:28] état+0x1c5b (0x34A4F3B7) : 0x98 -> 0x68
[19:15:30] état+0x051 (0x34A4D7AD) : 0x40 -> 0x80
[19:15:34] état+0x15fb (0x34A4ED57) : 0x04 -> 0x05
[19:15:34] état+0x1607 (0x34A4ED63) : 0xA8 -> 0xB8
[19:15:34] état+0x164c (0x34A4EDA8) : 0x34 -> 0x3F
[19:15:34] état+0x164d (0x34A4EDA9) : 0xA4 -> 0x80
[19:15:34] état+0x164e (0x34A4EDAA) : 0xED -> 0x00
[19:15:34] état+0x164f (0x34A4EDAB) : 0xB8 -> 0x00
[19:15:34] état+0x1654 (0x34A4EDB0) : 0x00 -> 0x3E
[19:15:34] état+0x1655 (0x34A4EDB1) : 0x00 -> 0xC8
[19:15:34] état+0x1656 (0x34A4EDB2) : 0x00 -> 0xC8
[19:15:34] état+0x1657 (0x34A4EDB3) : 0x00 -> 0xD0
[19:15:34] état+0x1658 (0x34A4EDB4) : 0x00 -> 0x3F
[19:15:34] état+0x1659 (0x34A4EDB5) : 0x00 -> 0x80
[19:15:34] état+0x1c5c (0x34A4F3B8) : 0x00 -> 0x34
[19:15:34] état+0x1c5d (0x34A4F3B9) : 0x00 -> 0xA4
[19:15:34] état+0x1c5e (0x34A4F3BA) : 0x00 -> 0xED
[19:15:34] état+0x1c5f (0x34A4F3BB) : 0x00 -> 0xA8
[19:15:36] état+0x051 (0x34A4D7AD) : 0x80 -> 0xA0
[19:15:40] état+0x051 (0x34A4D7AD) : 0xA0 -> 0xB0
[19:15:40] état+0x057 (0x34A4D7B3) : 0x03 -> 0x04
[19:15:40] état+0x072 (0x34A4D7CE) : 0x00 -> 0x01
[19:15:40] état+0x5fb (0x34A4DD57) : 0x00 -> 0x01
[19:15:40] état+0x674 (0x34A4DDD0) : 0x00 -> 0x06
[19:15:40] état+0x677 (0x34A4DDD3) : 0x00 -> 0x15
[19:15:40] état+0x735 (0x34A4DE91) : 0x40 -> 0x60
[19:15:47] 0x34A4FD1C (0x34A4FD1C) : 0x00 -> 0x3F
[19:15:47] 0x34A4FD1D (0x34A4FD1D) : 0x00 -> 0x80
[19:15:47] 0x34A4FD20 (0x34A4FD20) : 0x00 -> 0x3F
[19:15:47] 0x34A4FD21 (0x34A4FD21) : 0x00 -> 0x3A
[19:15:47] 0x34A4FD22 (0x34A4FD22) : 0x00 -> 0x53
[19:15:47] 0x34A4FD23 (0x34A4FD23) : 0x00 -> 0x9D
[19:15:49] état+0x15fb (0x34A4ED57) : 0x05 -> 0x04
[19:15:49] état+0x1607 (0x34A4ED63) : 0xB8 -> 0x78
[19:15:49] état+0x161c (0x34A4ED78) : 0x3F -> 0x34
[19:15:49] état+0x161d (0x34A4ED79) : 0x80 -> 0xA4
[19:15:49] état+0x161e (0x34A4ED7A) : 0x00 -> 0xED
[19:15:49] état+0x161f (0x34A4ED7B) : 0x00 -> 0xB8
[19:15:49] état+0x1c4f (0x34A4F3AB) : 0x78 -> 0x88
[19:15:49] état+0x1c53 (0x34A4F3AF) : 0x88 -> 0x98
[19:15:49] état+0x1c57 (0x34A4F3B3) : 0x98 -> 0x68
[19:15:49] état+0x1c5b (0x34A4F3B7) : 0x68 -> 0xA8
[19:15:51] état+0x051 (0x34A4D7AD) : 0xB0 -> 0x90
[19:15:55] état+0x9e7 (0x34A4E143) : 0x01 -> 0x00
[19:15:55] état+0x9f3 (0x34A4E14F) : 0x5C -> 0x54
[19:15:55] état+0x9f8 (0x34A4E154) : 0x06 -> 0x34
[19:15:55] état+0x9f9 (0x34A4E155) : 0x00 -> 0xA4
[19:15:55] état+0x9fa (0x34A4E156) : 0x00 -> 0xE1
[19:15:55] état+0x9fb (0x34A4E157) : 0x15 -> 0x5C
[19:16:02] 0x34A4FFFF (0x34A4FFFF) : 0x00 -> 0x02
[19:18:35] état+0x993 (0x34A4E0EF) : 0x06 -> 0x07
[19:18:55] état+0x593 (0x34A4DCEF) : 0x01 -> 0x02
[19:19:21] Lecture impossible (ReadProcessMemory(0x2DEDD8DC000, 16384) a échoué (erreur Windows 299: Seule une partie d’une requête ReadProcessMemory ou WriteProcessMemory a été effectuée.)) : jeu fermé ?
[19:19:21] Journal arrêté.
[19:22:37] Journal démarré : 0x34A4C000 + 0x4000, toutes les 1.0 s
[19:22:44] état+0x04f (0x34A4D7AB) : 0x3D -> 0x3E
[19:22:51] 0x34A4FDCA (0x34A4FDCA) : 0x04 -> 0x14
[19:22:59] état+0x0a4 (0x34A4D800) : 0x88 -> 0xA8
[19:22:59] état+0x0bb (0x34A4D817) : 0x00 -> 0x08
[19:23:13] état+0x04f (0x34A4D7AB) : 0x3E -> 0x3F
[19:23:26] 0x34A4FF1D (0x34A4FF1D) : 0x0E -> 0x1E
[19:23:26] 0x34A4FFFF (0x34A4FFFF) : 0x06 -> 0x00
[19:23:41] 0x34A4FF1D (0x34A4FF1D) : 0x1E -> 0x5E
[19:25:04] 0x34A4FDCA (0x34A4FDCA) : 0x14 -> 0x34
[19:25:11] état+0x04f (0x34A4D7AB) : 0x3F -> 0x40
[19:25:17] 0x34A4FDCA (0x34A4FDCA) : 0x34 -> 0x74
[19:26:28] état+0x04f (0x34A4D7AB) : 0x40 -> 0x46
[19:27:11] état+0x0f3 (0x34A4D84F) : 0x26 -> 0x1B
[19:27:11] état+0x0fb (0x34A4D857) : 0x0B -> 0x00
[19:27:11] état+0x123 (0x34A4D87F) : 0x50 -> 0x3B
[19:27:11] état+0x127 (0x34A4D883) : 0x03 -> 0x00
[19:27:23] 0x34A4FF5E (0x34A4FF5E) : 0x86 -> 0x87
[19:27:23] 0x34A4FFFF (0x34A4FFFF) : 0x00 -> 0x02
[19:29:24] 0x34A4FF1D (0x34A4FF1D) : 0x5E -> 0x7E
[19:29:24] 0x34A4FFFF (0x34A4FFFF) : 0x02 -> 0x00
[19:30:00] 0x34A4FE29 (0x34A4FE29) : 0x00 -> 0x01
[19:30:27] 0x34A4FF1D (0x34A4FF1D) : 0x7E -> 0xFE
[19:31:27] état+0x213 (0x34A4D96F) : 0x00 -> 0x01
[19:31:27] état+0x22f (0x34A4D98B) : 0x00 -> 0x01
[19:31:27] état+0x3e7 (0x34A4DB43) : 0x00 -> 0x01
[19:31:27] état+0x403 (0x34A4DB5F) : 0x00 -> 0x01
[19:31:27] état+0x54f (0x34A4DCAB) : 0x00 -> 0x01
[19:31:27] état+0x56b (0x34A4DCC7) : 0x00 -> 0x01
[19:31:27] état+0x573 (0x34A4DCCF) : 0x03 -> 0x04
[19:31:27] état+0x58f (0x34A4DCEB) : 0x03 -> 0x04
[19:33:26] état+0x8e0 (0x34A4E03C) : 0x07 -> 0x0F
[19:34:19] état+0x123 (0x34A4D87F) : 0x3B -> 0x2A
[19:34:42] état+0x0f3 (0x34A4D84F) : 0x1B -> 0x1E
[19:34:42] état+0x123 (0x34A4D87F) : 0x2A -> 0x27
[19:34:51] état+0x9e7 (0x34A4E143) : 0x00 -> 0x01
[19:34:51] état+0x9f3 (0x34A4E14F) : 0x54 -> 0x5C
[19:34:51] état+0x9f8 (0x34A4E154) : 0x34 -> 0x06
[19:34:51] état+0x9f9 (0x34A4E155) : 0xA4 -> 0x00
[19:34:51] état+0x9fa (0x34A4E156) : 0xE1 -> 0x00
[19:34:51] état+0x9fb (0x34A4E157) : 0x5C -> 0x02
[19:34:51] état+0x9fe (0x34A4E15A) : 0x00 -> 0x01
[19:34:51] état+0x9ff (0x34A4E15B) : 0x00 -> 0x3B
[19:34:51] état+0x11f8 (0x34A4E954) : 0x00 -> 0x34
[19:34:51] état+0x11f9 (0x34A4E955) : 0x00 -> 0xA4
[19:34:51] état+0x11fa (0x34A4E956) : 0x00 -> 0xE1
[19:34:51] état+0x11fb (0x34A4E957) : 0x00 -> 0x54
[19:35:45] 0x34A4FF3D (0x34A4FF3D) : 0x00 -> 0x08
[19:35:45] 0x34A4FFFF (0x34A4FFFF) : 0x00 -> 0x01
[19:39:03] état+0x123 (0x34A4D87F) : 0x27 -> 0x28
[19:39:04] état+0x123 (0x34A4D87F) : 0x28 -> 0x29
[19:39:10] état+0x123 (0x34A4D87F) : 0x29 -> 0x2A
[19:39:11] état+0x123 (0x34A4D87F) : 0x2A -> 0x2B
[19:39:26] état+0x0f3 (0x34A4D84F) : 0x1E -> 0x20
[19:39:28] 0x34A4FE29 (0x34A4FE29) : 0x01 -> 0x05
[19:41:08] état+0x10b (0x34A4D867) : 0x00 -> 0x02
[19:41:09] état+0x10b (0x34A4D867) : 0x02 -> 0x03
[19:41:10] état+0x10b (0x34A4D867) : 0x03 -> 0x05
[19:41:47] état+0x10b (0x34A4D867) : 0x05 -> 0x08
[19:41:48] (adresse bruyante ignorée désormais : 0x34A4D867)
[19:41:59] état+0x04b (0x34A4D7A7) : 0x08 -> 0x09
[19:41:59] état+0x0f3 (0x34A4D84F) : 0x20 -> 0x36
[19:41:59] état+0x0fb (0x34A4D857) : 0x00 -> 0x0A
[19:41:59] état+0x113 (0x34A4D86F) : 0x00 -> 0x05
[19:41:59] état+0x123 (0x34A4D87F) : 0x2B -> 0x54
[19:41:59] état+0x127 (0x34A4D883) : 0x00 -> 0x03
[19:41:59] état+0x19c (0x34A4D8F8) : 0x01 -> 0x00
[19:41:59] état+0x9a9 (0x34A4E105) : 0x00 -> 0x01
[19:41:59] état+0x9aa (0x34A4E106) : 0x57 -> 0x7A
[19:41:59] 0x34A4FD33 (0x34A4FD33) : 0x00 -> 0x08
[19:42:25] état+0x051 (0x34A4D7AD) : 0x90 -> 0x80
[19:42:37] état+0x15fb (0x34A4ED57) : 0x04 -> 0x05
[19:42:37] état+0x1607 (0x34A4ED63) : 0xA8 -> 0xB8
[19:42:37] état+0x164c (0x34A4EDA8) : 0x34 -> 0x3F
[19:42:37] état+0x164d (0x34A4EDA9) : 0xA4 -> 0x80
[19:42:37] état+0x164e (0x34A4EDAA) : 0xED -> 0x00
[19:42:37] état+0x164f (0x34A4EDAB) : 0xB8 -> 0x00
[19:42:37] état+0x1650 (0x34A4EDAC) : 0x00 -> 0x3B
[19:42:37] état+0x1651 (0x34A4EDAD) : 0x00 -> 0x4A
[19:42:37] état+0x1652 (0x34A4EDAE) : 0x00 -> 0x29
[19:42:37] état+0x1654 (0x34A4EDB0) : 0x00 -> 0x3E
[19:42:37] état+0x1655 (0x34A4EDB1) : 0x00 -> 0x48
[19:42:37] état+0x1656 (0x34A4EDB2) : 0x00 -> 0xD2
[19:42:37] état+0x1657 (0x34A4EDB3) : 0x00 -> 0x11
[19:42:37] état+0x1658 (0x34A4EDB4) : 0x00 -> 0x3F
[19:42:37] état+0x1659 (0x34A4EDB5) : 0x00 -> 0x80
[19:42:37] état+0x1c5c (0x34A4F3B8) : 0x00 -> 0x34
[19:42:37] état+0x1c5d (0x34A4F3B9) : 0x00 -> 0xA4
[19:42:37] état+0x1c5e (0x34A4F3BA) : 0x00 -> 0xED
[19:42:37] état+0x1c5f (0x34A4F3BB) : 0x00 -> 0xA8
[19:42:39] état+0x051 (0x34A4D7AD) : 0x80 -> 0xA0
[19:42:42] état+0x051 (0x34A4D7AD) : 0xA0 -> 0xB0
[19:42:42] état+0x07c (0x34A4D7D8) : 0x00 -> 0x08
[19:42:42] état+0x5af (0x34A4DD0B) : 0x02 -> 0x03
[19:42:50] 0x34A4FD1C (0x34A4FD1C) : 0x00 -> 0x3F
[19:42:50] 0x34A4FD1D (0x34A4FD1D) : 0x00 -> 0x7E
[19:42:50] 0x34A4FD1E (0x34A4FD1E) : 0x00 -> 0x76
[19:42:50] 0x34A4FD1F (0x34A4FD1F) : 0x00 -> 0x58
[19:42:50] 0x34A4FD20 (0x34A4FD20) : 0x00 -> 0x3F
[19:42:50] 0x34A4FD21 (0x34A4FD21) : 0x00 -> 0x0C
[19:42:50] 0x34A4FD22 (0x34A4FD22) : 0x00 -> 0x9D
[19:42:50] 0x34A4FD23 (0x34A4FD23) : 0x00 -> 0x22
[19:42:50] 0x34A4FD24 (0x34A4FD24) : 0x3F -> 0x00
[19:42:50] 0x34A4FD25 (0x34A4FD25) : 0x80 -> 0x00
[19:42:53] état+0x15fb (0x34A4ED57) : 0x05 -> 0x04
[19:42:53] état+0x1607 (0x34A4ED63) : 0xB8 -> 0x68
[19:42:53] état+0x160c (0x34A4ED68) : 0x3F -> 0x34
[19:42:53] état+0x160d (0x34A4ED69) : 0x7E -> 0xA4
[19:42:53] état+0x160e (0x34A4ED6A) : 0x76 -> 0xED
[19:42:53] état+0x160f (0x34A4ED6B) : 0x58 -> 0xB8
[19:42:53] état+0x1c4f (0x34A4F3AB) : 0x68 -> 0x78
[19:42:53] état+0x1c53 (0x34A4F3AF) : 0x78 -> 0x88
[19:42:53] état+0x1c57 (0x34A4F3B3) : 0x88 -> 0x98
[19:42:53] état+0x1c5b (0x34A4F3B7) : 0x98 -> 0xA8
[19:42:54] état+0x051 (0x34A4D7AD) : 0xB0 -> 0x90
[19:42:57] état+0x9e7 (0x34A4E143) : 0x01 -> 0x00
[19:42:57] état+0x9f3 (0x34A4E14F) : 0x5C -> 0x54
[19:42:57] état+0x9f8 (0x34A4E154) : 0x06 -> 0x34
[19:42:57] état+0x9f9 (0x34A4E155) : 0x00 -> 0xA4
[19:42:57] état+0x9fa (0x34A4E156) : 0x00 -> 0xE1
[19:42:57] état+0x9fb (0x34A4E157) : 0x02 -> 0x5C
[19:43:05] 0x34A4FFFF (0x34A4FFFF) : 0x01 -> 0x02
[19:46:32] état+0x997 (0x34A4E0F3) : 0x00 -> 0x08
[19:46:32] Journal arrêté.
[20:36:29] Journal démarré : 0x34A4C000 + 0x4000, toutes les 1.0 s
[20:39:36] 0x34A4C00C (0x34A4C00C) : 0x00 -> 0x34
[20:39:36] 0x34A4C00D (0x34A4C00D) : 0x00 -> 0xA4
[20:39:36] 0x34A4C00E (0x34A4C00E) : 0x00 -> 0xC0
[20:39:36] 0x34A4C00F (0x34A4C00F) : 0x00 -> 0x2C
[20:39:36] 0x34A4C02C (0x34A4C02C) : 0x00 -> 0x34
[20:39:36] 0x34A4C02D (0x34A4C02D) : 0x00 -> 0xA4
[20:39:36] 0x34A4C02E (0x34A4C02E) : 0x00 -> 0xC0
[20:39:36] 0x34A4C02F (0x34A4C02F) : 0x00 -> 0x4C
[20:39:36] 0x34A4C04C (0x34A4C04C) : 0x00 -> 0x34
[20:39:36] 0x34A4C04D (0x34A4C04D) : 0x00 -> 0xA4
[20:39:36] 0x34A4C04E (0x34A4C04E) : 0x00 -> 0xC0
[20:39:36] 0x34A4C04F (0x34A4C04F) : 0x00 -> 0x6C
[20:39:36] 0x34A4C06C (0x34A4C06C) : 0x00 -> 0x34
[20:39:36] 0x34A4C06D (0x34A4C06D) : 0x00 -> 0xA4
[20:39:36] 0x34A4C06E (0x34A4C06E) : 0x00 -> 0xC0
[20:39:36] 0x34A4C06F (0x34A4C06F) : 0x00 -> 0x8C
[20:39:36] 0x34A4C08C (0x34A4C08C) : 0x00 -> 0x34
[20:39:36] 0x34A4C08D (0x34A4C08D) : 0x00 -> 0xA4
[20:39:36] 0x34A4C08E (0x34A4C08E) : 0x00 -> 0xC0
[20:39:36] 0x34A4C08F (0x34A4C08F) : 0x00 -> 0xAC
[20:39:36] 0x34A4C0AC (0x34A4C0AC) : 0x00 -> 0x34
[20:39:36] 0x34A4C0AD (0x34A4C0AD) : 0x00 -> 0xA4
[20:39:36] 0x34A4C0AE (0x34A4C0AE) : 0x00 -> 0xC0
[20:39:36] 0x34A4C0AF (0x34A4C0AF) : 0x00 -> 0xCC
[20:39:36] 0x34A4C0CC (0x34A4C0CC) : 0x00 -> 0x34
[20:39:36] 0x34A4C0CD (0x34A4C0CD) : 0x00 -> 0xA4
[20:39:36] 0x34A4C0CE (0x34A4C0CE) : 0x00 -> 0xC0
[20:39:36] 0x34A4C0CF (0x34A4C0CF) : 0x00 -> 0xEC
[20:39:36] 0x34A4C0EC (0x34A4C0EC) : 0x00 -> 0x34
[20:39:36] 0x34A4C0ED (0x34A4C0ED) : 0x00 -> 0xA4
[20:39:36] 0x34A4C0EE (0x34A4C0EE) : 0x00 -> 0xC1
[20:39:36] 0x34A4C0EF (0x34A4C0EF) : 0x00 -> 0x0C
[20:39:36] 0x34A4C10C (0x34A4C10C) : 0x00 -> 0x34
[20:39:36] 0x34A4C10D (0x34A4C10D) : 0x00 -> 0xA4
[20:39:36] 0x34A4C10E (0x34A4C10E) : 0x00 -> 0xC1
[20:39:36] 0x34A4C10F (0x34A4C10F) : 0x00 -> 0x2C
[20:39:36] 0x34A4C12C (0x34A4C12C) : 0x00 -> 0x34
[20:39:36] 0x34A4C12D (0x34A4C12D) : 0x00 -> 0xA4
[20:39:36] 0x34A4C12E (0x34A4C12E) : 0x00 -> 0xC1
[20:39:36] 0x34A4C12F (0x34A4C12F) : 0x00 -> 0x4C
[20:39:36] ... et 2864 autre(s) octet(s)
[20:40:02] Lecture impossible (ReadProcessMemory(0x1E4DC20C000, 16384) a échoué (erreur Windows 299: Seule une partie d’une requête ReadProcessMemory ou WriteProcessMemory a été effectuée.)) : jeu fermé ?
[20:40:02] Journal arrêté.
[20:41:57] Journal démarré : 0x34A4C000 + 0x4000, toutes les 1.0 s
[20:42:15] état+0x04f (0x34A4D7AB) : 0x46 -> 0x47
[20:42:27] état+0x0f3 (0x34A4D84F) : 0x36 -> 0x1F
[20:42:27] état+0x0fb (0x34A4D857) : 0x0A -> 0x00
[20:42:27] état+0x123 (0x34A4D87F) : 0x54 -> 0x36
[20:42:27] état+0x127 (0x34A4D883) : 0x03 -> 0x00
[20:42:33] état+0x10b (0x34A4D867) : 0x1E -> 0x01
[20:42:33] état+0x113 (0x34A4D86F) : 0x05 -> 0x00
[20:45:17] 0x34A4FF7F (0x34A4FF7F) : 0x00 -> 0x20
[20:45:17] 0x34A4FFFF (0x34A4FFFF) : 0x06 -> 0x03
[20:45:34] 0x34A4FDCA (0x34A4FDCA) : 0x75 -> 0xF5
[20:45:40] état+0x04f (0x34A4D7AB) : 0x47 -> 0x50
[20:45:40] état+0x9c3 (0x34A4E11F) : 0x02 -> 0x01
[20:47:05] état+0x10b (0x34A4D867) : 0x01 -> 0x02
[20:48:11] état+0x9e7 (0x34A4E143) : 0x00 -> 0x01
[20:48:11] état+0x9f3 (0x34A4E14F) : 0x54 -> 0x5C
[20:48:11] état+0x9f8 (0x34A4E154) : 0x34 -> 0x06
[20:48:11] état+0x9f9 (0x34A4E155) : 0xA4 -> 0x00
[20:48:11] état+0x9fa (0x34A4E156) : 0xE1 -> 0x00
[20:48:11] état+0x9fb (0x34A4E157) : 0x5C -> 0x08
[20:48:11] état+0x9fe (0x34A4E15A) : 0x00 -> 0x01
[20:48:11] état+0x9ff (0x34A4E15B) : 0x00 -> 0x33
[20:48:11] état+0x11f8 (0x34A4E954) : 0x00 -> 0x34
[20:48:11] état+0x11f9 (0x34A4E955) : 0x00 -> 0xA4
[20:48:11] état+0x11fa (0x34A4E956) : 0x00 -> 0xE1
[20:48:11] état+0x11fb (0x34A4E957) : 0x00 -> 0x54
[20:48:16] état+0x0f3 (0x34A4D84F) : 0x1F -> 0x23
[20:48:16] 0x34A4FDC9 (0x34A4FDC9) : 0x00 -> 0x01
[20:48:17] état+0x0f3 (0x34A4D84F) : 0x23 -> 0x26
[20:48:18] état+0x0f3 (0x34A4D84F) : 0x26 -> 0x27
[20:48:44] état+0x0f3 (0x34A4D84F) : 0x27 -> 0x2B
[20:48:45] (adresse bruyante ignorée désormais : 0x34A4D84F)
[20:49:11] état+0x213 (0x34A4D96F) : 0x00 -> 0x01
[20:49:11] état+0x22f (0x34A4D98B) : 0x00 -> 0x01
[20:49:11] état+0x3e7 (0x34A4DB43) : 0x01 -> 0x02
[20:49:11] état+0x403 (0x34A4DB5F) : 0x01 -> 0x02
[20:49:11] état+0x54f (0x34A4DCAB) : 0x00 -> 0x01
[20:49:11] état+0x56b (0x34A4DCC7) : 0x00 -> 0x01
[20:49:11] état+0x573 (0x34A4DCCF) : 0x04 -> 0x05
[20:49:11] état+0x58f (0x34A4DCEB) : 0x04 -> 0x05
[20:49:27] état+0x10b (0x34A4D867) : 0x02 -> 0x08
[20:49:28] état+0x10b (0x34A4D867) : 0x08 -> 0x0E
[20:49:29] état+0x10b (0x34A4D867) : 0x0E -> 0x10
[20:49:39] état+0x9e7 (0x34A4E143) : 0x01 -> 0x02
[20:49:39] état+0x9f3 (0x34A4E14F) : 0x5C -> 0x64
[20:49:39] état+0xa00 (0x34A4E15C) : 0x34 -> 0x06
[20:49:39] état+0xa01 (0x34A4E15D) : 0xA4 -> 0x00
[20:49:39] état+0xa02 (0x34A4E15E) : 0xE1 -> 0x00
[20:49:39] état+0xa03 (0x34A4E15F) : 0x64 -> 0x00
[20:49:39] état+0xa06 (0x34A4E162) : 0x00 -> 0x01
[20:49:39] état+0xa07 (0x34A4E163) : 0x00 -> 0x2E
[20:49:39] état+0x11fc (0x34A4E958) : 0x00 -> 0x34
[20:49:39] état+0x11fd (0x34A4E959) : 0x00 -> 0xA4
[20:49:39] état+0x11fe (0x34A4E95A) : 0x00 -> 0xE1
[20:49:39] état+0x11ff (0x34A4E95B) : 0x00 -> 0x5C
[20:49:41] état+0x123 (0x34A4D87F) : 0x36 -> 0x37
[20:49:42] état+0x123 (0x34A4D87F) : 0x37 -> 0x38
[20:49:48] 0x34A4FDC9 (0x34A4FDC9) : 0x01 -> 0x03
[20:49:50] état+0x123 (0x34A4D87F) : 0x38 -> 0x3B
[20:49:51] état+0x123 (0x34A4D87F) : 0x3B -> 0x3C
[20:50:02] 0x34A4FF1E (0x34A4FF1E) : 0xA4 -> 0xAC
[20:50:02] 0x34A4FFFF (0x34A4FFFF) : 0x03 -> 0x00
[20:51:19] état+0x2a3 (0x34A4D9FF) : 0x00 -> 0x01
[20:51:19] état+0x2bf (0x34A4DA1B) : 0x00 -> 0x01
[20:51:19] état+0x477 (0x34A4DBD3) : 0x03 -> 0x04
[20:51:19] état+0x493 (0x34A4DBEF) : 0x03 -> 0x04
[20:51:19] état+0x54f (0x34A4DCAB) : 0x01 -> 0x02
[20:51:19] état+0x56b (0x34A4DCC7) : 0x01 -> 0x02
[20:51:19] état+0x573 (0x34A4DCCF) : 0x05 -> 0x06
[20:51:19] état+0x58f (0x34A4DCEB) : 0x05 -> 0x06
[20:51:36] 0x34A4FF7F (0x34A4FF7F) : 0x20 -> 0x30
[20:51:36] 0x34A4FFFF (0x34A4FFFF) : 0x00 -> 0x03
[20:52:07] 0x34A4FE29 (0x34A4FE29) : 0x05 -> 0x07
[20:52:16] 0x34A4FF1E (0x34A4FF1E) : 0xAC -> 0xAD
[20:52:16] 0x34A4FFFF (0x34A4FFFF) : 0x03 -> 0x00
[20:52:36] état+0x9e7 (0x34A4E143) : 0x02 -> 0x03
[20:52:36] état+0x9f3 (0x34A4E14F) : 0x64 -> 0x6C
[20:52:36] état+0xa08 (0x34A4E164) : 0x34 -> 0x06
[20:52:36] état+0xa09 (0x34A4E165) : 0xA4 -> 0x00
[20:52:36] état+0xa0a (0x34A4E166) : 0xE1 -> 0x00
[20:52:36] état+0xa0b (0x34A4E167) : 0x6C -> 0x03
[20:52:36] état+0xa0e (0x34A4E16A) : 0x00 -> 0x01
[20:52:36] état+0xa0f (0x34A4E16B) : 0x00 -> 0x36
[20:52:36] état+0x1200 (0x34A4E95C) : 0x00 -> 0x34
[20:52:36] état+0x1201 (0x34A4E95D) : 0x00 -> 0xA4
[20:52:36] état+0x1202 (0x34A4E95E) : 0x00 -> 0xE1
[20:52:36] état+0x1203 (0x34A4E95F) : 0x00 -> 0x64
[20:53:36] 0x34A4FECD (0x34A4FECD) : 0x44 -> 0x4C
[20:55:45] 0x34A4FE2A (0x34A4FE2A) : 0x12 -> 0x92
[20:55:53] 0x34A4FF1E (0x34A4FF1E) : 0xAD -> 0xBD
[20:56:15] état+0x10b (0x34A4D867) : 0x10 -> 0x11
[20:56:16] état+0x10b (0x34A4D867) : 0x11 -> 0x12
[20:56:17] état+0x10b (0x34A4D867) : 0x12 -> 0x13
[20:56:26] état+0x123 (0x34A4D87F) : 0x3C -> 0x40
[20:56:27] état+0x123 (0x34A4D87F) : 0x40 -> 0x43
[20:56:28] état+0x123 (0x34A4D87F) : 0x43 -> 0x44
[20:56:31] état+0x10b (0x34A4D867) : 0x13 -> 0x17
[20:56:32] (adresse bruyante ignorée désormais : 0x34A4D867)
[20:56:34] 0x34A4FECB (0x34A4FECB) : 0x10 -> 0x12
[20:56:36] état+0x05b (0x34A4D7B7) : 0x0A -> 0x1A
[20:57:00] 0x34A4FF5D (0x34A4FF5D) : 0x1B -> 0x5B
[20:57:00] 0x34A4FFFF (0x34A4FFFF) : 0x00 -> 0x02
[20:58:04] état+0x0fb (0x34A4D857) : 0x00 -> 0x03
[20:58:04] état+0x123 (0x34A4D87F) : 0x44 -> 0x47
[20:58:05] état+0x0f7 (0x34A4D853) : 0x00 -> 0x01
[20:58:05] état+0x0fb (0x34A4D857) : 0x03 -> 0x09
[20:58:05] état+0x123 (0x34A4D87F) : 0x47 -> 0x53
[20:58:05] état+0x127 (0x34A4D883) : 0x00 -> 0x02
[20:58:06] état+0x0fb (0x34A4D857) : 0x09 -> 0x0A
[20:58:06] état+0x123 (0x34A4D87F) : 0x53 -> 0x58
[20:58:47] état+0x7fc (0x34A4DF58) : 0x00 -> 0x06
[20:58:47] état+0x7ff (0x34A4DF5B) : 0x00 -> 0x1E
[20:58:47] état+0x802 (0x34A4DF5E) : 0x00 -> 0x01
[20:58:47] état+0x803 (0x34A4DF5F) : 0x00 -> 0x3A
[20:58:47] état+0x807 (0x34A4DF63) : 0x00 -> 0x01
[20:58:47] état+0x9e7 (0x34A4E143) : 0x03 -> 0x04
[20:58:47] état+0x9f3 (0x34A4E14F) : 0x6C -> 0x74
[20:58:47] état+0xa10 (0x34A4E16C) : 0x34 -> 0x06
[20:58:47] état+0xa11 (0x34A4E16D) : 0xA4 -> 0x00
[20:58:47] état+0xa12 (0x34A4E16E) : 0xE1 -> 0x00
[20:58:47] état+0xa13 (0x34A4E16F) : 0x74 -> 0x1F
[20:58:47] état+0xa16 (0x34A4E172) : 0x00 -> 0x01
[20:58:47] état+0xa17 (0x34A4E173) : 0x00 -> 0x3A
[20:58:47] état+0x1204 (0x34A4E960) : 0x00 -> 0x34
[20:58:47] état+0x1205 (0x34A4E961) : 0x00 -> 0xA4
[20:58:47] état+0x1206 (0x34A4E962) : 0x00 -> 0xE1
[20:58:47] état+0x1207 (0x34A4E963) : 0x00 -> 0x6C
[20:58:48] état+0x807 (0x34A4DF63) : 0x01 -> 0x02
[20:58:48] état+0x9e7 (0x34A4E143) : 0x04 -> 0x05
[20:58:48] état+0x9f3 (0x34A4E14F) : 0x74 -> 0x7C
[20:58:48] état+0xa18 (0x34A4E174) : 0x34 -> 0x06
[20:58:48] état+0xa19 (0x34A4E175) : 0xA4 -> 0x00
[20:58:48] état+0xa1a (0x34A4E176) : 0xE1 -> 0x00
[20:58:48] état+0xa1b (0x34A4E177) : 0x7C -> 0x1F
[20:58:48] état+0xa1e (0x34A4E17A) : 0x00 -> 0x01
[20:58:48] état+0xa1f (0x34A4E17B) : 0x00 -> 0x3A
[20:58:48] état+0x1208 (0x34A4E964) : 0x00 -> 0x34
[20:58:48] état+0x1209 (0x34A4E965) : 0x00 -> 0xA4
[20:58:48] état+0x120a (0x34A4E966) : 0x00 -> 0xE1
[20:58:48] état+0x120b (0x34A4E967) : 0x00 -> 0x74
[20:58:49] état+0x807 (0x34A4DF63) : 0x02 -> 0x07
[20:58:49] état+0x9e7 (0x34A4E143) : 0x05 -> 0x0A
[20:58:49] état+0x9f3 (0x34A4E14F) : 0x7C -> 0xA4
[20:58:49] état+0xa20 (0x34A4E17C) : 0x34 -> 0x06
[20:58:49] état+0xa21 (0x34A4E17D) : 0xA4 -> 0x00
[20:58:49] état+0xa22 (0x34A4E17E) : 0xE1 -> 0x00
[20:58:49] état+0xa23 (0x34A4E17F) : 0x84 -> 0x1F
[20:58:49] état+0xa26 (0x34A4E182) : 0x00 -> 0x01
[20:58:49] état+0xa27 (0x34A4E183) : 0x00 -> 0x3A
[20:58:49] état+0xa28 (0x34A4E184) : 0x34 -> 0x06
[20:58:49] état+0xa29 (0x34A4E185) : 0xA4 -> 0x00
[20:58:49] état+0xa2a (0x34A4E186) : 0xE1 -> 0x00
[20:58:49] état+0xa2b (0x34A4E187) : 0x8C -> 0x1F
[20:58:49] état+0xa2e (0x34A4E18A) : 0x00 -> 0x01
[20:58:49] état+0xa2f (0x34A4E18B) : 0x00 -> 0x3A
[20:58:49] état+0xa30 (0x34A4E18C) : 0x34 -> 0x06
[20:58:49] état+0xa31 (0x34A4E18D) : 0xA4 -> 0x00
[20:58:49] état+0xa32 (0x34A4E18E) : 0xE1 -> 0x00
[20:58:49] état+0xa33 (0x34A4E18F) : 0x94 -> 0x1F
[20:58:49] état+0xa36 (0x34A4E192) : 0x00 -> 0x01
[20:58:49] état+0xa37 (0x34A4E193) : 0x00 -> 0x3A
[20:58:49] état+0xa38 (0x34A4E194) : 0x34 -> 0x06
[20:58:49] état+0xa39 (0x34A4E195) : 0xA4 -> 0x00
[20:58:49] état+0xa3a (0x34A4E196) : 0xE1 -> 0x00
[20:58:49] état+0xa3b (0x34A4E197) : 0x9C -> 0x1F
[20:58:49] état+0xa3e (0x34A4E19A) : 0x00 -> 0x01
[20:58:49] état+0xa3f (0x34A4E19B) : 0x00 -> 0x3A
[20:58:49] état+0xa40 (0x34A4E19C) : 0x34 -> 0x06
[20:58:49] état+0xa41 (0x34A4E19D) : 0xA4 -> 0x00
[20:58:49] état+0xa42 (0x34A4E19E) : 0xE1 -> 0x00
[20:58:49] état+0xa43 (0x34A4E19F) : 0xA4 -> 0x1F
[20:58:49] état+0xa46 (0x34A4E1A2) : 0x00 -> 0x01
[20:58:49] état+0xa47 (0x34A4E1A3) : 0x00 -> 0x3A
[20:58:49] état+0x120c (0x34A4E968) : 0x00 -> 0x34
[20:58:49] état+0x120d (0x34A4E969) : 0x00 -> 0xA4
[20:58:49] état+0x120e (0x34A4E96A) : 0x00 -> 0xE1
[20:58:49] état+0x120f (0x34A4E96B) : 0x00 -> 0x7C
[20:58:49] état+0x1210 (0x34A4E96C) : 0x00 -> 0x34
[20:58:49] état+0x1211 (0x34A4E96D) : 0x00 -> 0xA4
[20:58:49] état+0x1212 (0x34A4E96E) : 0x00 -> 0xE1
[20:58:49] ... et 13 autre(s) octet(s)
[20:58:50] état+0x807 (0x34A4DF63) : 0x07 -> 0x0F
[20:58:50] état+0x9e7 (0x34A4E143) : 0x0A -> 0x12
[20:58:50] état+0x9f3 (0x34A4E14F) : 0xA4 -> 0xE4
[20:58:50] état+0xa48 (0x34A4E1A4) : 0x34 -> 0x06
[20:58:50] état+0xa49 (0x34A4E1A5) : 0xA4 -> 0x00
[20:58:50] état+0xa4a (0x34A4E1A6) : 0xE1 -> 0x00
[20:58:50] état+0xa4b (0x34A4E1A7) : 0xAC -> 0x1F
[20:58:50] état+0xa4e (0x34A4E1AA) : 0x00 -> 0x01
[20:58:50] état+0xa4f (0x34A4E1AB) : 0x00 -> 0x3A
[20:58:50] état+0xa50 (0x34A4E1AC) : 0x34 -> 0x06
[20:58:50] état+0xa51 (0x34A4E1AD) : 0xA4 -> 0x00
[20:58:50] état+0xa52 (0x34A4E1AE) : 0xE1 -> 0x00
[20:58:50] état+0xa53 (0x34A4E1AF) : 0xB4 -> 0x1F
[20:58:50] état+0xa56 (0x34A4E1B2) : 0x00 -> 0x01
[20:58:50] état+0xa57 (0x34A4E1B3) : 0x00 -> 0x3A
[20:58:50] état+0xa58 (0x34A4E1B4) : 0x34 -> 0x06
[20:58:50] état+0xa59 (0x34A4E1B5) : 0xA4 -> 0x00
[20:58:50] état+0xa5a (0x34A4E1B6) : 0xE1 -> 0x00
[20:58:50] état+0xa5b (0x34A4E1B7) : 0xBC -> 0x1F
[20:58:50] état+0xa5e (0x34A4E1BA) : 0x00 -> 0x01
[20:58:50] état+0xa5f (0x34A4E1BB) : 0x00 -> 0x3A
[20:58:50] état+0xa60 (0x34A4E1BC) : 0x34 -> 0x06
[20:58:50] état+0xa61 (0x34A4E1BD) : 0xA4 -> 0x00
[20:58:50] état+0xa62 (0x34A4E1BE) : 0xE1 -> 0x00
[20:58:50] état+0xa63 (0x34A4E1BF) : 0xC4 -> 0x1F
[20:58:50] état+0xa66 (0x34A4E1C2) : 0x00 -> 0x01
[20:58:50] état+0xa67 (0x34A4E1C3) : 0x00 -> 0x3A
[20:58:50] état+0xa68 (0x34A4E1C4) : 0x34 -> 0x06
[20:58:50] état+0xa69 (0x34A4E1C5) : 0xA4 -> 0x00
[20:58:50] état+0xa6a (0x34A4E1C6) : 0xE1 -> 0x00
[20:58:50] état+0xa6b (0x34A4E1C7) : 0xCC -> 0x1F
[20:58:50] état+0xa6e (0x34A4E1CA) : 0x00 -> 0x01
[20:58:50] état+0xa6f (0x34A4E1CB) : 0x00 -> 0x3A
[20:58:50] état+0xa70 (0x34A4E1CC) : 0x34 -> 0x06
[20:58:50] état+0xa71 (0x34A4E1CD) : 0xA4 -> 0x00
[20:58:50] état+0xa72 (0x34A4E1CE) : 0xE1 -> 0x00
[20:58:50] état+0xa73 (0x34A4E1CF) : 0xD4 -> 0x1F
[20:58:50] état+0xa76 (0x34A4E1D2) : 0x00 -> 0x01
[20:58:50] état+0xa77 (0x34A4E1D3) : 0x00 -> 0x3A
[20:58:50] état+0xa78 (0x34A4E1D4) : 0x34 -> 0x06
[20:58:50] ... et 43 autre(s) octet(s)
[20:58:51] (adresse bruyante ignorée désormais : 0x34A4DF63)
[20:58:51] (adresse bruyante ignorée désormais : 0x34A4E143)
[20:58:51] (adresse bruyante ignorée désormais : 0x34A4E14F)
[20:58:51] état+0xa88 (0x34A4E1E4) : 0x34 -> 0x06
[20:58:51] état+0xa89 (0x34A4E1E5) : 0xA4 -> 0x00
[20:58:51] état+0xa8a (0x34A4E1E6) : 0xE1 -> 0x00
[20:58:51] état+0xa8b (0x34A4E1E7) : 0xEC -> 0x1F
[20:58:51] état+0xa8e (0x34A4E1EA) : 0x00 -> 0x01
[20:58:51] état+0xa8f (0x34A4E1EB) : 0x00 -> 0x3A
[20:58:51] état+0xa90 (0x34A4E1EC) : 0x34 -> 0x06
[20:58:51] état+0xa91 (0x34A4E1ED) : 0xA4 -> 0x00
[20:58:51] état+0xa92 (0x34A4E1EE) : 0xE1 -> 0x00
[20:58:51] état+0xa93 (0x34A4E1EF) : 0xF4 -> 0x1F
[20:58:51] état+0xa96 (0x34A4E1F2) : 0x00 -> 0x01
[20:58:51] état+0xa97 (0x34A4E1F3) : 0x00 -> 0x3A
[20:58:51] état+0x1240 (0x34A4E99C) : 0x00 -> 0x34
[20:58:51] état+0x1241 (0x34A4E99D) : 0x00 -> 0xA4
[20:58:51] état+0x1242 (0x34A4E99E) : 0x00 -> 0xE1
[20:58:51] état+0x1243 (0x34A4E99F) : 0x00 -> 0xE4
[20:58:51] état+0x1244 (0x34A4E9A0) : 0x00 -> 0x34
[20:58:51] état+0x1245 (0x34A4E9A1) : 0x00 -> 0xA4
[20:58:51] état+0x1246 (0x34A4E9A2) : 0x00 -> 0xE1
[20:58:51] état+0x1247 (0x34A4E9A3) : 0x00 -> 0xEC
[20:59:28] état+0x04b (0x34A4D7A7) : 0x09 -> 0x0A
[20:59:28] état+0x113 (0x34A4D86F) : 0x00 -> 0x11
[20:59:28] état+0x12b (0x34A4D887) : 0x00 -> 0x0A
[20:59:28] état+0x19c (0x34A4D8F8) : 0x01 -> 0x00
[20:59:28] état+0x908 (0x34A4E064) : 0x88 -> 0xA8
[20:59:28] état+0x9aa (0x34A4E106) : 0x7A -> 0x77
[20:59:28] état+0x9ab (0x34A4E107) : 0xE5 -> 0x23
[20:59:28] 0x34A4FD33 (0x34A4FD33) : 0x00 -> 0x0C
[20:59:44] 0x34A4FFFF (0x34A4FFFF) : 0x02 -> 0x00
[21:00:29] état+0x15fb (0x34A4ED57) : 0x04 -> 0x05
[21:00:29] état+0x1607 (0x34A4ED63) : 0xA8 -> 0xB8
[21:00:29] état+0x164c (0x34A4EDA8) : 0x34 -> 0x3F
[21:00:29] état+0x164d (0x34A4EDA9) : 0xA4 -> 0x80
[21:00:29] état+0x164e (0x34A4EDAA) : 0xED -> 0x00
[21:00:29] état+0x164f (0x34A4EDAB) : 0xB8 -> 0x00
[21:00:29] état+0x1650 (0x34A4EDAC) : 0x00 -> 0x3E
[21:00:29] état+0x1651 (0x34A4EDAD) : 0x00 -> 0xD0
[21:00:29] état+0x1652 (0x34A4EDAE) : 0x00 -> 0x84
[21:00:29] état+0x1653 (0x34A4EDAF) : 0x00 -> 0x10
[21:00:29] état+0x1658 (0x34A4EDB4) : 0x00 -> 0x3F
[21:00:29] état+0x1659 (0x34A4EDB5) : 0x00 -> 0x80
[21:00:29] état+0x1c5c (0x34A4F3B8) : 0x00 -> 0x34
[21:00:29] état+0x1c5d (0x34A4F3B9) : 0x00 -> 0xA4
[21:00:29] état+0x1c5e (0x34A4F3BA) : 0x00 -> 0xED
[21:00:29] état+0x1c5f (0x34A4F3BB) : 0x00 -> 0xA8
[21:00:35] état+0x057 (0x34A4D7B3) : 0x04 -> 0x05
[21:00:35] état+0x07d (0x34A4D7D9) : 0x00 -> 0x08
[21:00:35] état+0x5c7 (0x34A4DD23) : 0x00 -> 0x01
[21:00:35] état+0x678 (0x34A4DDD4) : 0x00 -> 0x06
[21:00:35] état+0x67b (0x34A4DDD7) : 0x00 -> 0x08
[21:00:35] état+0x736 (0x34A4DE92) : 0x00 -> 0x01
[21:00:48] état+0x15fb (0x34A4ED57) : 0x05 -> 0x06
[21:00:48] état+0x1607 (0x34A4ED63) : 0xB8 -> 0xC8
[21:00:48] état+0x165c (0x34A4EDB8) : 0x34 -> 0x3F
[21:00:48] état+0x165d (0x34A4EDB9) : 0xA4 -> 0x80
[21:00:48] état+0x165e (0x34A4EDBA) : 0xED -> 0x00
[21:00:48] état+0x165f (0x34A4EDBB) : 0xC8 -> 0x00
[21:00:48] état+0x1660 (0x34A4EDBC) : 0x00 -> 0x3F
[21:00:48] état+0x1661 (0x34A4EDBD) : 0x00 -> 0x20
[21:00:48] état+0x1662 (0x34A4EDBE) : 0x00 -> 0x76
[21:00:48] état+0x1663 (0x34A4EDBF) : 0x00 -> 0xB7
[21:00:48] état+0x1668 (0x34A4EDC4) : 0x00 -> 0x3F
[21:00:48] état+0x1669 (0x34A4EDC5) : 0x00 -> 0x80
[21:00:48] état+0x1c60 (0x34A4F3BC) : 0x00 -> 0x34
[21:00:48] état+0x1c61 (0x34A4F3BD) : 0x00 -> 0xA4
[21:00:48] état+0x1c62 (0x34A4F3BE) : 0x00 -> 0xED
[21:00:48] état+0x1c63 (0x34A4F3BF) : 0x00 -> 0xB8
[21:00:50] état+0x057 (0x34A4D7B3) : 0x05 -> 0x06
[21:00:50] état+0x07e (0x34A4D7DA) : 0x00 -> 0x40
[21:00:50] état+0x5a7 (0x34A4DD03) : 0x00 -> 0x01
[21:00:50] état+0x67c (0x34A4DDD8) : 0x00 -> 0x06
[21:00:50] état+0x737 (0x34A4DE93) : 0x44 -> 0x45
[21:00:57] état+0x15fb (0x34A4ED57) : 0x06 -> 0x07
[21:00:57] état+0x1607 (0x34A4ED63) : 0xC8 -> 0xD8
[21:00:57] état+0x166c (0x34A4EDC8) : 0x34 -> 0x3F
[21:00:57] état+0x166d (0x34A4EDC9) : 0xA4 -> 0x80
[21:00:57] état+0x166e (0x34A4EDCA) : 0xED -> 0x00
[21:00:57] état+0x166f (0x34A4EDCB) : 0xD8 -> 0x00
[21:00:57] état+0x1670 (0x34A4EDCC) : 0x00 -> 0x3F
[21:00:57] état+0x1671 (0x34A4EDCD) : 0x00 -> 0x5C
[21:00:57] état+0x1672 (0x34A4EDCE) : 0x00 -> 0xDC
[21:00:57] état+0x1673 (0x34A4EDCF) : 0x00 -> 0xDE
[21:00:57] état+0x1678 (0x34A4EDD4) : 0x00 -> 0x3F
[21:00:57] état+0x1679 (0x34A4EDD5) : 0x00 -> 0x80
[21:00:57] état+0x1c64 (0x34A4F3C0) : 0x00 -> 0x34
[21:00:57] état+0x1c65 (0x34A4F3C1) : 0x00 -> 0xA4
[21:00:57] état+0x1c66 (0x34A4F3C2) : 0x00 -> 0xED
[21:00:57] état+0x1c67 (0x34A4F3C3) : 0x00 -> 0xC8
[21:01:02] état+0x057 (0x34A4D7B3) : 0x06 -> 0x07
[21:01:02] état+0x07d (0x34A4D7D9) : 0x08 -> 0x48
[21:01:02] état+0x5b3 (0x34A4DD0F) : 0x00 -> 0x01
[21:01:02] état+0x680 (0x34A4DDDC) : 0x00 -> 0x06
[21:01:02] état+0x683 (0x34A4DDDF) : 0x00 -> 0x03
[21:01:02] état+0x737 (0x34A4DE93) : 0x45 -> 0x4D
[21:01:09] état+0x15fb (0x34A4ED57) : 0x07 -> 0x08
[21:01:09] état+0x1607 (0x34A4ED63) : 0xD8 -> 0xE8
[21:01:09] état+0x167c (0x34A4EDD8) : 0x34 -> 0x3F
[21:01:09] état+0x167d (0x34A4EDD9) : 0xA4 -> 0x4A
[21:01:09] état+0x167e (0x34A4EDDA) : 0xED -> 0xB9
[21:01:09] état+0x167f (0x34A4EDDB) : 0xE8 -> 0x17
[21:01:09] état+0x1680 (0x34A4EDDC) : 0x00 -> 0x3B
[21:01:09] état+0x1681 (0x34A4EDDD) : 0x00 -> 0x81
[21:01:09] état+0x1682 (0x34A4EDDE) : 0x00 -> 0xC9
[21:01:09] état+0x1683 (0x34A4EDDF) : 0x00 -> 0xFC
[21:01:09] état+0x1684 (0x34A4EDE0) : 0x00 -> 0x3D
[21:01:09] état+0x1685 (0x34A4EDE1) : 0x00 -> 0x83
[21:01:09] état+0x1686 (0x34A4EDE2) : 0x00 -> 0xD1
[21:01:09] état+0x1687 (0x34A4EDE3) : 0x00 -> 0x88
[21:01:09] état+0x1688 (0x34A4EDE4) : 0x00 -> 0x3F
[21:01:09] état+0x1689 (0x34A4EDE5) : 0x00 -> 0x80
[21:01:09] état+0x1c68 (0x34A4F3C4) : 0x00 -> 0x34
[21:01:09] état+0x1c69 (0x34A4F3C5) : 0x00 -> 0xA4
[21:01:09] état+0x1c6a (0x34A4F3C6) : 0x00 -> 0xED
[21:01:09] état+0x1c6b (0x34A4F3C7) : 0x00 -> 0xD8
[21:01:14] état+0x057 (0x34A4D7B3) : 0x07 -> 0x08
[21:01:14] état+0x623 (0x34A4DD7F) : 0x00 -> 0x11
[21:01:14] état+0x684 (0x34A4DDE0) : 0x00 -> 0x06
[21:01:14] état+0x687 (0x34A4DDE3) : 0x00 -> 0x1F
[21:01:14] état+0x734 (0x34A4DE90) : 0x00 -> 0x40
[21:01:14] état+0x73c (0x34A4DE98) : 0x00 -> 0x06
[21:01:14] état+0x73f (0x34A4DE9B) : 0x00 -> 0x1E
[21:01:14] état+0x742 (0x34A4DE9E) : 0x00 -> 0x01
[21:01:14] état+0x743 (0x34A4DE9F) : 0x00 -> 0x3A
[21:01:14] état+0x747 (0x34A4DEA3) : 0x00 -> 0x11
[21:01:27] 0x34A4FD1C (0x34A4FD1C) : 0x00 -> 0x3F
[21:01:27] 0x34A4FD1D (0x34A4FD1D) : 0x00 -> 0x16
[21:01:27] 0x34A4FD1E (0x34A4FD1E) : 0x00 -> 0x96
[21:01:27] 0x34A4FD1F (0x34A4FD1F) : 0x00 -> 0x98
[21:01:27] 0x34A4FD20 (0x34A4FD20) : 0x00 -> 0x3F
[21:01:27] 0x34A4FD21 (0x34A4FD21) : 0x00 -> 0x80
[21:01:27] 0x34A4FD24 (0x34A4FD24) : 0x3F -> 0x00
[21:01:27] 0x34A4FD25 (0x34A4FD25) : 0x80 -> 0x00
[21:01:29] état+0x15fb (0x34A4ED57) : 0x08 -> 0x07
[21:01:29] état+0x1607 (0x34A4ED63) : 0xE8 -> 0x68
[21:01:29] état+0x160c (0x34A4ED68) : 0x3F -> 0x34
[21:01:29] état+0x160d (0x34A4ED69) : 0x16 -> 0xA4
[21:01:29] état+0x160e (0x34A4ED6A) : 0x96 -> 0xED
[21:01:29] état+0x160f (0x34A4ED6B) : 0x98 -> 0xE8
[21:01:29] état+0x1c4f (0x34A4F3AB) : 0x68 -> 0x78
[21:01:29] état+0x1c53 (0x34A4F3AF) : 0x78 -> 0x88
[21:01:29] état+0x1c57 (0x34A4F3B3) : 0x88 -> 0x98
[21:01:29] état+0x1c5b (0x34A4F3B7) : 0x98 -> 0xA8
[21:01:29] état+0x1c5f (0x34A4F3BB) : 0xA8 -> 0xB8
[21:01:29] état+0x1c63 (0x34A4F3BF) : 0xB8 -> 0xC8
[21:01:29] état+0x1c67 (0x34A4F3C3) : 0xC8 -> 0xD8
[21:01:31] état+0x051 (0x34A4D7AD) : 0x90 -> 0x60
[21:01:36] (adresse bruyante ignorée désormais : 0x34A4ED57)
[21:01:36] (adresse bruyante ignorée désormais : 0x34A4ED63)
[21:01:36] état+0x9f8 (0x34A4E154) : 0x06 -> 0x34
[21:01:36] état+0x9f9 (0x34A4E155) : 0x00 -> 0xA4
[21:01:36] état+0x9fa (0x34A4E156) : 0x00 -> 0xE1
[21:01:36] état+0x9fb (0x34A4E157) : 0x08 -> 0xF4
[21:01:36] état+0xa00 (0x34A4E15C) : 0x06 -> 0x34
[21:01:36] état+0xa01 (0x34A4E15D) : 0x00 -> 0xA4
[21:01:36] état+0xa02 (0x34A4E15E) : 0x00 -> 0xE1
[21:01:36] état+0xa03 (0x34A4E15F) : 0x00 -> 0x54
[21:01:36] état+0xa08 (0x34A4E164) : 0x06 -> 0x34
[21:01:36] état+0xa09 (0x34A4E165) : 0x00 -> 0xA4
[21:01:36] état+0xa0a (0x34A4E166) : 0x00 -> 0xE1
[21:01:36] état+0xa0b (0x34A4E167) : 0x03 -> 0x5C
[21:01:36] état+0xa10 (0x34A4E16C) : 0x06 -> 0x34
[21:01:36] état+0xa11 (0x34A4E16D) : 0x00 -> 0xA4
[21:01:36] état+0xa12 (0x34A4E16E) : 0x00 -> 0xE1
[21:01:36] état+0xa13 (0x34A4E16F) : 0x1F -> 0x64
[21:01:36] état+0xa18 (0x34A4E174) : 0x06 -> 0x34
[21:01:36] état+0xa19 (0x34A4E175) : 0x00 -> 0xA4
[21:01:36] état+0xa1a (0x34A4E176) : 0x00 -> 0xE1
[21:01:36] état+0xa1b (0x34A4E177) : 0x1F -> 0x6C
[21:01:36] état+0xa20 (0x34A4E17C) : 0x06 -> 0x34
[21:01:36] état+0xa21 (0x34A4E17D) : 0x00 -> 0xA4
[21:01:36] état+0xa22 (0x34A4E17E) : 0x00 -> 0xE1
[21:01:36] état+0xa23 (0x34A4E17F) : 0x1F -> 0x74
[21:01:36] état+0xa28 (0x34A4E184) : 0x06 -> 0x34
[21:01:36] état+0xa29 (0x34A4E185) : 0x00 -> 0xA4
[21:01:36] état+0xa2a (0x34A4E186) : 0x00 -> 0xE1
[21:01:36] état+0xa2b (0x34A4E187) : 0x1F -> 0x7C
[21:01:36] état+0xa30 (0x34A4E18C) : 0x06 -> 0x34
[21:01:36] état+0xa31 (0x34A4E18D) : 0x00 -> 0xA4
[21:01:36] état+0xa32 (0x34A4E18E) : 0x00 -> 0xE1
[21:01:36] état+0xa33 (0x34A4E18F) : 0x1F -> 0x84
[21:01:36] état+0xa38 (0x34A4E194) : 0x06 -> 0x34
[21:01:36] état+0xa39 (0x34A4E195) : 0x00 -> 0xA4
[21:01:36] état+0xa3a (0x34A4E196) : 0x00 -> 0xE1
[21:01:36] état+0xa3b (0x34A4E197) : 0x1F -> 0x8C
[21:01:36] état+0xa40 (0x34A4E19C) : 0x06 -> 0x34
[21:01:36] état+0xa41 (0x34A4E19D) : 0x00 -> 0xA4
[21:01:36] état+0xa42 (0x34A4E19E) : 0x00 -> 0xE1
[21:01:36] état+0xa43 (0x34A4E19F) : 0x1F -> 0x94
[21:01:36] ... et 62 autre(s) octet(s)
[21:01:43] 0x34A4FFFF (0x34A4FFFF) : 0x00 -> 0x02
[21:06:22] état+0x051 (0x34A4D7AD) : 0x60 -> 0xF0
[21:07:51] état+0x997 (0x34A4E0F3) : 0x08 -> 0x09
[21:08:56] état+0x19c (0x34A4D8F8) : 0x00 -> 0x01
[21:08:56] état+0x213 (0x34A4D96F) : 0x01 -> 0x00
[21:08:56] état+0x22f (0x34A4D98B) : 0x01 -> 0x00
[21:08:56] état+0x2a3 (0x34A4D9FF) : 0x01 -> 0x00
[21:08:56] état+0x2bf (0x34A4DA1B) : 0x01 -> 0x00
[21:08:56] état+0x54f (0x34A4DCAB) : 0x02 -> 0x00
[21:08:56] état+0x56b (0x34A4DCC7) : 0x02 -> 0x00
[21:08:56] état+0x9db (0x34A4E137) : 0x46 -> 0x50
[21:08:56] 0x34A4FD33 (0x34A4FD33) : 0x0C -> 0x00
[21:09:18] état+0x0f7 (0x34A4D853) : 0x01 -> 0x00
[21:09:18] état+0x0fb (0x34A4D857) : 0x0A -> 0x00
[21:09:18] état+0x113 (0x34A4D86F) : 0x11 -> 0x00
[21:09:18] état+0x123 (0x34A4D87F) : 0x58 -> 0x43
[21:09:18] état+0x127 (0x34A4D883) : 0x02 -> 0x00
[21:09:18] état+0x12b (0x34A4D887) : 0x0A -> 0x00
[21:14:42] 0x34A4FECC (0x34A4FECC) : 0x0E -> 0x0F
[21:15:33] 0x34A4FECB (0x34A4FECB) : 0x12 -> 0x52
[21:15:35] état+0x05b (0x34A4D7B7) : 0x1A -> 0x9A
[21:16:09] 0x34A4FF5E (0x34A4FF5E) : 0x87 -> 0xC7
[21:16:40] 0x34A4FD2C (0x34A4FD2C) : 0x02 -> 0x03
[21:16:40] 0x34A4FE29 (0x34A4FE29) : 0x07 -> 0x0F
[21:16:42] état+0x59f (0x34A4DCFB) : 0x00 -> 0x01
[21:17:59] état+0x808 (0x34A4DF64) : 0x00 -> 0x06
[21:17:59] état+0x80b (0x34A4DF67) : 0x00 -> 0x20
[21:17:59] état+0x80e (0x34A4DF6A) : 0x00 -> 0x01
[21:17:59] état+0x80f (0x34A4DF6B) : 0x00 -> 0x37
[21:17:59] état+0x813 (0x34A4DF6F) : 0x00 -> 0x01
[21:17:59] état+0xa90 (0x34A4E1EC) : 0x34 -> 0x06
[21:17:59] état+0xa91 (0x34A4E1ED) : 0xA4 -> 0x00
[21:17:59] état+0xa92 (0x34A4E1EE) : 0xE1 -> 0x00
[21:17:59] état+0xa93 (0x34A4E1EF) : 0xE4 -> 0x21
[21:17:59] état+0xa97 (0x34A4E1F3) : 0x3A -> 0x37
[21:17:59] état+0x11fb (0x34A4E957) : 0x54 -> 0xEC
[21:18:02] état+0x813 (0x34A4DF6F) : 0x01 -> 0x02
[21:18:02] état+0xa88 (0x34A4E1E4) : 0x34 -> 0x06
[21:18:02] état+0xa89 (0x34A4E1E5) : 0xA4 -> 0x00
[21:18:02] état+0xa8a (0x34A4E1E6) : 0xE1 -> 0x00
[21:18:02] état+0xa8b (0x34A4E1E7) : 0xDC -> 0x21
[21:18:02] état+0xa8f (0x34A4E1EB) : 0x3A -> 0x37
[21:18:02] état+0x11ff (0x34A4E95B) : 0x5C -> 0xE4
[21:18:05] état+0x813 (0x34A4DF6F) : 0x02 -> 0x05
[21:18:05] état+0xa70 (0x34A4E1CC) : 0x34 -> 0x06
[21:18:05] état+0xa71 (0x34A4E1CD) : 0xA4 -> 0x00
[21:18:05] état+0xa72 (0x34A4E1CE) : 0xE1 -> 0x00
[21:18:05] état+0xa73 (0x34A4E1CF) : 0xC4 -> 0x21
[21:18:05] état+0xa77 (0x34A4E1D3) : 0x3A -> 0x37
[21:18:05] état+0xa78 (0x34A4E1D4) : 0x34 -> 0x06
[21:18:05] état+0xa79 (0x34A4E1D5) : 0xA4 -> 0x00
[21:18:05] état+0xa7a (0x34A4E1D6) : 0xE1 -> 0x00
[21:18:05] état+0xa7b (0x34A4E1D7) : 0xCC -> 0x21
[21:18:05] état+0xa7f (0x34A4E1DB) : 0x3A -> 0x37
[21:18:05] état+0xa80 (0x34A4E1DC) : 0x34 -> 0x06
[21:18:05] état+0xa81 (0x34A4E1DD) : 0xA4 -> 0x00
[21:18:05] état+0xa82 (0x34A4E1DE) : 0xE1 -> 0x00
[21:18:05] état+0xa83 (0x34A4E1DF) : 0xD4 -> 0x21
[21:18:05] état+0xa87 (0x34A4E1E3) : 0x3A -> 0x37
[21:18:05] état+0x1203 (0x34A4E95F) : 0x64 -> 0xDC
[21:18:05] état+0x1207 (0x34A4E963) : 0x6C -> 0xD4
[21:18:05] état+0x120b (0x34A4E967) : 0x74 -> 0xCC
[21:18:06] état+0x813 (0x34A4DF6F) : 0x05 -> 0x07
[21:18:06] état+0xa60 (0x34A4E1BC) : 0x34 -> 0x06
[21:18:06] état+0xa61 (0x34A4E1BD) : 0xA4 -> 0x00
[21:18:06] état+0xa62 (0x34A4E1BE) : 0xE1 -> 0x00
[21:18:06] état+0xa63 (0x34A4E1BF) : 0xB4 -> 0x21
[21:18:06] état+0xa67 (0x34A4E1C3) : 0x3A -> 0x37
[21:18:06] état+0xa68 (0x34A4E1C4) : 0x34 -> 0x06
[21:18:06] état+0xa69 (0x34A4E1C5) : 0xA4 -> 0x00
[21:18:06] état+0xa6a (0x34A4E1C6) : 0xE1 -> 0x00
[21:18:06] état+0xa6b (0x34A4E1C7) : 0xBC -> 0x21
[21:18:06] état+0xa6f (0x34A4E1CB) : 0x3A -> 0x37
[21:18:06] état+0x120f (0x34A4E96B) : 0x7C -> 0xC4
[21:18:06] état+0x1213 (0x34A4E96F) : 0x84 -> 0xBC
[21:18:07] (adresse bruyante ignorée désormais : 0x34A4DF6F)
[21:18:07] état+0x59f (0x34A4DCFB) : 0x01 -> 0x02
[21:18:07] état+0xa58 (0x34A4E1B4) : 0x34 -> 0x06
[21:18:07] état+0xa59 (0x34A4E1B5) : 0xA4 -> 0x00
[21:18:07] état+0xa5a (0x34A4E1B6) : 0xE1 -> 0x00
[21:18:07] état+0xa5b (0x34A4E1B7) : 0xAC -> 0x21
[21:18:07] état+0xa5f (0x34A4E1BB) : 0x3A -> 0x37
[21:18:07] état+0x1217 (0x34A4E973) : 0x8C -> 0xB4
[21:18:08] état+0xa48 (0x34A4E1A4) : 0x34 -> 0x06
[21:18:08] état+0xa49 (0x34A4E1A5) : 0xA4 -> 0x00
[21:18:08] état+0xa4a (0x34A4E1A6) : 0xE1 -> 0x00
[21:18:08] état+0xa4b (0x34A4E1A7) : 0x9C -> 0x21
[21:18:08] état+0xa4f (0x34A4E1AB) : 0x3A -> 0x37
[21:18:08] état+0xa50 (0x34A4E1AC) : 0x34 -> 0x06
[21:18:08] état+0xa51 (0x34A4E1AD) : 0xA4 -> 0x00
[21:18:08] état+0xa52 (0x34A4E1AE) : 0xE1 -> 0x00
[21:18:08] état+0xa53 (0x34A4E1AF) : 0xA4 -> 0x21
[21:18:08] état+0xa57 (0x34A4E1B3) : 0x3A -> 0x37
[21:18:08] état+0x121b (0x34A4E977) : 0x94 -> 0xAC
[21:18:08] état+0x121f (0x34A4E97B) : 0x9C -> 0xA4
[21:18:09] état+0xa40 (0x34A4E19C) : 0x34 -> 0x06
[21:18:09] état+0xa41 (0x34A4E19D) : 0xA4 -> 0x00
[21:18:09] état+0xa42 (0x34A4E19E) : 0xE1 -> 0x00
[21:18:09] état+0xa43 (0x34A4E19F) : 0x94 -> 0x21
[21:18:09] état+0xa47 (0x34A4E1A3) : 0x3A -> 0x37
[21:18:09] état+0x1223 (0x34A4E97F) : 0xA4 -> 0x9C
[21:18:10] état+0xa18 (0x34A4E174) : 0x34 -> 0x06
[21:18:10] état+0xa19 (0x34A4E175) : 0xA4 -> 0x00
[21:18:10] état+0xa1a (0x34A4E176) : 0xE1 -> 0x00
[21:18:10] état+0xa1b (0x34A4E177) : 0x6C -> 0x21
[21:18:10] état+0xa1f (0x34A4E17B) : 0x3A -> 0x37
[21:18:10] état+0xa20 (0x34A4E17C) : 0x34 -> 0x06
[21:18:10] état+0xa21 (0x34A4E17D) : 0xA4 -> 0x00
[21:18:10] état+0xa22 (0x34A4E17E) : 0xE1 -> 0x00
[21:18:10] état+0xa23 (0x34A4E17F) : 0x74 -> 0x21
[21:18:10] état+0xa27 (0x34A4E183) : 0x3A -> 0x37
[21:18:10] état+0xa28 (0x34A4E184) : 0x34 -> 0x06
[21:18:10] état+0xa29 (0x34A4E185) : 0xA4 -> 0x00
[21:18:10] état+0xa2a (0x34A4E186) : 0xE1 -> 0x00
[21:18:10] état+0xa2b (0x34A4E187) : 0x7C -> 0x21
[21:18:10] état+0xa2f (0x34A4E18B) : 0x3A -> 0x37
[21:18:10] état+0xa30 (0x34A4E18C) : 0x34 -> 0x06
[21:18:10] état+0xa31 (0x34A4E18D) : 0xA4 -> 0x00
[21:18:10] état+0xa32 (0x34A4E18E) : 0xE1 -> 0x00
[21:18:10] état+0xa33 (0x34A4E18F) : 0x84 -> 0x21
[21:18:10] état+0xa37 (0x34A4E193) : 0x3A -> 0x37
[21:18:10] état+0xa38 (0x34A4E194) : 0x34 -> 0x06
[21:18:10] état+0xa39 (0x34A4E195) : 0xA4 -> 0x00
[21:18:10] état+0xa3a (0x34A4E196) : 0xE1 -> 0x00
[21:18:10] état+0xa3b (0x34A4E197) : 0x8C -> 0x21
[21:18:10] état+0xa3f (0x34A4E19B) : 0x3A -> 0x37
[21:18:10] état+0x1227 (0x34A4E983) : 0xAC -> 0x94
[21:18:10] état+0x122b (0x34A4E987) : 0xB4 -> 0x8C
[21:18:10] état+0x122f (0x34A4E98B) : 0xBC -> 0x84
[21:18:10] état+0x1233 (0x34A4E98F) : 0xC4 -> 0x7C
[21:18:10] état+0x1237 (0x34A4E993) : 0xCC -> 0x74
[21:18:11] état+0x9f8 (0x34A4E154) : 0x34 -> 0x06
[21:18:11] état+0x9f9 (0x34A4E155) : 0xA4 -> 0x00
[21:18:11] état+0x9fa (0x34A4E156) : 0xE1 -> 0x00
[21:18:11] état+0x9fb (0x34A4E157) : 0xF4 -> 0x21
[21:18:11] état+0x9ff (0x34A4E15B) : 0x33 -> 0x37
[21:18:11] état+0xa00 (0x34A4E15C) : 0x34 -> 0x06
[21:18:11] état+0xa01 (0x34A4E15D) : 0xA4 -> 0x00
[21:18:11] état+0xa02 (0x34A4E15E) : 0xE1 -> 0x00
[21:18:11] état+0xa03 (0x34A4E15F) : 0x54 -> 0x21
[21:18:11] état+0xa07 (0x34A4E163) : 0x2E -> 0x37
[21:18:11] état+0xa08 (0x34A4E164) : 0x34 -> 0x06
[21:18:11] état+0xa09 (0x34A4E165) : 0xA4 -> 0x00
[21:18:11] état+0xa0a (0x34A4E166) : 0xE1 -> 0x00
[21:18:11] état+0xa0b (0x34A4E167) : 0x5C -> 0x21
[21:18:11] état+0xa0f (0x34A4E16B) : 0x36 -> 0x37
[21:18:11] état+0xa10 (0x34A4E16C) : 0x34 -> 0x06
[21:18:11] état+0xa11 (0x34A4E16D) : 0xA4 -> 0x00
[21:18:11] état+0xa12 (0x34A4E16E) : 0xE1 -> 0x00
[21:18:11] état+0xa13 (0x34A4E16F) : 0x64 -> 0x21
[21:18:11] état+0xa17 (0x34A4E173) : 0x3A -> 0x37
[21:18:11] état+0x123b (0x34A4E997) : 0xD4 -> 0x6C
[21:18:11] état+0x123f (0x34A4E99B) : 0xDC -> 0x64
[21:18:11] état+0x1243 (0x34A4E99F) : 0xE4 -> 0x5C
[21:18:11] état+0x1247 (0x34A4E9A3) : 0xEC -> 0x54
[21:18:25] état+0x59f (0x34A4DCFB) : 0x02 -> 0x03
[21:18:28] état+0x59f (0x34A4DCFB) : 0x03 -> 0x04
[21:18:30] état+0x59f (0x34A4DCFB) : 0x04 -> 0x06
[21:19:31] état+0xa98 (0x34A4E1F4) : 0x34 -> 0x06
[21:19:31] état+0xa99 (0x34A4E1F5) : 0xA4 -> 0x00
[21:19:31] état+0xa9a (0x34A4E1F6) : 0xE1 -> 0x00
[21:19:31] état+0xa9b (0x34A4E1F7) : 0xFC -> 0x00
[21:19:31] état+0xa9e (0x34A4E1FA) : 0x00 -> 0x01
[21:19:31] état+0xa9f (0x34A4E1FB) : 0x00 -> 0x2F
[21:19:31] état+0x1248 (0x34A4E9A4) : 0x00 -> 0x34
[21:19:31] état+0x1249 (0x34A4E9A5) : 0x00 -> 0xA4
[21:19:31] état+0x124a (0x34A4E9A6) : 0x00 -> 0xE1
[21:19:31] état+0x124b (0x34A4E9A7) : 0x00 -> 0xF4
[21:20:26] état+0x59f (0x34A4DCFB) : 0x06 -> 0x07
[21:20:27] état+0x59f (0x34A4DCFB) : 0x07 -> 0x08
[21:20:28] 0x34A4FE29 (0x34A4FE29) : 0x0F -> 0x1F
[21:20:30] état+0x59b (0x34A4DCF7) : 0x00 -> 0x01
[21:20:30] état+0x59f (0x34A4DCFB) : 0x08 -> 0x00
[21:20:46] 0x34A4FF5E (0x34A4FF5E) : 0xC7 -> 0xD7
[21:21:05] 0x34A4FF5E (0x34A4FF5E) : 0xD7 -> 0xF7
[21:21:37] état+0x59f (0x34A4DCFB) : 0x00 -> 0x01
[21:22:32] état+0x59f (0x34A4DCFB) : 0x01 -> 0x03
[21:22:36] état+0x59f (0x34A4DCFB) : 0x03 -> 0x04
[21:23:09] état+0x9f2 (0x34A4E14E) : 0xE1 -> 0xE2
[21:23:09] état+0xaa0 (0x34A4E1FC) : 0x34 -> 0x06
[21:23:09] état+0xaa1 (0x34A4E1FD) : 0xA4 -> 0x00
[21:23:09] état+0xaa2 (0x34A4E1FE) : 0xE2 -> 0x00
[21:23:09] état+0xaa3 (0x34A4E1FF) : 0x04 -> 0x23
[21:23:09] état+0xaa6 (0x34A4E202) : 0x00 -> 0x01
[21:23:09] état+0xaa7 (0x34A4E203) : 0x00 -> 0x34
[21:23:09] état+0x124c (0x34A4E9A8) : 0x00 -> 0x34
[21:23:09] état+0x124d (0x34A4E9A9) : 0x00 -> 0xA4
[21:23:09] état+0x124e (0x34A4E9AA) : 0x00 -> 0xE1
[21:23:09] état+0x124f (0x34A4E9AB) : 0x00 -> 0xFC
[21:23:11] état+0x59f (0x34A4DCFB) : 0x04 -> 0x05
[21:24:29] 0x34A4FDC9 (0x34A4FDC9) : 0x03 -> 0x23
[21:24:50] état+0x04f (0x34A4D7AB) : 0x50 -> 0x58
[21:25:02] 0x34A4FF3F (0x34A4FF3F) : 0x02 -> 0x06
[21:25:02] 0x34A4FFFF (0x34A4FFFF) : 0x02 -> 0x01
[21:25:46] état+0xaa8 (0x34A4E204) : 0x34 -> 0x06
[21:25:46] état+0xaa9 (0x34A4E205) : 0xA4 -> 0x00
[21:25:46] état+0xaaa (0x34A4E206) : 0xE2 -> 0x00
[21:25:46] état+0xaab (0x34A4E207) : 0x0C -> 0x1F
[21:25:46] état+0xaae (0x34A4E20A) : 0x00 -> 0x01
[21:25:46] état+0xaaf (0x34A4E20B) : 0x00 -> 0x3A
[21:25:46] état+0x1250 (0x34A4E9AC) : 0x00 -> 0x34
[21:25:46] état+0x1251 (0x34A4E9AD) : 0x00 -> 0xA4
[21:25:46] état+0x1252 (0x34A4E9AE) : 0x00 -> 0xE2
[21:25:46] état+0x1253 (0x34A4E9AF) : 0x00 -> 0x04
[21:25:47] état+0xab0 (0x34A4E20C) : 0x34 -> 0x06
[21:25:47] état+0xab1 (0x34A4E20D) : 0xA4 -> 0x00
[21:25:47] état+0xab2 (0x34A4E20E) : 0xE2 -> 0x00
[21:25:47] état+0xab3 (0x34A4E20F) : 0x14 -> 0x1F
[21:25:47] état+0xab6 (0x34A4E212) : 0x00 -> 0x01
[21:25:47] état+0xab7 (0x34A4E213) : 0x00 -> 0x3A
[21:25:47] état+0x1254 (0x34A4E9B0) : 0x00 -> 0x34
[21:25:47] état+0x1255 (0x34A4E9B1) : 0x00 -> 0xA4
[21:25:47] état+0x1256 (0x34A4E9B2) : 0x00 -> 0xE2
[21:25:47] état+0x1257 (0x34A4E9B3) : 0x00 -> 0x0C
[21:25:59] état+0xab8 (0x34A4E214) : 0x34 -> 0x06
[21:25:59] état+0xab9 (0x34A4E215) : 0xA4 -> 0x00
[21:25:59] état+0xaba (0x34A4E216) : 0xE2 -> 0x00
[21:25:59] état+0xabb (0x34A4E217) : 0x1C -> 0x1F
[21:25:59] état+0xabe (0x34A4E21A) : 0x00 -> 0x01
[21:25:59] état+0xabf (0x34A4E21B) : 0x00 -> 0x3A
[21:25:59] état+0x1258 (0x34A4E9B4) : 0x00 -> 0x34
[21:25:59] état+0x1259 (0x34A4E9B5) : 0x00 -> 0xA4
[21:25:59] état+0x125a (0x34A4E9B6) : 0x00 -> 0xE2
[21:25:59] état+0x125b (0x34A4E9B7) : 0x00 -> 0x14
[21:26:11] 0x34A4FF3F (0x34A4FF3F) : 0x06 -> 0x0E
[21:27:09] 0x34A4FDC8 (0x34A4FDC8) : 0x00 -> 0x02
[21:27:57] état+0x25b (0x34A4D9B7) : 0x00 -> 0x01
[21:27:57] état+0x277 (0x34A4D9D3) : 0x00 -> 0x01
[21:27:57] état+0x42f (0x34A4DB8B) : 0x00 -> 0x01
[21:27:57] état+0x44b (0x34A4DBA7) : 0x00 -> 0x01
[21:27:57] état+0x54f (0x34A4DCAB) : 0x00 -> 0x01
[21:27:57] état+0x56b (0x34A4DCC7) : 0x00 -> 0x01
[21:27:57] état+0x573 (0x34A4DCCF) : 0x06 -> 0x07
[21:27:57] état+0x58f (0x34A4DCEB) : 0x06 -> 0x07
[21:27:58] état+0x213 (0x34A4D96F) : 0x00 -> 0x01
[21:27:58] état+0x22f (0x34A4D98B) : 0x00 -> 0x01
[21:27:58] état+0x25b (0x34A4D9B7) : 0x01 -> 0x03
[21:27:58] état+0x277 (0x34A4D9D3) : 0x01 -> 0x03
[21:27:58] état+0x3e7 (0x34A4DB43) : 0x02 -> 0x03
[21:27:58] état+0x403 (0x34A4DB5F) : 0x02 -> 0x03
[21:27:58] état+0x42f (0x34A4DB8B) : 0x01 -> 0x03
[21:27:58] état+0x44b (0x34A4DBA7) : 0x01 -> 0x03
[21:27:58] état+0x54f (0x34A4DCAB) : 0x01 -> 0x04
[21:27:58] état+0x56b (0x34A4DCC7) : 0x01 -> 0x04
[21:27:58] état+0x573 (0x34A4DCCF) : 0x07 -> 0x0A
[21:27:58] état+0x58f (0x34A4DCEB) : 0x07 -> 0x0A
[21:28:29] état+0x25b (0x34A4D9B7) : 0x03 -> 0x07
[21:28:29] état+0x277 (0x34A4D9D3) : 0x03 -> 0x07
[21:28:29] état+0x42f (0x34A4DB8B) : 0x03 -> 0x07
[21:28:29] état+0x44b (0x34A4DBA7) : 0x03 -> 0x07
[21:28:29] état+0x54f (0x34A4DCAB) : 0x04 -> 0x08
[21:28:29] état+0x56b (0x34A4DCC7) : 0x04 -> 0x08
[21:28:29] état+0x573 (0x34A4DCCF) : 0x0A -> 0x0E
[21:28:29] état+0x58f (0x34A4DCEB) : 0x0A -> 0x0E
[21:28:30] état+0x25b (0x34A4D9B7) : 0x07 -> 0x08
[21:28:30] état+0x277 (0x34A4D9D3) : 0x07 -> 0x08
[21:28:30] état+0x42f (0x34A4DB8B) : 0x07 -> 0x08
[21:28:30] état+0x44b (0x34A4DBA7) : 0x07 -> 0x08
[21:28:30] état+0x54f (0x34A4DCAB) : 0x08 -> 0x09
[21:28:30] état+0x56b (0x34A4DCC7) : 0x08 -> 0x09
[21:28:30] état+0x573 (0x34A4DCCF) : 0x0E -> 0x0F
[21:28:30] état+0x58f (0x34A4DCEB) : 0x0E -> 0x0F
[21:28:41] état+0x59b (0x34A4DCF7) : 0x01 -> 0x00
[21:28:41] 0x34A4FE29 (0x34A4FE29) : 0x1F -> 0x3F
[21:29:07] 0x34A4FDC8 (0x34A4FDC8) : 0x02 -> 0x06
[21:30:44] état+0x04b (0x34A4D7A7) : 0x0A -> 0x0B
[21:30:44] état+0x0f7 (0x34A4D853) : 0x00 -> 0x01
[21:30:44] état+0x0fb (0x34A4D857) : 0x00 -> 0x1D
[21:30:44] état+0x113 (0x34A4D86F) : 0x00 -> 0x15
[21:30:44] état+0x123 (0x34A4D87F) : 0x43 -> 0x49
[21:30:44] état+0x127 (0x34A4D883) : 0x00 -> 0x01
[21:30:44] état+0x12b (0x34A4D887) : 0x00 -> 0x1A
[21:30:44] état+0x19c (0x34A4D8F8) : 0x01 -> 0x00
[21:30:44] état+0x9aa (0x34A4E106) : 0x77 -> 0x80
[21:30:44] état+0x9ab (0x34A4E107) : 0x23 -> 0xC8
[21:30:44] 0x34A4FD33 (0x34A4FD33) : 0x00 -> 0x08
[21:31:28] état+0x72d (0x34A4DE89) : 0x00 -> 0x40
[21:31:53] état+0x164c (0x34A4EDA8) : 0x34 -> 0x3C
[21:31:53] état+0x164d (0x34A4EDA9) : 0xA4 -> 0x09
[21:31:53] état+0x164e (0x34A4EDAA) : 0xED -> 0xB1
[21:31:53] état+0x164f (0x34A4EDAB) : 0x98 -> 0xC0
[21:31:53] état+0x1650 (0x34A4EDAC) : 0x3E -> 0x3F
[21:31:53] état+0x1651 (0x34A4EDAD) : 0xD0 -> 0x80
[21:31:53] état+0x1652 (0x34A4EDAE) : 0x84 -> 0x00
[21:31:53] état+0x1653 (0x34A4EDAF) : 0x10 -> 0x00
[21:31:53] état+0x1654 (0x34A4EDB0) : 0x00 -> 0x3F
[21:31:53] état+0x1655 (0x34A4EDB1) : 0x00 -> 0x28
[21:31:53] état+0x1656 (0x34A4EDB2) : 0x00 -> 0x75
[21:31:53] état+0x1657 (0x34A4EDB3) : 0x00 -> 0x8C
[21:31:53] état+0x1c5b (0x34A4F3B7) : 0xD8 -> 0xA8
[21:31:59] état+0x057 (0x34A4D7B3) : 0x08 -> 0x09
[21:31:59] état+0x07d (0x34A4D7D9) : 0x48 -> 0xC8
[21:31:59] état+0x627 (0x34A4DD83) : 0x00 -> 0x01
[21:31:59] état+0x62b (0x34A4DD87) : 0x00 -> 0x14
[21:31:59] état+0x688 (0x34A4DDE4) : 0x00 -> 0x06
[21:31:59] état+0x68b (0x34A4DDE7) : 0x00 -> 0x21
[21:31:59] état+0x73b (0x34A4DE97) : 0x00 -> 0x01
[21:31:59] état+0x748 (0x34A4DEA4) : 0x00 -> 0x06
[21:31:59] état+0x74b (0x34A4DEA7) : 0x00 -> 0x20
[21:31:59] état+0x74e (0x34A4DEAA) : 0x00 -> 0x01
[21:31:59] état+0x74f (0x34A4DEAB) : 0x00 -> 0x37
[21:31:59] état+0x753 (0x34A4DEAF) : 0x00 -> 0x14
[21:32:07] état+0x163c (0x34A4ED98) : 0x34 -> 0x3F
[21:32:07] état+0x163d (0x34A4ED99) : 0xA4 -> 0x7F
[21:32:07] état+0x163e (0x34A4ED9A) : 0xED -> 0xFD
[21:32:07] état+0x163f (0x34A4ED9B) : 0x88 -> 0xC4
[21:32:07] état+0x1640 (0x34A4ED9C) : 0x3B -> 0x3F
[21:32:07] état+0x1641 (0x34A4ED9D) : 0x4A -> 0x59
[21:32:07] état+0x1642 (0x34A4ED9E) : 0x29 -> 0x4C
[21:32:07] état+0x1643 (0x34A4ED9F) : 0x00 -> 0xB7
[21:32:07] état+0x1644 (0x34A4EDA0) : 0x3E -> 0x00
[21:32:07] état+0x1645 (0x34A4EDA1) : 0x48 -> 0x00
[21:32:07] état+0x1646 (0x34A4EDA2) : 0xD2 -> 0x00
[21:32:07] état+0x1647 (0x34A4EDA3) : 0x11 -> 0x00
[21:32:07] état+0x1c5f (0x34A4F3BB) : 0xD8 -> 0x98
[21:32:09] état+0x07e (0x34A4D7DA) : 0x40 -> 0xC0
[21:32:09] état+0x5a7 (0x34A4DD03) : 0x01 -> 0x02
[21:32:13] état+0x733 (0x34A4DE8F) : 0x00 -> 0x03
[21:32:16] état+0x162c (0x34A4ED88) : 0x34 -> 0x3F
[21:32:16] état+0x162d (0x34A4ED89) : 0xA4 -> 0x80
[21:32:16] état+0x162e (0x34A4ED8A) : 0xED -> 0x00
[21:32:16] état+0x162f (0x34A4ED8B) : 0x78 -> 0x00
[21:32:16] état+0x1630 (0x34A4ED8C) : 0x00 -> 0x3F
[21:32:16] état+0x1631 (0x34A4ED8D) : 0x00 -> 0x80
[21:32:16] état+0x1637 (0x34A4ED93) : 0xD0 -> 0xC8
[21:32:16] état+0x1c63 (0x34A4F3BF) : 0xD8 -> 0x88
[21:32:17] état+0x057 (0x34A4D7B3) : 0x09 -> 0x0A
[21:32:17] état+0x07d (0x34A4D7D9) : 0xC8 -> 0xD8
[21:32:17] état+0x633 (0x34A4DD8F) : 0x00 -> 0x01
[21:32:17] état+0x68c (0x34A4DDE8) : 0x00 -> 0x06
[21:32:17] état+0x68f (0x34A4DDEB) : 0x00 -> 0x23
[21:32:17] état+0x72c (0x34A4DE88) : 0x00 -> 0xC0
[21:32:17] état+0x73b (0x34A4DE97) : 0x01 -> 0x09
[21:32:17] 0x34A4FF5D (0x34A4FF5D) : 0x5B -> 0x5F
[21:32:17] 0x34A4FFFF (0x34A4FFFF) : 0x01 -> 0x02
[21:32:21] état+0x72d (0x34A4DE89) : 0x40 -> 0x60
[21:32:31] état+0x07c (0x34A4D7D8) : 0x08 -> 0x0C
[21:32:31] état+0x61f (0x34A4DD7B) : 0x00 -> 0x01
[21:32:31] état+0x623 (0x34A4DD7F) : 0x11 -> 0x14
[21:32:31] état+0x72c (0x34A4DE88) : 0xC0 -> 0x80
[21:32:31] état+0x747 (0x34A4DEA3) : 0x11 -> 0x14
[21:32:37] 0x34A4FD1D (0x34A4FD1D) : 0x16 -> 0x80
[21:32:37] 0x34A4FD1E (0x34A4FD1E) : 0x96 -> 0x00
[21:32:37] 0x34A4FD1F (0x34A4FD1F) : 0x98 -> 0x00
[21:32:37] 0x34A4FD21 (0x34A4FD21) : 0x80 -> 0x20
[21:32:37] 0x34A4FD22 (0x34A4FD22) : 0x00 -> 0x76
[21:32:37] 0x34A4FD23 (0x34A4FD23) : 0x00 -> 0xB7
[21:32:40] état+0x165c (0x34A4EDB8) : 0x3F -> 0x34
[21:32:40] état+0x165d (0x34A4EDB9) : 0x80 -> 0xA4
[21:32:40] état+0x165e (0x34A4EDBA) : 0x00 -> 0xED
[21:32:40] état+0x165f (0x34A4EDBB) : 0x00 -> 0x78
[21:32:40] état+0x1c4f (0x34A4F3AB) : 0xB8 -> 0xC8
[21:32:40] état+0x1c53 (0x34A4F3AF) : 0xC8 -> 0xD8
[21:32:40] état+0x1c57 (0x34A4F3B3) : 0xD8 -> 0xA8
[21:32:40] état+0x1c5b (0x34A4F3B7) : 0xA8 -> 0x98
[21:32:40] état+0x1c5f (0x34A4F3BB) : 0x98 -> 0x88
[21:32:42] état+0x051 (0x34A4D7AD) : 0xF0 -> 0xD0
[21:32:46] état+0x9f8 (0x34A4E154) : 0x06 -> 0x34
[21:32:46] état+0x9f9 (0x34A4E155) : 0x00 -> 0xA4
[21:32:46] état+0x9fa (0x34A4E156) : 0x00 -> 0xE1
[21:32:46] état+0x9fb (0x34A4E157) : 0x21 -> 0x5C
[21:32:46] état+0xa00 (0x34A4E15C) : 0x06 -> 0x34
[21:32:46] état+0xa01 (0x34A4E15D) : 0x00 -> 0xA4
[21:32:46] état+0xa02 (0x34A4E15E) : 0x00 -> 0xE1
[21:32:46] état+0xa03 (0x34A4E15F) : 0x21 -> 0x64
[21:32:46] état+0xa08 (0x34A4E164) : 0x06 -> 0x34
[21:32:46] état+0xa09 (0x34A4E165) : 0x00 -> 0xA4
[21:32:46] état+0xa0a (0x34A4E166) : 0x00 -> 0xE1
[21:32:46] état+0xa0b (0x34A4E167) : 0x21 -> 0x6C
[21:32:46] état+0xa10 (0x34A4E16C) : 0x06 -> 0x34
[21:32:46] état+0xa11 (0x34A4E16D) : 0x00 -> 0xA4
[21:32:46] état+0xa12 (0x34A4E16E) : 0x00 -> 0xE1
[21:32:46] état+0xa13 (0x34A4E16F) : 0x21 -> 0x74
[21:32:46] état+0xa18 (0x34A4E174) : 0x06 -> 0x34
[21:32:46] état+0xa19 (0x34A4E175) : 0x00 -> 0xA4
[21:32:46] état+0xa1a (0x34A4E176) : 0x00 -> 0xE1
[21:32:46] état+0xa1b (0x34A4E177) : 0x21 -> 0x7C
[21:32:46] état+0xa20 (0x34A4E17C) : 0x06 -> 0x34
[21:32:46] état+0xa21 (0x34A4E17D) : 0x00 -> 0xA4
[21:32:46] état+0xa22 (0x34A4E17E) : 0x00 -> 0xE1
[21:32:46] état+0xa23 (0x34A4E17F) : 0x21 -> 0x84
[21:32:46] état+0xa28 (0x34A4E184) : 0x06 -> 0x34
[21:32:46] état+0xa29 (0x34A4E185) : 0x00 -> 0xA4
[21:32:46] état+0xa2a (0x34A4E186) : 0x00 -> 0xE1
[21:32:46] état+0xa2b (0x34A4E187) : 0x21 -> 0x8C
[21:32:46] état+0xa30 (0x34A4E18C) : 0x06 -> 0x34
[21:32:46] état+0xa31 (0x34A4E18D) : 0x00 -> 0xA4
[21:32:46] état+0xa32 (0x34A4E18E) : 0x00 -> 0xE1
[21:32:46] état+0xa33 (0x34A4E18F) : 0x21 -> 0x94
[21:32:46] état+0xa38 (0x34A4E194) : 0x06 -> 0x34
[21:32:46] état+0xa39 (0x34A4E195) : 0x00 -> 0xA4
[21:32:46] état+0xa3a (0x34A4E196) : 0x00 -> 0xE1
[21:32:46] état+0xa3b (0x34A4E197) : 0x21 -> 0x9C
[21:32:46] état+0xa40 (0x34A4E19C) : 0x06 -> 0x34
[21:32:46] état+0xa41 (0x34A4E19D) : 0x00 -> 0xA4
[21:32:46] état+0xa42 (0x34A4E19E) : 0x00 -> 0xE1
[21:32:46] état+0xa43 (0x34A4E19F) : 0x21 -> 0xA4
[21:32:46] ... et 69 autre(s) octet(s)
[21:34:26] état+0x050 (0x34A4D7AC) : 0x40 -> 0x41
[21:34:26] état+0x051 (0x34A4D7AD) : 0xD0 -> 0x10
[21:34:56] état+0x997 (0x34A4E0F3) : 0x09 -> 0x0A
[21:35:25] Lecture impossible (ReadProcessMemory(0x1F3C003C000, 16384) a échoué (erreur Windows 299: Seule une partie d’une requête ReadProcessMemory ou WriteProcessMemory a été effectuée.)) : jeu fermé ?
[21:35:25] Journal arrêté.
